###############################################################################
#
# IAR ELF Linker V7.30.3.8024/W32 for ARM                 25/Jul/2018  13:37:50
# Copyright 2007-2014 IAR Systems AB.
#
#    Output file  =  
#        E:\工作\stm32开发\WIFI\MX3165-MODBUS-1\Build\modbus\\MiCOKit-3165\modbus.out
#    Map file     =  
#        E:\工作\stm32开发\WIFI\MX3165-MODBUS-1\Build\modbus\\MiCOKit-3165\list_EWARM\modbus.map
#    Command line =  
#        E:\工作\stm32开发\WIFI\MX3165-MODBUS-1\Build\modbus\MiCOKit-3165\obj_EWARM\AESUtils.o
#        E:\工作\stm32开发\WIFI\MX3165-MODBUS-1\Build\modbus\MiCOKit-3165\obj_EWARM\airkiss_discovery.o
#        E:\工作\stm32开发\WIFI\MX3165-MODBUS-1\Build\modbus\MiCOKit-3165\obj_EWARM\APDS9930.o
#        E:\工作\stm32开发\WIFI\MX3165-MODBUS-1\Build\modbus\MiCOKit-3165\obj_EWARM\arraylist.o
#        E:\工作\stm32开发\WIFI\MX3165-MODBUS-1\Build\modbus\MiCOKit-3165\obj_EWARM\AsciiLib.o
#        E:\工作\stm32开发\WIFI\MX3165-MODBUS-1\Build\modbus\MiCOKit-3165\obj_EWARM\base64.o
#        E:\工作\stm32开发\WIFI\MX3165-MODBUS-1\Build\modbus\MiCOKit-3165\obj_EWARM\bma2x2.o
#        E:\工作\stm32开发\WIFI\MX3165-MODBUS-1\Build\modbus\MiCOKit-3165\obj_EWARM\bma2x2_user.o
#        E:\工作\stm32开发\WIFI\MX3165-MODBUS-1\Build\modbus\MiCOKit-3165\obj_EWARM\bme280.o
#        E:\工作\stm32开发\WIFI\MX3165-MODBUS-1\Build\modbus\MiCOKit-3165\obj_EWARM\bme280_user.o
#        E:\工作\stm32开发\WIFI\MX3165-MODBUS-1\Build\modbus\MiCOKit-3165\obj_EWARM\bmg160.o
#        E:\工作\stm32开发\WIFI\MX3165-MODBUS-1\Build\modbus\MiCOKit-3165\obj_EWARM\bmg160_user.o
#        E:\工作\stm32开发\WIFI\MX3165-MODBUS-1\Build\modbus\MiCOKit-3165\obj_EWARM\bmm050.o
#        E:\工作\stm32开发\WIFI\MX3165-MODBUS-1\Build\modbus\MiCOKit-3165\obj_EWARM\bmm050_user.o
#        E:\工作\stm32开发\WIFI\MX3165-MODBUS-1\Build\modbus\MiCOKit-3165\obj_EWARM\button.o
#        E:\工作\stm32开发\WIFI\MX3165-MODBUS-1\Build\modbus\MiCOKit-3165\obj_EWARM\CheckSumUtils.o
#        E:\工作\stm32开发\WIFI\MX3165-MODBUS-1\Build\modbus\MiCOKit-3165\obj_EWARM\config_server.o
#        E:\工作\stm32开发\WIFI\MX3165-MODBUS-1\Build\modbus\MiCOKit-3165\obj_EWARM\config_server_menu.o
#        E:\工作\stm32开发\WIFI\MX3165-MODBUS-1\Build\modbus\MiCOKit-3165\obj_EWARM\croutine.o
#        E:\工作\stm32开发\WIFI\MX3165-MODBUS-1\Build\modbus\MiCOKit-3165\obj_EWARM\crt0_EWARM.o
#        E:\工作\stm32开发\WIFI\MX3165-MODBUS-1\Build\modbus\MiCOKit-3165\obj_EWARM\curve25519-donna.o
#        E:\工作\stm32开发\WIFI\MX3165-MODBUS-1\Build\modbus\MiCOKit-3165\obj_EWARM\dc_motor.o
#        E:\工作\stm32开发\WIFI\MX3165-MODBUS-1\Build\modbus\MiCOKit-3165\obj_EWARM\DHT11.o
#        E:\工作\stm32开发\WIFI\MX3165-MODBUS-1\Build\modbus\MiCOKit-3165\obj_EWARM\event_groups.o
#        E:\工作\stm32开发\WIFI\MX3165-MODBUS-1\Build\modbus\MiCOKit-3165\obj_EWARM\fog2_ota_notification.o
#        E:\工作\stm32开发\WIFI\MX3165-MODBUS-1\Build\modbus\MiCOKit-3165\obj_EWARM\fog_bonjour.o
#        E:\工作\stm32开发\WIFI\MX3165-MODBUS-1\Build\modbus\MiCOKit-3165\obj_EWARM\fog_http_client.o
#        E:\工作\stm32开发\WIFI\MX3165-MODBUS-1\Build\modbus\MiCOKit-3165\obj_EWARM\fog_mqtt.o
#        E:\工作\stm32开发\WIFI\MX3165-MODBUS-1\Build\modbus\MiCOKit-3165\obj_EWARM\fog_ota.o
#        E:\工作\stm32开发\WIFI\MX3165-MODBUS-1\Build\modbus\MiCOKit-3165\obj_EWARM\fog_process_mqtt_cmd.o
#        E:\工作\stm32开发\WIFI\MX3165-MODBUS-1\Build\modbus\MiCOKit-3165\obj_EWARM\fog_tcp_server.o
#        E:\工作\stm32开发\WIFI\MX3165-MODBUS-1\Build\modbus\MiCOKit-3165\obj_EWARM\fog_v2.o
#        E:\工作\stm32开发\WIFI\MX3165-MODBUS-1\Build\modbus\MiCOKit-3165\obj_EWARM\fog_v2_sub.o
#        E:\工作\stm32开发\WIFI\MX3165-MODBUS-1\Build\modbus\MiCOKit-3165\obj_EWARM\fog_v2_sub_device_management.o
#        E:\工作\stm32开发\WIFI\MX3165-MODBUS-1\Build\modbus\MiCOKit-3165\obj_EWARM\fog_v2_user_notification.o
#        E:\工作\stm32开发\WIFI\MX3165-MODBUS-1\Build\modbus\MiCOKit-3165\obj_EWARM\hardfault.o
#        E:\工作\stm32开发\WIFI\MX3165-MODBUS-1\Build\modbus\MiCOKit-3165\obj_EWARM\heap_3.o
#        E:\工作\stm32开发\WIFI\MX3165-MODBUS-1\Build\modbus\MiCOKit-3165\obj_EWARM\hkdf.o
#        E:\工作\stm32开发\WIFI\MX3165-MODBUS-1\Build\modbus\MiCOKit-3165\obj_EWARM\hmac.o
#        E:\工作\stm32开发\WIFI\MX3165-MODBUS-1\Build\modbus\MiCOKit-3165\obj_EWARM\hsb2rgb_led.o
#        E:\工作\stm32开发\WIFI\MX3165-MODBUS-1\Build\modbus\MiCOKit-3165\obj_EWARM\hts221.o
#        E:\工作\stm32开发\WIFI\MX3165-MODBUS-1\Build\modbus\MiCOKit-3165\obj_EWARM\http-strings.o
#        E:\工作\stm32开发\WIFI\MX3165-MODBUS-1\Build\modbus\MiCOKit-3165\obj_EWARM\http_parse.o
#        E:\工作\stm32开发\WIFI\MX3165-MODBUS-1\Build\modbus\MiCOKit-3165\obj_EWARM\httpd.o
#        E:\工作\stm32开发\WIFI\MX3165-MODBUS-1\Build\modbus\MiCOKit-3165\obj_EWARM\httpd_handle.o
#        E:\工作\stm32开发\WIFI\MX3165-MODBUS-1\Build\modbus\MiCOKit-3165\obj_EWARM\httpd_ssi.o
#        E:\工作\stm32开发\WIFI\MX3165-MODBUS-1\Build\modbus\MiCOKit-3165\obj_EWARM\httpd_sys.o
#        E:\工作\stm32开发\WIFI\MX3165-MODBUS-1\Build\modbus\MiCOKit-3165\obj_EWARM\httpd_wsgi.o
#        E:\工作\stm32开发\WIFI\MX3165-MODBUS-1\Build\modbus\MiCOKit-3165\obj_EWARM\HTTPUtils.o
#        E:\工作\stm32开发\WIFI\MX3165-MODBUS-1\Build\modbus\MiCOKit-3165\obj_EWARM\infrared_reflective.o
#        E:\工作\stm32开发\WIFI\MX3165-MODBUS-1\Build\modbus\MiCOKit-3165\obj_EWARM\json_debug.o
#        E:\工作\stm32开发\WIFI\MX3165-MODBUS-1\Build\modbus\MiCOKit-3165\obj_EWARM\json_object.o
#        E:\工作\stm32开发\WIFI\MX3165-MODBUS-1\Build\modbus\MiCOKit-3165\obj_EWARM\json_tokener.o
#        E:\工作\stm32开发\WIFI\MX3165-MODBUS-1\Build\modbus\MiCOKit-3165\obj_EWARM\json_util.o
#        E:\工作\stm32开发\WIFI\MX3165-MODBUS-1\libraries\daemons\homekit_server\Lib_HomeKit_Server.Cortex-M4F.IAR.release.a
#        E:\工作\stm32开发\WIFI\MX3165-MODBUS-1\MiCO\system\easylink\MFi_WAC\Lib_MFi_WAC.Cortex-M4F.IAR.release.a
#        E:\工作\stm32开发\WIFI\MX3165-MODBUS-1\MiCO\security\Sodium\Lib_Sodium.IAR.release.a
#        E:\工作\stm32开发\WIFI\MX3165-MODBUS-1\MiCO\security\SRP_6a\Lib_SRP6a.IAR.release.a
#        E:\工作\stm32开发\WIFI\MX3165-MODBUS-1\MiCO\security\TLS\wolfSSL\Lib_wolfSSL.Cortex-M4F.IAR.release.a
#        E:\工作\stm32开发\WIFI\MX3165-MODBUS-1\MiCO\system\easylink\airkiss_discovery\lib_airkiss\libairkiss.a
#        E:\工作\stm32开发\WIFI\MX3165-MODBUS-1\Build\modbus\MiCOKit-3165\obj_EWARM\light_sensor.o
#        E:\工作\stm32开发\WIFI\MX3165-MODBUS-1\Build\modbus\MiCOKit-3165\obj_EWARM\linkhash.o
#        E:\工作\stm32开发\WIFI\MX3165-MODBUS-1\Build\modbus\MiCOKit-3165\obj_EWARM\LinkListUtils.o
#        E:\工作\stm32开发\WIFI\MX3165-MODBUS-1\Build\modbus\MiCOKit-3165\obj_EWARM\list.o
#        E:\工作\stm32开发\WIFI\MX3165-MODBUS-1\Build\modbus\MiCOKit-3165\obj_EWARM\lps25hb.o
#        E:\工作\stm32开发\WIFI\MX3165-MODBUS-1\Build\modbus\MiCOKit-3165\obj_EWARM\lsm9ds1_acc_gyr.o
#        E:\工作\stm32开发\WIFI\MX3165-MODBUS-1\Build\modbus\MiCOKit-3165\obj_EWARM\lsm9ds1_mag.o
#        E:\工作\stm32开发\WIFI\MX3165-MODBUS-1\MiCO\core\MiCO.1062.SDIO.Cortex-M4.IAR.a
#        E:\工作\stm32开发\WIFI\MX3165-MODBUS-1\Build\modbus\MiCOKit-3165\obj_EWARM\mico_cli.o
#        E:\工作\stm32开发\WIFI\MX3165-MODBUS-1\Build\modbus\MiCOKit-3165\obj_EWARM\mico_config.o
#        E:\工作\stm32开发\WIFI\MX3165-MODBUS-1\Build\modbus\MiCOKit-3165\obj_EWARM\mico_mdns.o
#        E:\工作\stm32开发\WIFI\MX3165-MODBUS-1\Build\modbus\MiCOKit-3165\obj_EWARM\mico_platform_common.o
#        E:\工作\stm32开发\WIFI\MX3165-MODBUS-1\Build\modbus\MiCOKit-3165\obj_EWARM\mico_rtos.o
#        E:\工作\stm32开发\WIFI\MX3165-MODBUS-1\Build\modbus\MiCOKit-3165\obj_EWARM\mico_rtos_common.o
#        E:\工作\stm32开发\WIFI\MX3165-MODBUS-1\Build\modbus\MiCOKit-3165\obj_EWARM\mico_socket.o
#        E:\工作\stm32开发\WIFI\MX3165-MODBUS-1\Build\modbus\MiCOKit-3165\obj_EWARM\mico_system_init.o
#        E:\工作\stm32开发\WIFI\MX3165-MODBUS-1\Build\modbus\MiCOKit-3165\obj_EWARM\mico_system_monitor.o
#        E:\工作\stm32开发\WIFI\MX3165-MODBUS-1\Build\modbus\MiCOKit-3165\obj_EWARM\mico_system_notification.o
#        E:\工作\stm32开发\WIFI\MX3165-MODBUS-1\Build\modbus\MiCOKit-3165\obj_EWARM\mico_system_para_storage.o
#        E:\工作\stm32开发\WIFI\MX3165-MODBUS-1\Build\modbus\MiCOKit-3165\obj_EWARM\mico_system_power_daemon.o
#        E:\工作\stm32开发\WIFI\MX3165-MODBUS-1\Build\modbus\MiCOKit-3165\obj_EWARM\mico_system_time.o
#        E:\工作\stm32开发\WIFI\MX3165-MODBUS-1\Build\modbus\MiCOKit-3165\obj_EWARM\MICOAppEntrance.o
#        E:\工作\stm32开发\WIFI\MX3165-MODBUS-1\libraries\drivers\MiCODriverMFiAuth\MiCODriverMFiAuth.a
#        E:\工作\stm32开发\WIFI\MX3165-MODBUS-1\Build\modbus\MiCOKit-3165\obj_EWARM\micokit_ext.o
#        E:\工作\stm32开发\WIFI\MX3165-MODBUS-1\Build\modbus\MiCOKit-3165\obj_EWARM\micokit_ext_mfg.o
#        E:\工作\stm32开发\WIFI\MX3165-MODBUS-1\Build\modbus\MiCOKit-3165\obj_EWARM\MiCOKit_STmems.o
#        E:\工作\stm32开发\WIFI\MX3165-MODBUS-1\Build\modbus\MiCOKit-3165\obj_EWARM\misc.o
#        E:\工作\stm32开发\WIFI\MX3165-MODBUS-1\Build\modbus\MiCOKit-3165\obj_EWARM\motion_sensor.o
#        E:\工作\stm32开发\WIFI\MX3165-MODBUS-1\Build\modbus\MiCOKit-3165\obj_EWARM\MQTTClient.o
#        E:\工作\stm32开发\WIFI\MX3165-MODBUS-1\Build\modbus\MiCOKit-3165\obj_EWARM\MQTTConnectClient.o
#        E:\工作\stm32开发\WIFI\MX3165-MODBUS-1\Build\modbus\MiCOKit-3165\obj_EWARM\MQTTConnectServer.o
#        E:\工作\stm32开发\WIFI\MX3165-MODBUS-1\Build\modbus\MiCOKit-3165\obj_EWARM\MQTTDeserializePublish.o
#        E:\工作\stm32开发\WIFI\MX3165-MODBUS-1\Build\modbus\MiCOKit-3165\obj_EWARM\MQTTFormat.o
#        E:\工作\stm32开发\WIFI\MX3165-MODBUS-1\Build\modbus\MiCOKit-3165\obj_EWARM\MQTTMiCO.o
#        E:\工作\stm32开发\WIFI\MX3165-MODBUS-1\Build\modbus\MiCOKit-3165\obj_EWARM\MQTTPacket.o
#        E:\工作\stm32开发\WIFI\MX3165-MODBUS-1\Build\modbus\MiCOKit-3165\obj_EWARM\MQTTSerializePublish.o
#        E:\工作\stm32开发\WIFI\MX3165-MODBUS-1\Build\modbus\MiCOKit-3165\obj_EWARM\MQTTSubscribeClient.o
#        E:\工作\stm32开发\WIFI\MX3165-MODBUS-1\Build\modbus\MiCOKit-3165\obj_EWARM\MQTTSubscribeServer.o
#        E:\工作\stm32开发\WIFI\MX3165-MODBUS-1\Build\modbus\MiCOKit-3165\obj_EWARM\MQTTUnsubscribeClient.o
#        E:\工作\stm32开发\WIFI\MX3165-MODBUS-1\Build\modbus\MiCOKit-3165\obj_EWARM\MQTTUnsubscribeServer.o
#        E:\工作\stm32开发\WIFI\MX3165-MODBUS-1\Build\modbus\MiCOKit-3165\obj_EWARM\oled.o
#        E:\工作\stm32开发\WIFI\MX3165-MODBUS-1\Build\modbus\MiCOKit-3165\obj_EWARM\platform.o
#        E:\工作\stm32开发\WIFI\MX3165-MODBUS-1\Build\modbus\MiCOKit-3165\obj_EWARM\platform_adc.o
#        E:\工作\stm32开发\WIFI\MX3165-MODBUS-1\Build\modbus\MiCOKit-3165\obj_EWARM\platform_core.o
#        E:\工作\stm32开发\WIFI\MX3165-MODBUS-1\Build\modbus\MiCOKit-3165\obj_EWARM\platform_flash.o
#        E:\工作\stm32开发\WIFI\MX3165-MODBUS-1\Build\modbus\MiCOKit-3165\obj_EWARM\platform_gpio.o
#        E:\工作\stm32开发\WIFI\MX3165-MODBUS-1\Build\modbus\MiCOKit-3165\obj_EWARM\platform_i2c.o
#        E:\工作\stm32开发\WIFI\MX3165-MODBUS-1\Build\modbus\MiCOKit-3165\obj_EWARM\platform_init.o
#        E:\工作\stm32开发\WIFI\MX3165-MODBUS-1\Build\modbus\MiCOKit-3165\obj_EWARM\platform_mcu_powersave.o
#        E:\工作\stm32开发\WIFI\MX3165-MODBUS-1\Build\modbus\MiCOKit-3165\obj_EWARM\platform_nsclock.o
#        E:\工作\stm32开发\WIFI\MX3165-MODBUS-1\Build\modbus\MiCOKit-3165\obj_EWARM\platform_pwm.o
#        E:\工作\stm32开发\WIFI\MX3165-MODBUS-1\Build\modbus\MiCOKit-3165\obj_EWARM\platform_rng.o
#        E:\工作\stm32开发\WIFI\MX3165-MODBUS-1\Build\modbus\MiCOKit-3165\obj_EWARM\platform_rtc.o
#        E:\工作\stm32开发\WIFI\MX3165-MODBUS-1\Build\modbus\MiCOKit-3165\obj_EWARM\platform_spi.o
#        E:\工作\stm32开发\WIFI\MX3165-MODBUS-1\Build\modbus\MiCOKit-3165\obj_EWARM\platform_uart.o
#        E:\工作\stm32开发\WIFI\MX3165-MODBUS-1\Build\modbus\MiCOKit-3165\obj_EWARM\platform_watchdog.o
#        E:\工作\stm32开发\WIFI\MX3165-MODBUS-1\Build\modbus\MiCOKit-3165\obj_EWARM\port.o
#        E:\工作\stm32开发\WIFI\MX3165-MODBUS-1\Build\modbus\MiCOKit-3165\obj_EWARM\portasm.o
#        E:\工作\stm32开发\WIFI\MX3165-MODBUS-1\Build\modbus\MiCOKit-3165\obj_EWARM\printbuf.o
#        E:\工作\stm32开发\WIFI\MX3165-MODBUS-1\Build\modbus\MiCOKit-3165\obj_EWARM\qc_test.o
#        E:\工作\stm32开发\WIFI\MX3165-MODBUS-1\Build\modbus\MiCOKit-3165\obj_EWARM\qc_test_cli.o
#        E:\工作\stm32开发\WIFI\MX3165-MODBUS-1\Build\modbus\MiCOKit-3165\obj_EWARM\qc_test_gpio.o
#        E:\工作\stm32开发\WIFI\MX3165-MODBUS-1\Build\modbus\MiCOKit-3165\obj_EWARM\qc_test_tcpip.o
#        E:\工作\stm32开发\WIFI\MX3165-MODBUS-1\Build\modbus\MiCOKit-3165\obj_EWARM\queue.o
#        E:\工作\stm32开发\WIFI\MX3165-MODBUS-1\Build\modbus\MiCOKit-3165\obj_EWARM\Retarget.o
#        E:\工作\stm32开发\WIFI\MX3165-MODBUS-1\Build\modbus\MiCOKit-3165\obj_EWARM\rgb_led.o
#        E:\工作\stm32开发\WIFI\MX3165-MODBUS-1\Build\modbus\MiCOKit-3165\obj_EWARM\RingBufferUtils.o
#        E:\工作\stm32开发\WIFI\MX3165-MODBUS-1\Build\modbus\MiCOKit-3165\obj_EWARM\SecurityUtils.o
#        E:\工作\stm32开发\WIFI\MX3165-MODBUS-1\Build\modbus\MiCOKit-3165\obj_EWARM\sha1.o
#        E:\工作\stm32开发\WIFI\MX3165-MODBUS-1\Build\modbus\MiCOKit-3165\obj_EWARM\sha224-256.o
#        E:\工作\stm32开发\WIFI\MX3165-MODBUS-1\Build\modbus\MiCOKit-3165\obj_EWARM\sha384-512.o
#        E:\工作\stm32开发\WIFI\MX3165-MODBUS-1\Build\modbus\MiCOKit-3165\obj_EWARM\SHAUtils.o
#        E:\工作\stm32开发\WIFI\MX3165-MODBUS-1\Build\modbus\MiCOKit-3165\obj_EWARM\SocketUtils.o
#        E:\工作\stm32开发\WIFI\MX3165-MODBUS-1\Build\modbus\MiCOKit-3165\obj_EWARM\spi_flash.o
#        E:\工作\stm32开发\WIFI\MX3165-MODBUS-1\Build\modbus\MiCOKit-3165\obj_EWARM\spi_flash_platform.o
#        E:\工作\stm32开发\WIFI\MX3165-MODBUS-1\Build\modbus\MiCOKit-3165\obj_EWARM\startup_stm32f411xe_IAR.o
#        E:\工作\stm32开发\WIFI\MX3165-MODBUS-1\Build\modbus\MiCOKit-3165\obj_EWARM\stm32f4xx_adc.o
#        E:\工作\stm32开发\WIFI\MX3165-MODBUS-1\Build\modbus\MiCOKit-3165\obj_EWARM\stm32f4xx_can.o
#        E:\工作\stm32开发\WIFI\MX3165-MODBUS-1\Build\modbus\MiCOKit-3165\obj_EWARM\stm32f4xx_crc.o
#        E:\工作\stm32开发\WIFI\MX3165-MODBUS-1\Build\modbus\MiCOKit-3165\obj_EWARM\stm32f4xx_cryp.o
#        E:\工作\stm32开发\WIFI\MX3165-MODBUS-1\Build\modbus\MiCOKit-3165\obj_EWARM\stm32f4xx_cryp_aes.o
#        E:\工作\stm32开发\WIFI\MX3165-MODBUS-1\Build\modbus\MiCOKit-3165\obj_EWARM\stm32f4xx_cryp_des.o
#        E:\工作\stm32开发\WIFI\MX3165-MODBUS-1\Build\modbus\MiCOKit-3165\obj_EWARM\stm32f4xx_cryp_tdes.o
#        E:\工作\stm32开发\WIFI\MX3165-MODBUS-1\Build\modbus\MiCOKit-3165\obj_EWARM\stm32f4xx_dac.o
#        E:\工作\stm32开发\WIFI\MX3165-MODBUS-1\Build\modbus\MiCOKit-3165\obj_EWARM\stm32f4xx_dbgmcu.o
#        E:\工作\stm32开发\WIFI\MX3165-MODBUS-1\Build\modbus\MiCOKit-3165\obj_EWARM\stm32f4xx_dcmi.o
#        E:\工作\stm32开发\WIFI\MX3165-MODBUS-1\Build\modbus\MiCOKit-3165\obj_EWARM\stm32f4xx_dma.o
#        E:\工作\stm32开发\WIFI\MX3165-MODBUS-1\Build\modbus\MiCOKit-3165\obj_EWARM\stm32f4xx_dma2d.o
#        E:\工作\stm32开发\WIFI\MX3165-MODBUS-1\Build\modbus\MiCOKit-3165\obj_EWARM\stm32f4xx_exti.o
#        E:\工作\stm32开发\WIFI\MX3165-MODBUS-1\Build\modbus\MiCOKit-3165\obj_EWARM\stm32f4xx_flash.o
#        E:\工作\stm32开发\WIFI\MX3165-MODBUS-1\Build\modbus\MiCOKit-3165\obj_EWARM\stm32f4xx_flash_ramfunc.o
#        E:\工作\stm32开发\WIFI\MX3165-MODBUS-1\Build\modbus\MiCOKit-3165\obj_EWARM\stm32f4xx_gpio.o
#        E:\工作\stm32开发\WIFI\MX3165-MODBUS-1\Build\modbus\MiCOKit-3165\obj_EWARM\stm32f4xx_hash.o
#        E:\工作\stm32开发\WIFI\MX3165-MODBUS-1\Build\modbus\MiCOKit-3165\obj_EWARM\stm32f4xx_hash_md5.o
#        E:\工作\stm32开发\WIFI\MX3165-MODBUS-1\Build\modbus\MiCOKit-3165\obj_EWARM\stm32f4xx_hash_sha1.o
#        E:\工作\stm32开发\WIFI\MX3165-MODBUS-1\Build\modbus\MiCOKit-3165\obj_EWARM\stm32f4xx_i2c.o
#        E:\工作\stm32开发\WIFI\MX3165-MODBUS-1\Build\modbus\MiCOKit-3165\obj_EWARM\stm32f4xx_iwdg.o
#        E:\工作\stm32开发\WIFI\MX3165-MODBUS-1\Build\modbus\MiCOKit-3165\obj_EWARM\stm32f4xx_ltdc.o
#        E:\工作\stm32开发\WIFI\MX3165-MODBUS-1\Build\modbus\MiCOKit-3165\obj_EWARM\stm32f4xx_pwr.o
#        E:\工作\stm32开发\WIFI\MX3165-MODBUS-1\Build\modbus\MiCOKit-3165\obj_EWARM\stm32f4xx_qspi.o
#        E:\工作\stm32开发\WIFI\MX3165-MODBUS-1\Build\modbus\MiCOKit-3165\obj_EWARM\stm32f4xx_rcc.o
#        E:\工作\stm32开发\WIFI\MX3165-MODBUS-1\Build\modbus\MiCOKit-3165\obj_EWARM\stm32f4xx_rng.o
#        E:\工作\stm32开发\WIFI\MX3165-MODBUS-1\Build\modbus\MiCOKit-3165\obj_EWARM\stm32f4xx_rtc.o
#        E:\工作\stm32开发\WIFI\MX3165-MODBUS-1\Build\modbus\MiCOKit-3165\obj_EWARM\stm32f4xx_sai.o
#        E:\工作\stm32开发\WIFI\MX3165-MODBUS-1\Build\modbus\MiCOKit-3165\obj_EWARM\stm32f4xx_sdio.o
#        E:\工作\stm32开发\WIFI\MX3165-MODBUS-1\Build\modbus\MiCOKit-3165\obj_EWARM\stm32f4xx_spi.o
#        E:\工作\stm32开发\WIFI\MX3165-MODBUS-1\Build\modbus\MiCOKit-3165\obj_EWARM\stm32f4xx_syscfg.o
#        E:\工作\stm32开发\WIFI\MX3165-MODBUS-1\Build\modbus\MiCOKit-3165\obj_EWARM\stm32f4xx_tim.o
#        E:\工作\stm32开发\WIFI\MX3165-MODBUS-1\Build\modbus\MiCOKit-3165\obj_EWARM\stm32f4xx_usart.o
#        E:\工作\stm32开发\WIFI\MX3165-MODBUS-1\Build\modbus\MiCOKit-3165\obj_EWARM\stm32f4xx_wwdg.o
#        E:\工作\stm32开发\WIFI\MX3165-MODBUS-1\Build\modbus\MiCOKit-3165\obj_EWARM\StringUtils.o
#        E:\工作\stm32开发\WIFI\MX3165-MODBUS-1\Build\modbus\MiCOKit-3165\obj_EWARM\system_discovery.o
#        E:\工作\stm32开发\WIFI\MX3165-MODBUS-1\Build\modbus\MiCOKit-3165\obj_EWARM\system_easylink.o
#        E:\工作\stm32开发\WIFI\MX3165-MODBUS-1\Build\modbus\MiCOKit-3165\obj_EWARM\system_easylink_delegate.o
#        E:\工作\stm32开发\WIFI\MX3165-MODBUS-1\Build\modbus\MiCOKit-3165\obj_EWARM\system_easylink_wac.o
#        E:\工作\stm32开发\WIFI\MX3165-MODBUS-1\Build\modbus\MiCOKit-3165\obj_EWARM\system_misc.o
#        E:\工作\stm32开发\WIFI\MX3165-MODBUS-1\Build\modbus\MiCOKit-3165\obj_EWARM\system_stm32f4xx.o
#        E:\工作\stm32开发\WIFI\MX3165-MODBUS-1\Build\modbus\MiCOKit-3165\obj_EWARM\tasks.o
#        E:\工作\stm32开发\WIFI\MX3165-MODBUS-1\Build\modbus\MiCOKit-3165\obj_EWARM\temp_hum_sensor.o
#        E:\工作\stm32开发\WIFI\MX3165-MODBUS-1\Build\modbus\MiCOKit-3165\obj_EWARM\tftp_ota.o
#        E:\工作\stm32开发\WIFI\MX3165-MODBUS-1\Build\modbus\MiCOKit-3165\obj_EWARM\tftpc.o
#        E:\工作\stm32开发\WIFI\MX3165-MODBUS-1\Build\modbus\MiCOKit-3165\obj_EWARM\timers.o
#        E:\工作\stm32开发\WIFI\MX3165-MODBUS-1\Build\modbus\MiCOKit-3165\obj_EWARM\TimeUtils.o
#        E:\工作\stm32开发\WIFI\MX3165-MODBUS-1\Build\modbus\MiCOKit-3165\obj_EWARM\TLVUtils.o
#        E:\工作\stm32开发\WIFI\MX3165-MODBUS-1\Build\modbus\MiCOKit-3165\obj_EWARM\url.o
#        E:\工作\stm32开发\WIFI\MX3165-MODBUS-1\Build\modbus\MiCOKit-3165\obj_EWARM\URLUtils.o
#        E:\工作\stm32开发\WIFI\MX3165-MODBUS-1\Build\modbus\MiCOKit-3165\obj_EWARM\user_device_control.o
#        E:\工作\stm32开发\WIFI\MX3165-MODBUS-1\Build\modbus\MiCOKit-3165\obj_EWARM\user_downstream.o
#        E:\工作\stm32开发\WIFI\MX3165-MODBUS-1\Build\modbus\MiCOKit-3165\obj_EWARM\user_main.o
#        E:\工作\stm32开发\WIFI\MX3165-MODBUS-1\Build\modbus\MiCOKit-3165\obj_EWARM\user_modbus.o
#        E:\工作\stm32开发\WIFI\MX3165-MODBUS-1\Build\modbus\MiCOKit-3165\obj_EWARM\user_stack.o
#        E:\工作\stm32开发\WIFI\MX3165-MODBUS-1\Build\modbus\MiCOKit-3165\obj_EWARM\user_uart.o
#        E:\工作\stm32开发\WIFI\MX3165-MODBUS-1\Build\modbus\MiCOKit-3165\obj_EWARM\user_uart_data_process.o
#        E:\工作\stm32开发\WIFI\MX3165-MODBUS-1\Build\modbus\MiCOKit-3165\obj_EWARM\user_upstream.o
#        E:\工作\stm32开发\WIFI\MX3165-MODBUS-1\Build\modbus\MiCOKit-3165\obj_EWARM\usha.o
#        E:\工作\stm32开发\WIFI\MX3165-MODBUS-1\Build\modbus\MiCOKit-3165\obj_EWARM\uvis25.o
#        E:\工作\stm32开发\WIFI\MX3165-MODBUS-1\Build\modbus\MiCOKit-3165\obj_EWARM\wlan_bus_SDIO.o
#        E:\工作\stm32开发\WIFI\MX3165-MODBUS-1\Build\modbus\MiCOKit-3165\obj_EWARM\wlan_firmware.o
#        E:\工作\stm32开发\WIFI\MX3165-MODBUS-1\Build\modbus\MiCOKit-3165\obj_EWARM\wlan_platform.o
#        E:\工作\stm32开发\WIFI\MX3165-MODBUS-1\Build\modbus\MiCOKit-3165\obj_EWARM\wlan_platform_common.o
#        --redirect _Printf=_PrintfFull --redirect _Scanf=_ScanfFull -o
#        E:\工作\stm32开发\WIFI\MX3165-MODBUS-1\Build\modbus\\MiCOKit-3165\modbus.out
#        --map
#        E:\工作\stm32开发\WIFI\MX3165-MODBUS-1\Build\modbus\\MiCOKit-3165\list_EWARM\modbus.map
#        --config
#        E:\工作\stm32开发\WIFI\MX3165-MODBUS-1\Projects\STM32F4xx\modbus\EWARM\..\..\..\..\Board\MK3165\micoLinkerForIAR.icf
#        --semihosting --entry __iar_program_start --vfe --threaded_lib
#
###############################################################################

*******************************************************************************
*** MESSAGES
***

Warning[Lt009]: Inconsistent wchar_t size
          E:\工作\stm32开发\WIFI\MX3165-MODBUS-1\Build\modbus\MiCOKit-3165\obj_
                    EWARM\AESUtils.o and 376 other objects have wchar_t size 16
                    bits
          airlink.o(libairkiss.a) has wchar_t size 32 bits


*******************************************************************************
*** RUNTIME MODEL ATTRIBUTES
***

CppFlavor                     = *
__Heap_Handler                = DLMalloc
__SystemLibrary               = DLib
__dlib_dynamic_initialization = normal


*******************************************************************************
*** PLACEMENT SUMMARY
***

"A1":  place at 0x0800c000 { ro section .intvec };
"P1":  place in [from 0x0800c000 to 0x0807ffff] { ro };
"P2":  place in [from 0x20000000 to 0x2001ffff] { rw, block CSTACK, block HEAP };

  Section             Kind        Address     Size  Object
  -------             ----        -------     ----  ------
"A1":                                        0x198
  .intvec                      0x0800c000    0x198  <Block>
    .intvec           ro code  0x0800c000    0x198  startup_stm32f411xe_IAR.o [1]
                             - 0x0800c198    0x198

"P1":                                      0x693bd
  .text               ro code  0x0800c198   0x7ee4  internal.o [4]
  .text               ro code  0x0801407c      0x6  ABImemclr.o [10]
  .text               ro code  0x08014082     0x22  zero_init3.o [10]
  .text               ro code  0x080140a4      0x6  ABImemclr4.o [10]
  .text               ro code  0x080140aa     0x1e  xsscin.o [7]
  .text               ro code  0x080140c8     0x3c  wc_port.o [4]
  .text               ro code  0x08014104     0xdc  logging.o [4]
  .text               ro code  0x080141e0   0x2330  ssl.o [4]
  .text               ro code  0x08016510    0x9a0  mico_rtos.o [1]
  .text               ro code  0x08016eb0    0x3b4  rsa.o [4]
  .text               ro code  0x08017264     0x76  ABImemcpy_unaligned.o [10]
  .text               ro code  0x080172da     0x1a  xsnprout.o [7]
  .text               ro code  0x080172f4     0x62  memcmp_unaligned.o [10]
  .text               ro code  0x08017356      0xa  xsprout.o [7]
  .text               ro code  0x08017360   0x180c  ecc.o [4]
  .text               ro code  0x08018b6c     0x6c  strncpy_unaligned.o [10]
  .text               ro code  0x08018bd8    0x7ec  md5.o [4]
  .text               ro code  0x080193c4    0xca4  sha.o [4]
  .text               ro code  0x0801a068    0x6f4  sha256.o [4]
  .rodata             const    0x0801a75c     0x5c  integer.o [4]
  .text               ro code  0x0801a7b8   0x24e8  sha512.o [4]
  .text               ro code  0x0801cca0    0x760  random.o [4]
  .text               ro code  0x0801d400    0x624  tls.o [4]
  .text               ro code  0x0801da24     0x14  tolower.o [7]
  .text               ro code  0x0801da38   0x2a7c  asn.o [4]
  .text               ro code  0x080204b4     0x36  strlen.o [10]
  .rodata             const    0x080204ea      0x1  smart_config.o [5]
  .rodata             const    0x080204eb      0x1  smart_config.o [5]
  .text               ro code  0x080204ec   0x2260  aes.o [4]
  .text               ro code  0x0802274c    0xf80  hc128.o [4]
  .text               ro code  0x080236cc     0x78  ABImemmove_unaligned.o [10]
  .text               ro code  0x08023744    0x98c  keys.o [4]
  .text               ro code  0x080240d0    0x308  hash.o [4]
  .text               ro code  0x080243d8     0x2a  strncmp.o [7]
  .text               ro code  0x08024402      0x4  internal.o [4]
  .rodata             const    0x08024406      0x1  smart_config.o [5]
  .rodata             const    0x08024407      0x1  smart_config.o [5]
  .text               ro code  0x08024408     0x66  ABImemset.o [10]
  .text               ro code  0x08024470     0x3a  ABImemset48.o [10]
  .text               ro code  0x080244ac     0x34  sprintf.o [7]
  .text               ro code  0x080244e0    0x1f4  coding.o [4]
  .text               ro code  0x080246d4    0x158  platform_init.o [1]
  .text               ro code  0x0802482c    0x174  platform.o [1]
  .text               ro code  0x080249a0    0xba4  tasks.o [1]
  .text               ro code  0x08025544    0x3d4  qc_test.o [1]
  .text               ro code  0x08025918    0x99c  MICOAppEntrance.o [1]
  .text               ro code  0x080262b4     0x54  heap_3.o [1]
  .text               ro code  0x08026308     0x44  snprintf.o [7]
  .text               ro code  0x0802634c     0x44  strcpy_unaligned.o [10]
  .text               ro code  0x08026390    0x614  queue.o [1]
  .text               ro code  0x080269a4     0x20  platform_core.o [1]
  .text               ro code  0x080269c4     0xe4  port.o [1]
  .text               ro code  0x08026aa8     0x18  strrchr.o [7]
  .text               ro code  0x08026ac0     0x24  printf.o [7]
  .text               ro code  0x08026ae4    0x31c  timers.o [1]
  .text               ro code  0x08026e00    0x3e0  mico_system_notification.o [1]
  .text               ro code  0x080271e0   0x2380  integer.o [4]
  .text               ro code  0x08029560     0x1e  U64Shr.o [10]
  .text               ro code  0x08029580     0x22  I64Shl.o [10]
  .text               ro code  0x080295a4     0xe0  rand.o [7]
  .text               ro code  0x08029684    0x336  hmac.o [4]
  .text               ro code  0x080299bc     0x24  setlocale.o [7]
  .text               ro code  0x080299e0      0xc  xlocale_c.o [7]
  .text               ro code  0x080299ec    0x1b0  ssl_wrap.o [4]
  .text               ro code  0x08029b9c     0x2c  strstr.o [7]
  .text               ro code  0x08029bc8   0x114e  xprintffull.o [7]
  .text               ro code  0x0802ad18    0x230  stm32f4xx_rcc.o [1]
  .text               ro code  0x0802af48    0x25c  stm32f4xx_flash.o [1]
  .text               ro code  0x0802b1a4     0x98  misc.o [1]
  .text               ro code  0x0802b23c     0x60  stm32f4xx_pwr.o [1]
  .text               ro code  0x0802b29c    0x5cc  platform_gpio.o [1]
  .text               ro code  0x0802b868     0x76  RingBufferUtils.o [1]
  .text               ro code  0x0802b8e0    0x748  platform_uart.o [1]
  .text               ro code  0x0802c028     0xe0  wlan_platform_common.o [1]
  .text               ro code  0x0802c108     0xf6  platform_nsclock.o [1]
  .text               ro code  0x0802c200    0x13c  platform_rtc.o [1]
  .text               ro code  0x0802c33c    0x30c  platform_mcu_powersave.o [1]
  .text               ro code  0x0802c648    0xa48  mico_platform_common.o [1]
  .text               ro code  0x0802d090     0xd0  button.o [1]
  .text               ro code  0x0802d160     0x1e  dc_motor.o [1]
  .text               ro code  0x0802d17e     0x98  rgb_led.o [1]
  .text               ro code  0x0802d216     0x90  list.o [1]
  .text               ro code  0x0802d2a8    0x46a  mxchipWNET.o [5]
  .text               ro code  0x0802d714   0x25f0  dlmalloc.o [5]
  .text               ro code  0x0802fd04     0xa0  qc_test_cli.o [1]
  .text               ro code  0x0802fda4     0x78  CheckSumUtils.o [1]
  .text               ro code  0x0802fe1c    0xd78  system_misc.o [1]
  .text               ro code  0x08030b94   0x2624  wifimgr.o [5]
  .text               ro code  0x080331b8    0x3a8  mftest.o [5]
  .text               ro code  0x08033560    0x144  qc_test_tcpip.o [1]
  .text               ro code  0x080336a4    0x420  mico_rtos_common.o [1]
  .text               ro code  0x08033ac4    0x4e8  user_main.o [1]
  .text               ro code  0x08033fac    0x3a8  mico_system_power_daemon.o [1]
  .text               ro code  0x08034354    0x138  micokit_ext.o [1]
  .text               ro code  0x0803448c    0xdfc  mico_system_para_storage.o [1]
  .text               ro code  0x08035288   0x5cac  fog_v2.o [1]
  .text               ro code  0x0803af34    0x5f4  mico_system_init.o [1]
  .text               ro code  0x0803b528   0x1920  sockets.o [5]
  CODE                ro code  0x0803ce48     0xa8  portasm.o [1]
  .text               ro code  0x0803cef0      0x2  xtls.o [7]
  .text               ro code  0x0803cef4     0x9c  mico_socket.o [1]
  .text               ro code  0x0803cf90     0x16  strchr.o [10]
  .text               ro code  0x0803cfa6     0x20  xmbtowc.o [7]
  .text               ro code  0x0803cfc8     0x58  memchr.o [10]
  .text               ro code  0x0803d020      0xa  xmbcurmax.o [7]
  .text               ro code  0x0803d02a     0x1a  xwctomb.o [7]
  .text               ro code  0x0803d044     0xee  I64DivMod.o [10]
  .text               ro code  0x0803d132     0x42  xdnorm.o [9]
  .text               ro code  0x0803d174     0x2e  DblCmpLe.o [9]
  .text               ro code  0x0803d1a4     0x2e  DblCmpGe.o [9]
  .text               ro code  0x0803d1d4    0x118  xdscale.o [9]
  .text               ro code  0x0803d2ec     0x58  DblToI32.o [9]
  .text               ro code  0x0803d344     0x30  I32ToDbl.o [9]
  .text               ro code  0x0803d374    0x180  DblSub.o [9]
  .text               ro code  0x0803d4f4    0x1a2  DblMul.o [9]
  .text               ro code  0x0803d698    0x246  DblDiv.o [9]
  .text               ro code  0x0803d8e0     0x6c  localeconv.o [7]
  .text               ro code  0x0803d94c      0xe  div.o [7]
  .text               ro code  0x0803d95c     0x9a  stm32f4xx_gpio.o [1]
  .text               ro code  0x0803d9f8     0x28  stm32f4xx_syscfg.o [1]
  .text               ro code  0x0803da20     0x7c  stm32f4xx_exti.o [1]
  .text               ro code  0x0803da9c    0x1ea  stm32f4xx_usart.o [1]
  .text               ro code  0x0803dc88    0x1c8  stm32f4xx_dma.o [1]
  .text               ro code  0x0803de50    0x5be  stm32f4xx_rtc.o [1]
  .text               ro code  0x0803e410    0x2d0  platform_watchdog.o [1]
  .text               ro code  0x0803e6e0    0x1f4  platform_adc.o [1]
  .text               ro code  0x0803e8d4    0x770  platform_i2c.o [1]
  .text               ro code  0x0803f044    0x598  platform_spi.o [1]
  .text               ro code  0x0803f5dc    0xc34  platform_flash.o [1]
  .text               ro code  0x08040210    0x450  wifi.o [5]
  .text               ro code  0x08040660    0x6a4  tcpip.o [5]
  .text               ro code  0x08040d04    0x7e8  dns.o [5]
  .text               ro code  0x080414ec     0x58  wwd_rtos.o [5]
  .text               ro code  0x08041544     0x20  srand.o [7]
  .text               ro code  0x08041564    0xe80  tcp.o [5]
  .text               ro code  0x080423e4   0x15c0  wwd_wifi.o [5]
  .text               ro code  0x080439a4   0x2b14  smart_config.o [5]
  .text               ro code  0x080464b8     0x36  def.o [5]
  .text               ro code  0x080464f0    0x270  wwd_management.o [5]
  .text               ro code  0x08046760      0x6  abort.o [7]
  .text               ro code  0x08046766     0x20  xsyslock.o [7]
  .text               ro code  0x08046788     0x2c  xgetmemchunk.o [7]
  .text               ro code  0x080467b4    0x99a  StringUtils.o [1]
  .text               ro code  0x08047150     0x14  mxchip_debug.o [5]
  .text               ro code  0x08047164    0x5c2  pbuf.o [5]
  .text               ro code  0x08047728    0x458  ip.o [5]
  .text               ro code  0x08047b80    0x25a  ip_addr.o [5]
  .text               ro code  0x08047ddc     0x8c  crypto_wrap.o [4]
  .text               ro code  0x08047e68    0x404  wiced_network.o [5]
  .text               ro code  0x0804826c    0x1ec  dns_redirect.o [5]
  .text               ro code  0x08048458    0x5da  wwd_ap.o [5]
  .text               ro code  0x08048a32     0xcc  wiced_rtos.o [5]
  .text               ro code  0x08048b00     0x64  dnsclient.o [5]
  .text               ro code  0x08048b64    0xd3c  wwd_sdpcm.o [5]
  .text               ro code  0x080498a0    0x9e0  etharp.o [5]
  .text               ro code  0x0804a280     0x46  strcasecmp.o [7]
  .text               ro code  0x0804a2c8    0x648  api_lib.o [5]
  .text               ro code  0x0804a910   0x1a10  tcp_in.o [5]
  .text               ro code  0x0804c320    0x80c  udp.o [5]
  .text               ro code  0x0804cb2c      0x4  strtoul.o [7]
  .text               ro code  0x0804cb30    0x9e0  oled.o [1]
  .text               ro code  0x0804d510    0x5e8  APDS9930.o [1]
  .text               ro code  0x0804daf8     0x12  light_sensor.o [1]
  .text               ro code  0x0804db0a     0x12  infrared_reflective.o [1]
  .text               ro code  0x0804db1c     0x30  temp_hum_sensor.o [1]
  .text               ro code  0x0804db4c     0x42  strcmp_unaligned.o [10]
  .text               ro code  0x0804db90    0xf2c  json_tokener.o [1]
  .text               ro code  0x0804eabc    0x5fc  json_object.o [1]
  .text               ro code  0x0804f0b8    0x430  fog_bonjour.o [1]
  .text               ro code  0x0804f4e8   0x1714  fog_http_client.o [1]
  .text               ro code  0x08050bfc   0x23f0  fog_ota.o [1]
  .text               ro code  0x08052fec   0x1690  fog_mqtt.o [1]
  .text               ro code  0x0805467c   0x104c  fog_tcp_server.o [1]
  .text               ro code  0x080556c8   0x164c  system_easylink.o [1]
  .text               ro code  0x08056d14    0x318  mico_system_monitor.o [1]
  .text               ro code  0x0805702c   0x1024  mico_cli.o [1]
  .text               ro code  0x08058050   0x1a20  config_server.o [1]
  .text               ro code  0x08059a70    0x1e6  sys_arch.o [5]
  .text               ro code  0x08059c56     0xda  netbuf.o [5]
  .text               ro code  0x08059d30    0x304  lwiptcpip.o [5]
  .text               ro code  0x0805a034    0x568  igmp.o [5]
  .text               ro code  0x0805a59c     0x64  netdb.o [5]
  .text               ro code  0x0805a600     0x60  xencoding_sb.o [7]
  .text               ro code  0x0805a660      0x2  I64DivZer.o [10]
  .text               ro code  0x0805a664     0xe8  DblAdd.o [9]
  .text               ro code  0x0805a74c     0x34  stm32f4xx_iwdg.o [1]
  .text               ro code  0x0805a780    0x2de  stm32f4xx_tim.o [1]
  .text               ro code  0x0805aa60    0x11c  stm32f4xx_adc.o [1]
  .text               ro code  0x0805ab7c    0x144  stm32f4xx_i2c.o [1]
  .text               ro code  0x0805acc0    0x13e  stm32f4xx_spi.o [1]
  .text               ro code  0x0805ae00    0x480  spi_flash.o [1]
  .text               ro code  0x0805b280    0x190  wiced_ping.o [5]
  .text               ro code  0x0805b410      0xc  mxchipbesl.o [5]
  .text               ro code  0x0805b41c    0xcbe  tcp_out.o [5]
  .text               ro code  0x0805c0dc    0x300  lwiptimers.o [5]
  .text               ro code  0x0805c3dc    0x1e8  memp.o [5]
  .text               ro code  0x0805c5c4     0xf4  wwd_buffer.o [5]
  .text               ro code  0x0805c6b8    0x8c0  wlan_bus_SDIO.o [1]
  .text               ro code  0x0805cf78    0x988  wwd_bus_protocol.o [5]
  .text               ro code  0x0805d900    0x284  wwd_thread.o [5]
  .text               ro code  0x0805db84      0x4  wlan_platform.o [1]
  .text               ro code  0x0805db88     0x14  exit.o [11]
  .text               ro code  0x0805db9c    0x15c  xsyslock_mtx.o [7]
  .text               ro code  0x0805dcf8     0x18  toupper.o [7]
  .text               ro code  0x0805dd10     0x3c  isxxx.o [7]
  .text               ro code  0x0805dd4c     0x16  strnlen.o [7]
  .text               ro code  0x0805dd62    0x170  inet_chksum.o [5]
  .text               ro code  0x0805ded4    0x1cc  raw.o [5]
  .text               ro code  0x0805e0a0    0x184  icmp.o [5]
  .text               ro code  0x0805e224    0x358  netif.o [5]
  .text               ro code  0x0805e57c     0x86  arc4.o [4]
  .text               ro code  0x0805e604    0xf54  dhcp.o [5]
  .text               ro code  0x0805f558     0x28  sys.o [5]
  .text               ro code  0x0805f580    0x650  dhcp_server.o [5]
  .text               ro code  0x0805fbd0     0x48  netifapi.o [5]
  .text               ro code  0x0805fc18     0x60  wwd_ap_common.o [5]
  .text               ro code  0x0805fc78    0x190  wwd_network.o [5]
  .text               ro code  0x0805fe08    0xf08  api_msg.o [5]
  .text               ro code  0x08060d10    0x198  xstoul.o [7]
  .text               ro code  0x08060ea8    0x4d0  bme280_user.o [1]
  .text               ro code  0x08061378     0x8a  DHT11.o [1]
  .text               ro code  0x08061404    0x146  printbuf.o [1]
  .text               ro code  0x0806154a     0x4e  strncasecmp.o [7]
  .text               ro code  0x08061598     0xe4  json_util.o [1]
  .text               ro code  0x0806167c     0x24  sscanf.o [7]
  .text               ro code  0x080616a0     0x18  strdup.o [7]
  .text               ro code  0x080616b8    0x358  linkhash.o [1]
  .text               ro code  0x08061a10     0x20  DblCmpEq.o [9]
  .text               ro code  0x08061a30     0xd4  arraylist.o [1]
  .text               ro code  0x08061b04   0x1020  mico_mdns.o [1]
  .text               ro code  0x08062b24   0x2314  HTTPUtils.o [1]
  .text               ro code  0x08064e38    0x394  SocketUtils.o [1]
  .text               ro code  0x080651cc    0x3bc  url.o [1]
  .text               ro code  0x08065588    0x7b0  MQTTClient.o [1]
  .text               ro code  0x08065d38    0x52c  MQTTMiCO.o [1]
  .text               ro code  0x08066264    0x780  fog_process_mqtt_cmd.o [1]
  .text               ro code  0x080669e4     0x98  system_easylink_delegate.o [1]
  .text               ro code  0x08066a7c    0x738  tftpc.o [1]
  .text               ro code  0x080671b4    0xa78  tftp_ota.o [1]
  .text               ro code  0x08067c2c     0x3c  vsnprint.o [7]
  .text               ro code  0x08067c68    0x184  config_server_menu.o [1]
  .text               ro code  0x08067dec     0x20  init.o [5]
  .text               ro code  0x08067e0c     0x30  spi_flash_platform.o [1]
  .text               ro code  0x08067e3c     0x64  stm32f4xx_sdio.o [1]
  .text               ro code  0x08067ea0     0xbc  wwd_chip_specific_functions.o [5]
  .text               ro code  0x08067f5c    0x260  wwd_internal.o [5]
  .text               ro code  0x080681bc    0x2f4  wwd_firmware.o [5]
  .text               ro code  0x080684b0     0x1c  iar_mutex.o [5]
  .text               ro code  0x080684cc     0x16  xlocale_c.o [7]
  .text               ro code  0x080684e2     0x24  xlocale_c.o [7]
  .text               ro code  0x08068506     0x14  xlocale_c.o [7]
  .text               ro code  0x0806851c     0x8c  wiced_lib.o [5]
  .text               ro code  0x080685a8     0x4c  wps_host.o [5]
  .text               ro code  0x080685f4      0xc  errno.o [7]
  .text               ro code  0x08068600    0x570  bme280.o [1]
  .text               ro code  0x08068b70     0x2c  vsprintf.o [7]
  .text               ro code  0x08068b9c    0xcf4  xscanffull.o [7]
  .text               ro code  0x08069890     0x18  vprintf.o [7]
  .text               ro code  0x080698a8      0x4  exit.o [7]
  .text               ro code  0x080698ac    0x16a  URLUtils.o [1]
  .text               ro code  0x08069a18    0x1f4  MQTTPacket.o [1]
  .text               ro code  0x08069c0c    0x2e8  MQTTConnectClient.o [1]
  .text               ro code  0x08069ef4     0xf8  MQTTDeserializePublish.o [1]
  .text               ro code  0x08069fec     0x70  MQTTSerializePublish.o [1]
  .text               ro code  0x0806a05c    0x138  MQTTSubscribeClient.o [1]
  .text               ro code  0x0806a194     0x18  read_wifi_firmware.o [5]
  .text               ro code  0x0806a1ac     0x40  xwctob.o [7]
  .text               ro code  0x0806a1ec     0xa4  xstoll.o [7]
  .text               ro code  0x0806a290    0x1b0  xstoull.o [7]
  .text               ro code  0x0806a440    0x168  xstold.o [9]
  .text               ro code  0x0806a5a8     0x90  DblToFlt.o [9]
  .text               ro code  0x0806a638     0x12  cexit.o [10]
  .text               ro code  0x0806a64a    0x134  xstopfx.o [7]
  .text               ro code  0x0806a780    0x1b8  xstoflt.o [7]
  .text               ro code  0x0806a938    0x200  xdtento.o [9]
  .text               ro code  0x0806ab38    0x218  xstoxflt.o [7]
  .text               ro code  0x0806ad50     0x58  xcloseall.o [7]
  .text               ro code  0x0806ada8     0x56  xdunscal.o [9]
  .text               ro code  0x0806adfe     0x7a  fclose.o [7]
  .text               ro code  0x0806ae78     0x14  Retarget.o [1]
  .text               ro code  0x0806ae8c     0x7c  xfofind.o [7]
  .text               ro code  0x0806af08     0xb0  fflush.o [7]
  .text               ro code  0x0806afb8     0x1a  close.o [11]
  .text               ro code  0x0806afd2     0x16  remove.o [11]
  .text               ro code  0x0806afe8     0xe0  XShHandles.o [7]
  .text               ro code  0x0806b0c8   0x1768  user_uart_data_process.o [1]
  .text               ro code  0x0806c830     0x72  user_stack.o [1]
  .text               ro code  0x0806c8a4    0x554  user_uart.o [1]
  .rodata             const    0x0806cdf8   0x1488  aes.o [4]
  .rodata             const    0x0806e280    0xe74  ecc.o [4]
  .text               ro code  0x0806f0f4    0xdbc  user_downstream.o [1]
  .rodata             const    0x0806feb0    0x9c4  fog_ota.o [1]
  .rodata             const    0x08070874    0x8a8  fog_http_client.o [1]
  .rodata             const    0x0807111c    0x6c4  fog_v2.o [1]
  .text               ro code  0x080717e0    0x664  user_upstream.o [1]
  .text               ro code  0x08071e44    0x3b8  hardfault.o [1]
  .rodata             const    0x080721fc    0x378  platform.o [1]
  .rodata             const    0x08072574    0x30c  wwd_firmware.o [5]
  .rodata             const    0x08072880    0x26c  asn.o [4]
  .rodata             const    0x08072aec    0x244  mico_cli.o [1]
  .text               ro code  0x08072d30    0x228  io.o [4]
  .rodata             const    0x08072f58    0x1d4  internal.o [4]
  .text               ro code  0x0807312c    0x1c2  lz77_init.o [10]
  .rodata             const    0x080732f0    0x100  smart_config.o [5]
  .rodata             const    0x080733f0    0x100  wwd_wifi.o [5]
  .text               ro code  0x080734f0     0xd6  xfspos.o [7]
  .text               ro code  0x080735c6      0xc  xfgpos.o [7]
  .text               ro code  0x080735d2     0x4c  lseek.o [11]
  .text               ro code  0x0807361e     0xb6  xfwprep.o [7]
  .text               ro code  0x080736d4     0x22  fseek.o [7]
  .rodata             const    0x080736f8     0xac  fog_tcp_server.o [1]
  .rodata             const    0x080737a4     0x68  wifimgr.o [5]
  .rodata             const    0x0807380c     0x58  smart_config.o [5]
  .text               ro code  0x08073864     0x56  fputc.o [7]
  .text               ro code  0x080738bc     0x50  micokit_ext_mfg.o [1]
  .rodata             const    0x0807390c     0x4c  dns.o [5]
  .rodata             const    0x08073958     0x4c  dns.o [5]
  .rodata             const    0x080739a4     0x48  tcp_in.o [5]
  .rodata             const    0x080739ec     0x44  tcp_in.o [5]
  .rodata             const    0x08073a30     0x40  sockets.o [5]
  .rodata             const    0x08073a70     0x40  wifimgr.o [5]
  .rodata             const    0x08073ab0     0x40  wifimgr.o [5]
  .rodata             const    0x08073af0     0x40  udp.o [5]
  .rodata             const    0x08073b30     0x40  udp.o [5]
  .rodata             const    0x08073b70     0x3c  wifimgr.o [5]
  .rodata             const    0x08073bac     0x3c  wifimgr.o [5]
  .rodata             const    0x08073be8     0x3c  wifimgr.o [5]
  .rodata             const    0x08073c24     0x38  wifimgr.o [5]
  .rodata             const    0x08073c5c     0x38  wifimgr.o [5]
  .rodata             const    0x08073c94     0x38  memp.o [5]
  .rodata             const    0x08073ccc     0x34  smart_config.o [5]
  .rodata             const    0x08073d00     0x30  wifimgr.o [5]
  .rodata             const    0x08073d30     0x30  tcp_in.o [5]
  .rodata             const    0x08073d60     0x30  etharp.o [5]
  .rodata             const    0x08073d90     0x30  etharp.o [5]
  .rodata             const    0x08073dc0     0x2c  wifimgr.o [5]
  .rodata             const    0x08073dec     0x2c  wifimgr.o [5]
  .rodata             const    0x08073e18     0x2c  mftest.o [5]
  .rodata             const    0x08073e44     0x2c  etharp.o [5]
  .rodata             const    0x08073e70     0x28  wifimgr.o [5]
  .rodata             const    0x08073e98     0x28  wifimgr.o [5]
  .rodata             const    0x08073ec0     0x28  wifimgr.o [5]
  .rodata             const    0x08073ee8     0x28  wifimgr.o [5]
  .rodata             const    0x08073f10     0x28  wifimgr.o [5]
  .rodata             const    0x08073f38     0x28  wwd_sdpcm.o [5]
  .rodata             const    0x08073f60     0x28  mftest.o [5]
  .rodata             const    0x08073f88     0x28  smart_config.o [5]
  .text               ro code  0x08073fb0     0x28  data_init.o [10]
  .rodata             const    0x08073fd8     0x24  json_object.o [1]
  .rodata             const    0x08073ffc     0x24  wifimgr.o [5]
  .rodata             const    0x08074020     0x24  wifimgr.o [5]
  .rodata             const    0x08074044     0x24  wifimgr.o [5]
  .rodata             const    0x08074068     0x24  wwd_sdpcm.o [5]
  .rodata             const    0x0807408c     0x24  memp.o [5]
  .rodata             const    0x080740b0     0x24  mftest.o [5]
  .rodata             const    0x080740d4     0x24  smart_config.o [5]
  .rodata             const    0x080740f8     0x24  smart_config.o [5]
  .rodata             const    0x0807411c     0x24  smart_config.o [5]
  .rodata             const    0x08074140     0x24  tcp_in.o [5]
  .rodata             const    0x08074164     0x24  dhcp_server.o [5]
  .text               ro code  0x08074188     0x22  fpinit_M.o [9]
  .iar.init_table     const    0x080741ac     0x2c  - Linker created -
  .rodata             const    0x080741d8     0x20  wifimgr.o [5]
  .rodata             const    0x080741f8     0x20  wifimgr.o [5]
  .rodata             const    0x08074218     0x20  wifimgr.o [5]
  .rodata             const    0x08074238     0x20  wifimgr.o [5]
  .rodata             const    0x08074258     0x20  wifimgr.o [5]
  .rodata             const    0x08074278     0x20  wifimgr.o [5]
  .rodata             const    0x08074298     0x20  wifimgr.o [5]
  .rodata             const    0x080742b8     0x20  memp.o [5]
  .rodata             const    0x080742d8     0x20  memp.o [5]
  .rodata             const    0x080742f8     0x20  memp.o [5]
  .rodata             const    0x08074318     0x20  mftest.o [5]
  .rodata             const    0x08074338     0x20  mftest.o [5]
  .rodata             const    0x08074358     0x20  mftest.o [5]
  .rodata             const    0x08074378     0x20  smart_config.o [5]
  .rodata             const    0x08074398     0x20  dns.o [5]
  .rodata             const    0x080743b8     0x20  wifi.o [5]
  .rodata             const    0x080743d8     0x20  udp.o [5]
  .rodata             const    0x080743f8     0x20  dhcp_server.o [5]
  .rodata             const    0x08074418     0x1c  sockets.o [5]
  .rodata             const    0x08074434     0x1c  mxchipWNET.o [5]
  .rodata             const    0x08074450     0x1c  wifimgr.o [5]
  .rodata             const    0x0807446c     0x1c  wifimgr.o [5]
  .rodata             const    0x08074488     0x1c  wifimgr.o [5]
  .rodata             const    0x080744a4     0x1c  wifimgr.o [5]
  .rodata             const    0x080744c0     0x1c  wifimgr.o [5]
  .rodata             const    0x080744dc     0x1c  wifimgr.o [5]
  .rodata             const    0x080744f8     0x1c  wwd_sdpcm.o [5]
  .rodata             const    0x08074514     0x1c  mftest.o [5]
  .rodata             const    0x08074530     0x1c  smart_config.o [5]
  .rodata             const    0x0807454c     0x1c  smart_config.o [5]
  .rodata             const    0x08074568     0x1c  smart_config.o [5]
  .rodata             const    0x08074584     0x1c  smart_config.o [5]
  .rodata             const    0x080745a0     0x1c  wwd_wifi.o [5]
  .text               ro code  0x080745bc     0x1c  crt0_EWARM.o [1]
  .text               ro code  0x080745d8     0x1a  cmain.o [10]
  .rodata             const    0x080745f4     0x18  sockets.o [5]
  .rodata             const    0x0807460c     0x18  sockets.o [5]
  .rodata             const    0x08074624     0x18  sockets.o [5]
  .rodata             const    0x0807463c     0x18  sockets.o [5]
  .rodata             const    0x08074654     0x18  wifimgr.o [5]
  .rodata             const    0x0807466c     0x18  wifimgr.o [5]
  .rodata             const    0x08074684     0x18  wifimgr.o [5]
  .rodata             const    0x0807469c     0x18  wifimgr.o [5]
  .rodata             const    0x080746b4     0x18  wifimgr.o [5]
  .rodata             const    0x080746cc     0x18  wifimgr.o [5]
  .rodata             const    0x080746e4     0x18  wifimgr.o [5]
  .rodata             const    0x080746fc     0x18  wifimgr.o [5]
  .rodata             const    0x08074714     0x18  wifimgr.o [5]
  .rodata             const    0x0807472c     0x18  wifimgr.o [5]
  .rodata             const    0x08074744     0x18  wwd_sdpcm.o [5]
  .rodata             const    0x0807475c     0x18  wwd_sdpcm.o [5]
  .rodata             const    0x08074774     0x18  mftest.o [5]
  .rodata             const    0x0807478c     0x18  mftest.o [5]
  .rodata             const    0x080747a4     0x18  mftest.o [5]
  .rodata             const    0x080747bc     0x18  smart_config.o [5]
  .rodata             const    0x080747d4     0x18  smart_config.o [5]
  .rodata             const    0x080747ec     0x18  smart_config.o [5]
  .rodata             const    0x08074804     0x18  smart_config.o [5]
  .rodata             const    0x0807481c     0x18  smart_config.o [5]
  .rodata             const    0x08074834     0x18  smart_config.o [5]
  .rodata             const    0x0807484c     0x18  smart_config.o [5]
  .rodata             const    0x08074864     0x18  smart_config.o [5]
  .rodata             const    0x0807487c     0x18  smart_config.o [5]
  .text               ro code  0x08074894     0x16  xprout.o [7]
  .text               ro code  0x080748ac      0xc  putchar.o [7]
  .rodata             const    0x080748b8     0x14  wifimgr.o [5]
  .rodata             const    0x080748cc     0x14  wifimgr.o [5]
  .rodata             const    0x080748e0     0x14  wifimgr.o [5]
  .rodata             const    0x080748f4     0x14  wifimgr.o [5]
  .rodata             const    0x08074908     0x14  wifimgr.o [5]
  .rodata             const    0x0807491c     0x14  wifimgr.o [5]
  .rodata             const    0x08074930     0x14  wifimgr.o [5]
  .rodata             const    0x08074944     0x14  wifimgr.o [5]
  .rodata             const    0x08074958     0x14  wifimgr.o [5]
  .rodata             const    0x0807496c     0x14  wifimgr.o [5]
  .rodata             const    0x08074980     0x14  wifimgr.o [5]
  .rodata             const    0x08074994     0x14  wifimgr.o [5]
  .rodata             const    0x080749a8     0x14  wifimgr.o [5]
  .rodata             const    0x080749bc     0x14  wifimgr.o [5]
  .rodata             const    0x080749d0     0x14  wifimgr.o [5]
  .rodata             const    0x080749e4     0x14  wifimgr.o [5]
  .rodata             const    0x080749f8     0x14  wifimgr.o [5]
  .rodata             const    0x08074a0c     0x14  wifimgr.o [5]
  .rodata             const    0x08074a20     0x14  wifimgr.o [5]
  .rodata             const    0x08074a34     0x14  wifimgr.o [5]
  .rodata             const    0x08074a48     0x14  wwd_sdpcm.o [5]
  .rodata             const    0x08074a5c     0x14  mftest.o [5]
  .rodata             const    0x08074a70     0x14  mftest.o [5]
  .rodata             const    0x08074a84     0x14  smart_config.o [5]
  .rodata             const    0x08074a98     0x14  smart_config.o [5]
  .rodata             const    0x08074aac     0x14  smart_config.o [5]
  .rodata             const    0x08074ac0     0x14  smart_config.o [5]
  .rodata             const    0x08074ad4     0x14  smart_config.o [5]
  .rodata             const    0x08074ae8     0x14  dns.o [5]
  .rodata             const    0x08074afc     0x14  wwd_wifi.o [5]
  .rodata             const    0x08074b10     0x14  wwd_wifi.o [5]
  .rodata             const    0x08074b24     0x14  wiced_network.o [5]
  .text               ro code  0x08074b38     0x12  startup_stm32f411xe_IAR.o [1]
  .rodata             const    0x08074b4c     0x10  mxchipWNET.o [5]
  .rodata             const    0x08074b5c     0x10  mxchipWNET.o [5]
  .rodata             const    0x08074b6c     0x10  wifimgr.o [5]
  .rodata             const    0x08074b7c     0x10  wifimgr.o [5]
  .rodata             const    0x08074b8c     0x10  wifimgr.o [5]
  .rodata             const    0x08074b9c     0x10  wifimgr.o [5]
  .rodata             const    0x08074bac     0x10  wifimgr.o [5]
  .rodata             const    0x08074bbc     0x10  wifimgr.o [5]
  .rodata             const    0x08074bcc     0x10  wifimgr.o [5]
  .rodata             const    0x08074bdc     0x10  wifimgr.o [5]
  .rodata             const    0x08074bec     0x10  wifimgr.o [5]
  .rodata             const    0x08074bfc     0x10  wifimgr.o [5]
  .rodata             const    0x08074c0c     0x10  wifimgr.o [5]
  .rodata             const    0x08074c1c     0x10  wwd_sdpcm.o [5]
  .rodata             const    0x08074c2c     0x10  memp.o [5]
  .rodata             const    0x08074c3c     0x10  memp.o [5]
  .rodata             const    0x08074c4c     0x10  memp.o [5]
  .rodata             const    0x08074c5c     0x10  memp.o [5]
  .rodata             const    0x08074c6c     0x10  memp.o [5]
  .rodata             const    0x08074c7c     0x10  memp.o [5]
  .rodata             const    0x08074c8c     0x10  mftest.o [5]
  .rodata             const    0x08074c9c     0x10  mftest.o [5]
  .rodata             const    0x08074cac     0x10  lwiptcpip.o [5]
  .rodata             const    0x08074cbc     0x10  smart_config.o [5]
  .rodata             const    0x08074ccc     0x10  smart_config.o [5]
  .rodata             const    0x08074cdc     0x10  smart_config.o [5]
  .rodata             const    0x08074cec     0x10  smart_config.o [5]
  .rodata             const    0x08074cfc     0x10  smart_config.o [5]
  .rodata             const    0x08074d0c     0x10  smart_config.o [5]
  .rodata             const    0x08074d1c     0x10  smart_config.o [5]
  .rodata             const    0x08074d2c     0x10  smart_config.o [5]
  .rodata             const    0x08074d3c     0x10  smart_config.o [5]
  .rodata             const    0x08074d4c     0x10  dns.o [5]
  .rodata             const    0x08074d5c     0x10  tcp.o [5]
  .rodata             const    0x08074d6c     0x10  wwd_wifi.o [5]
  .rodata             const    0x08074d7c     0x10  wwd_wifi.o [5]
  .rodata             const    0x08074d8c     0x10  wwd_wifi.o [5]
  .rodata             const    0x08074d9c     0x10  wwd_wifi.o [5]
  .rodata             const    0x08074dac     0x10  wifi.o [5]
  .rodata             const    0x08074dbc     0x10  wwd_ap.o [5]
  .rodata             const    0x08074dcc     0x10  wwd_ap_common.o [5]
  .rodata             const    0x08074ddc     0x10  wwd_ap_common.o [5]
  .rodata             const    0x08074dec      0xc  mico_config.o [1]
  .rodata             const    0x08074df8      0xc  wifimgr.o [5]
  .rodata             const    0x08074e04      0xc  wifimgr.o [5]
  .rodata             const    0x08074e10      0xc  wifimgr.o [5]
  .rodata             const    0x08074e1c      0xc  wifimgr.o [5]
  .rodata             const    0x08074e28      0xc  wifimgr.o [5]
  .rodata             const    0x08074e34      0xc  wifimgr.o [5]
  .rodata             const    0x08074e40      0xc  wifimgr.o [5]
  .rodata             const    0x08074e4c      0xc  wifimgr.o [5]
  .rodata             const    0x08074e58      0xc  wifimgr.o [5]
  .rodata             const    0x08074e64      0xc  wifimgr.o [5]
  .rodata             const    0x08074e70      0xc  wifimgr.o [5]
  .rodata             const    0x08074e7c      0xc  memp.o [5]
  .rodata             const    0x08074e88      0xc  memp.o [5]
  .rodata             const    0x08074e94      0xc  memp.o [5]
  .rodata             const    0x08074ea0      0xc  wwd_thread.o [5]
  .rodata             const    0x08074eac      0xc  smart_config.o [5]
  .rodata             const    0x08074eb8      0xc  smart_config.o [5]
  .rodata             const    0x08074ec4      0xc  smart_config.o [5]
  .rodata             const    0x08074ed0      0xc  smart_config.o [5]
  .rodata             const    0x08074edc      0xc  smart_config.o [5]
  .rodata             const    0x08074ee8      0xc  smart_config.o [5]
  .rodata             const    0x08074ef4      0xc  smart_config.o [5]
  .rodata             const    0x08074f00      0xc  smart_config.o [5]
  .rodata             const    0x08074f0c      0xc  smart_config.o [5]
  .rodata             const    0x08074f18      0xc  smart_config.o [5]
  .rodata             const    0x08074f24      0xc  smart_config.o [5]
  .rodata             const    0x08074f30      0xc  smart_config.o [5]
  .rodata             const    0x08074f3c      0xc  smart_config.o [5]
  .rodata             const    0x08074f48      0xc  smart_config.o [5]
  .rodata             const    0x08074f54      0xc  smart_config.o [5]
  .rodata             const    0x08074f60      0xc  smart_config.o [5]
  .rodata             const    0x08074f6c      0xc  smart_config.o [5]
  .rodata             const    0x08074f78      0xc  smart_config.o [5]
  .rodata             const    0x08074f84      0xc  smart_config.o [5]
  .rodata             const    0x08074f90      0xc  smart_config.o [5]
  .rodata             const    0x08074f9c      0xc  smart_config.o [5]
  .rodata             const    0x08074fa8      0xc  smart_config.o [5]
  .rodata             const    0x08074fb4      0xc  smart_config.o [5]
  .rodata             const    0x08074fc0      0xc  smart_config.o [5]
  .rodata             const    0x08074fcc      0xc  smart_config.o [5]
  .rodata             const    0x08074fd8      0xc  smart_config.o [5]
  .rodata             const    0x08074fe4      0xc  smart_config.o [5]
  .rodata             const    0x08074ff0      0xc  dns.o [5]
  .rodata             const    0x08074ffc      0xc  dns.o [5]
  .rodata             const    0x08075008      0xc  dns.o [5]
  .rodata             const    0x08075014      0xc  wwd_wifi.o [5]
  .rodata             const    0x08075020      0xc  wwd_wifi.o [5]
  .rodata             const    0x0807502c      0xc  wwd_wifi.o [5]
  .rodata             const    0x08075038      0xc  wwd_wifi.o [5]
  .rodata             const    0x08075044      0xc  tcp_in.o [5]
  .rodata             const    0x08075050      0xc  wwd_management.o [5]
  .rodata             const    0x0807505c      0xc  wwd_management.o [5]
  .rodata             const    0x08075068      0xc  dns_redirect.o [5]
  .rodata             const    0x08075074      0xc  dns_redirect.o [5]
  .rodata             const    0x08075080      0xc  wwd_ap.o [5]
  .rodata             const    0x0807508c      0xc  wwd_ap.o [5]
  .rodata             const    0x08075098      0xc  wwd_ap.o [5]
  .rodata             const    0x080750a4      0xc  wwd_ap.o [5]
  .rodata             const    0x080750b0      0xc  wwd_internal.o [5]
  .rodata             const    0x080750bc      0xc  dhcp_server.o [5]
  .rodata             const    0x080750c8      0xc  wwd_ap_common.o [5]
  .rodata             const    0x080750d4      0xc  wiced_lib.o [5]
  .text               ro code  0x080750e0      0xc  cstartup_M.o [10]
  .rodata             const    0x080750ec      0x8  sockets.o [5]
  .rodata             const    0x080750f4      0x8  sockets.o [5]
  .rodata             const    0x080750fc      0x8  sockets.o [5]
  .rodata             const    0x08075104      0x8  sockets.o [5]
  .rodata             const    0x0807510c      0x8  sockets.o [5]
  .rodata             const    0x08075114      0x8  sockets.o [5]
  .rodata             const    0x0807511c      0x8  mxchipWNET.o [5]
  .rodata             const    0x08075124      0x8  mxchipWNET.o [5]
  .rodata             const    0x0807512c      0x8  wifimgr.o [5]
  .rodata             const    0x08075134      0x8  wifimgr.o [5]
  .rodata             const    0x0807513c      0x8  wifimgr.o [5]
  .rodata             const    0x08075144      0x8  wifimgr.o [5]
  .rodata             const    0x0807514c      0x8  wifimgr.o [5]
  .rodata             const    0x08075154      0x8  wifimgr.o [5]
  .rodata             const    0x0807515c      0x8  wifimgr.o [5]
  .rodata             const    0x08075164      0x8  wifimgr.o [5]
  .rodata             const    0x0807516c      0x8  wifimgr.o [5]
  .rodata             const    0x08075174      0x8  wifimgr.o [5]
  .rodata             const    0x0807517c      0x8  wifimgr.o [5]
  .rodata             const    0x08075184      0x8  wifimgr.o [5]
  .rodata             const    0x0807518c      0x8  wifimgr.o [5]
  .rodata             const    0x08075194      0x8  memp.o [5]
  .rodata             const    0x0807519c      0x8  memp.o [5]
  .rodata             const    0x080751a4      0x8  memp.o [5]
  .rodata             const    0x080751ac      0x8  memp.o [5]
  .rodata             const    0x080751b4      0x8  memp.o [5]
  .rodata             const    0x080751bc      0x8  memp.o [5]
  .rodata             const    0x080751c4      0x8  memp.o [5]
  .rodata             const    0x080751cc      0x8  memp.o [5]
  .rodata             const    0x080751d4      0x8  smart_config.o [5]
  .rodata             const    0x080751dc      0x8  smart_config.o [5]
  .rodata             const    0x080751e4      0x8  smart_config.o [5]
  .rodata             const    0x080751ec      0x8  dns.o [5]
  .rodata             const    0x080751f4      0x8  dns.o [5]
  .rodata             const    0x080751fc      0x8  tcp.o [5]
  .rodata             const    0x08075204      0x8  wwd_wifi.o [5]
  .rodata             const    0x0807520c      0x8  wwd_wifi.o [5]
  .rodata             const    0x08075214      0x8  wwd_wifi.o [5]
  .rodata             const    0x0807521c      0x8  wwd_wifi.o [5]
  .rodata             const    0x08075224      0x8  wwd_wifi.o [5]
  .rodata             const    0x0807522c      0x8  tcp_in.o [5]
  .rodata             const    0x08075234      0x8  tcp_in.o [5]
  .rodata             const    0x0807523c      0x8  tcp_in.o [5]
  .rodata             const    0x08075244      0x8  tcp_in.o [5]
  .rodata             const    0x0807524c      0x8  wwd_management.o [5]
  .rodata             const    0x08075254      0x8  wwd_management.o [5]
  .rodata             const    0x0807525c      0x8  etharp.o [5]
  .rodata             const    0x08075264      0x8  etharp.o [5]
  .rodata             const    0x0807526c      0x8  etharp.o [5]
  .rodata             const    0x08075274      0x8  etharp.o [5]
  .rodata             const    0x0807527c      0x8  wwd_network.o [5]
  .rodata             const    0x08075284      0x8  dhcp_server.o [5]
  .rodata             const    0x0807528c      0x8  dhcp_server.o [5]
  .rodata             const    0x08075294      0x8  dhcp_server.o [5]
  .rodata             const    0x0807529c      0x8  dhcp_server.o [5]
  .text               ro code  0x080752a4      0x8  startup_stm32f411xe_IAR.o [1]
  .rodata             const    0x080752ac      0x4  ip_addr.o [5]
  .rodata             const    0x080752b0      0x4  ip_addr.o [5]
  .rodata             const    0x080752b4      0x4  smart_config.o [5]
  .rodata             const    0x080752b8      0x4  smart_config.o [5]
  .rodata             const    0x080752bc      0x4  dhcp_server.o [5]
  .rodata             const    0x080752c0      0x4  dhcp_server.o [5]
  .rodata             const    0x080752c4      0x4  dhcp_server.o [5]
  .rodata             const    0x080752c8      0x4  dhcp_server.o [5]
  .rodata             const    0x080752cc      0x4  dhcp_server.o [5]
  .text               ro code  0x080752d0      0x4  startup_stm32f411xe_IAR.o [1]
  .text               ro code  0x080752d4      0x4  startup_stm32f411xe_IAR.o [1]
  .text               ro code  0x080752d8      0x4  startup_stm32f411xe_IAR.o [1]
  .text               ro code  0x080752dc      0x4  startup_stm32f411xe_IAR.o [1]
  .text               ro code  0x080752e0      0x4  startup_stm32f411xe_IAR.o [1]
  .text               ro code  0x080752e4      0x4  startup_stm32f411xe_IAR.o [1]
  .text               ro code  0x080752e8      0x4  startup_stm32f411xe_IAR.o [1]
  .text               ro code  0x080752ec      0x4  startup_stm32f411xe_IAR.o [1]
  .text               ro code  0x080752f0      0x4  startup_stm32f411xe_IAR.o [1]
  .text               ro code  0x080752f4      0x4  startup_stm32f411xe_IAR.o [1]
  .text               ro code  0x080752f8      0x4  startup_stm32f411xe_IAR.o [1]
  .text               ro code  0x080752fc      0x4  startup_stm32f411xe_IAR.o [1]
  .text               ro code  0x08075300      0x4  startup_stm32f411xe_IAR.o [1]
  .text               ro code  0x08075304      0x4  startup_stm32f411xe_IAR.o [1]
  .text               ro code  0x08075308      0x4  startup_stm32f411xe_IAR.o [1]
  .text               ro code  0x0807530c      0x4  startup_stm32f411xe_IAR.o [1]
  .text               ro code  0x08075310      0x4  startup_stm32f411xe_IAR.o [1]
  .text               ro code  0x08075314      0x4  startup_stm32f411xe_IAR.o [1]
  .text               ro code  0x08075318      0x4  startup_stm32f411xe_IAR.o [1]
  .text               ro code  0x0807531c      0x4  startup_stm32f411xe_IAR.o [1]
  .text               ro code  0x08075320      0x4  startup_stm32f411xe_IAR.o [1]
  .text               ro code  0x08075324      0x4  startup_stm32f411xe_IAR.o [1]
  .text               ro code  0x08075328      0x4  startup_stm32f411xe_IAR.o [1]
  .text               ro code  0x0807532c      0x4  startup_stm32f411xe_IAR.o [1]
  .text               ro code  0x08075330      0x4  startup_stm32f411xe_IAR.o [1]
  .text               ro code  0x08075334      0x4  startup_stm32f411xe_IAR.o [1]
  .text               ro code  0x08075338      0x4  startup_stm32f411xe_IAR.o [1]
  .text               ro code  0x0807533c      0x4  startup_stm32f411xe_IAR.o [1]
  .text               ro code  0x08075340      0x4  startup_stm32f411xe_IAR.o [1]
  .text               ro code  0x08075344      0x4  startup_stm32f411xe_IAR.o [1]
  .text               ro code  0x08075348      0x4  startup_stm32f411xe_IAR.o [1]
  .text               ro code  0x0807534c      0x4  startup_stm32f411xe_IAR.o [1]
  .text               ro code  0x08075350      0x4  startup_stm32f411xe_IAR.o [1]
  .text               ro code  0x08075354      0x4  startup_stm32f411xe_IAR.o [1]
  .text               ro code  0x08075358      0x4  startup_stm32f411xe_IAR.o [1]
  .text               ro code  0x0807535c      0x4  startup_stm32f411xe_IAR.o [1]
  .text               ro code  0x08075360      0x4  startup_stm32f411xe_IAR.o [1]
  .text               ro code  0x08075364      0x4  startup_stm32f411xe_IAR.o [1]
  .text               ro code  0x08075368      0x4  startup_stm32f411xe_IAR.o [1]
  .text               ro code  0x0807536c      0x4  startup_stm32f411xe_IAR.o [1]
  .text               ro code  0x08075370      0x4  startup_stm32f411xe_IAR.o [1]
  .text               ro code  0x08075374      0x4  startup_stm32f411xe_IAR.o [1]
  .text               ro code  0x08075378      0x4  startup_stm32f411xe_IAR.o [1]
  .text               ro code  0x0807537c      0x4  startup_stm32f411xe_IAR.o [1]
  .text               ro code  0x08075380      0x4  startup_stm32f411xe_IAR.o [1]
  .text               ro code  0x08075384      0x4  startup_stm32f411xe_IAR.o [1]
  .text               ro code  0x08075388      0x4  startup_stm32f411xe_IAR.o [1]
  .text               ro code  0x0807538c      0x4  startup_stm32f411xe_IAR.o [1]
  .text               ro code  0x08075390      0x0  cstart_clearlocks.o [10]
  .text               ro code  0x08075390      0x0  cstart_closeall.o [10]
  .rodata             const    0x08075390      0x0  zero_init3.o [10]
  .rodata             const    0x08075390      0x0  lz77_init.o [10]
  Initializer bytes   ro data  0x08075390    0x1c5  <for P2 s0>
                             - 0x08075555  0x693bd

"P2":                                      0x1d8a0
  P2 s0                        0x20000000    0x62a  <Init block>
    .data             inited   0x20000000     0xc8  button.o [1]
    .data             inited   0x200000c8     0x94  fog_ota.o [1]
    __DLIB_PERTHREAD  inited   0x2000015c     0x8c  rand.o [7]
    __DLIB_PERTHREAD  inited   0x200001e8     0x88  localeconv.o [7]
    __DLIB_PERTHREAD  inited   0x20000270     0x74  setlocale.o [7]
    .data             inited   0x200002e4     0x54  internal.o [4]
    .data             inited   0x20000338     0x44  bme280_user.o [1]
    .data             inited   0x2000037c     0x40  memp.o [5]
    .data             inited   0x200003bc     0x40  xfiles.o [7]
    .data             inited   0x200003fc     0x40  xfiles.o [7]
    .data             inited   0x2000043c     0x40  xfiles.o [7]
    .data             inited   0x2000047c     0x20  mico_mdns.o [1]
    .data             inited   0x2000049c     0x20  wiced_network.o [5]
    .data             inited   0x200004bc     0x20  xfiles.o [7]
    .data             inited   0x200004dc     0x14  fog_v2.o [1]
    .data             inited   0x200004f0     0x14  ssl_wrap.o [4]
    .data             inited   0x20000504     0x10  fog_tcp_server.o [1]
    .data             inited   0x20000514     0x10  mico_rtos.o [1]
    .data             inited   0x20000524     0x10  mico_rtos_common.o [1]
    .data             inited   0x20000534     0x10  stm32f4xx_rcc.o [1]
    .data             inited   0x20000544     0x10  tcp.o [5]
    .data             inited   0x20000554      0xc  wwd_internal.o [5]
    .data             inited   0x20000560      0x8  APDS9930.o [1]
    .data             inited   0x20000568      0x8  platform_rtc.o [1]
    .data             inited   0x20000570      0x4  json_object.o [1]
    .data             inited   0x20000574      0x4  json_object.o [1]
    .data             inited   0x20000578      0x4  json_tokener.o [1]
    .data             inited   0x2000057c      0x4  mico_config.o [1]
    .data             inited   0x20000580      0x4  mico_config.o [1]
    .data             inited   0x20000584      0x4  port.o [1]
    .data             inited   0x20000588      0x4  wifimgr.o [5]
    .data             inited   0x2000058c      0x4  wifimgr.o [5]
    .data             inited   0x20000590      0x4  wifimgr.o [5]
    .data             inited   0x20000594      0x4  wifimgr.o [5]
    .data             inited   0x20000598      0x4  wifimgr.o [5]
    .data             inited   0x2000059c      0x4  wifimgr.o [5]
    .data             inited   0x200005a0      0x4  wifimgr.o [5]
    .data             inited   0x200005a4      0x4  wwd_sdpcm.o [5]
    .data             inited   0x200005a8      0x4  mftest.o [5]
    .data             inited   0x200005ac      0x4  mftest.o [5]
    .data             inited   0x200005b0      0x4  smart_config.o [5]
    .data             inited   0x200005b4      0x4  smart_config.o [5]
    .data             inited   0x200005b8      0x4  smart_config.o [5]
    .data             inited   0x200005bc      0x4  tcp.o [5]
    .data             inited   0x200005c0      0x4  wwd_firmware.o [5]
    .data             inited   0x200005c4      0x4  wifi.o [5]
    .data             inited   0x200005c8      0x4  wwd_ap.o [5]
    .data             inited   0x200005cc      0x4  wwd_ap.o [5]
    .data             inited   0x200005d0      0x4  integer.o [4]
    .data             inited   0x200005d4      0x4  asn.o [4]
    .data             inited   0x200005d8      0x4  asn.o [4]
    .data             inited   0x200005dc      0x4  asn.o [4]
    .data             inited   0x200005e0      0x4  asn.o [4]
    .data             inited   0x200005e4      0x4  asn.o [4]
    .data             inited   0x200005e8      0x4  asn.o [4]
    .data             inited   0x200005ec      0x4  asn.o [4]
    .data             inited   0x200005f0      0x4  asn.o [4]
    .data             inited   0x200005f4      0x4  asn.o [4]
    .data             inited   0x200005f8      0x4  asn.o [4]
    .data             inited   0x200005fc      0x4  asn.o [4]
    .data             inited   0x20000600      0x4  asn.o [4]
    .data             inited   0x20000604      0x4  asn.o [4]
    .data             inited   0x20000608      0x4  asn.o [4]
    .data             inited   0x2000060c      0x4  asn.o [4]
    .data             inited   0x20000610      0x4  asn.o [4]
    .data             inited   0x20000614      0x4  asn.o [4]
    .data             inited   0x20000618      0x4  asn.o [4]
    .data             inited   0x2000061c      0x4  asn.o [4]
    .data             inited   0x20000620      0x4  asn.o [4]
    __DLIB_PERTHREAD  inited   0x20000624      0x4  errno.o [7]
    .data             inited   0x20000628      0x1  platform_spi.o [1]
    .data             inited   0x20000629      0x1  smart_config.o [5]
  .bss                zero     0x2000062c   0x533c  memp.o [5]
  .bss                zero     0x20005968    0x818  wlan_bus_SDIO.o [1]
  .bss                zero     0x20006180    0x580  smart_config.o [5]
  .bss                zero     0x20006700    0x460  dns.o [5]
  .bss                zero     0x20006b60    0x204  dns.o [5]
  .bss                zero     0x20006d64    0x1d8  dlmalloc.o [5]
  .bss                zero     0x20006f3c    0x180  sockets.o [5]
  .bss                zero     0x200070bc    0x144  user_uart_data_process.o [1]
  .bss                zero     0x20007200    0x110  user_uart.o [1]
  .bss                zero     0x20007310    0x100  smart_config.o [5]
  .bss                zero     0x20007410    0x100  smart_config.o [5]
  .bss                zero     0x20007510     0xc8  tasks.o [1]
  .bss                zero     0x200075d8     0xc0  platform_gpio.o [1]
  .bss                zero     0x20007698     0xa0  tasks.o [1]
  .bss                zero     0x20007738     0xa0  etharp.o [5]
  .bss                zero     0x200077d8     0x88  wiced_network.o [5]
  .bss                zero     0x20007860     0x80  mico_mdns.o [1]
  .bss                zero     0x200078e0     0x80  XShHandles.o [7]
  .bss                zero     0x20007960     0x70  wifimgr.o [5]
  .bss                zero     0x200079d0     0x64  dhcp_server.o [5]
  .bss                zero     0x20007a34     0x60  sockets.o [5]
  .bss                zero     0x20007a94     0x58  mico_cli.o [1]
  .bss                zero     0x20007aec     0x58  platform.o [1]
  .bss                zero     0x20007b44     0x58  platform_init.o [1]
  .bss                zero     0x20007b9c     0x50  mico_system_notification.o [1]
  .bss                zero     0x20007bec     0x50  smart_config.o [5]
  .bss                zero     0x20007c3c     0x50  xfiles.o [7]
  .bss                zero     0x20007c8c     0x50  xfiles.o [7]
  .bss                zero     0x20007cdc     0x44  netif.o [5]
  .bss                zero     0x20007d20     0x40  qc_test_cli.o [1]
  .bss                zero     0x20007d60     0x40  memp.o [5]
  .bss                zero     0x20007da0     0x40  memp.o [5]
  .bss                zero     0x20007de0     0x40  smart_config.o [5]
  .bss                zero     0x20007e20     0x3c  timers.o [1]
  .bss                zero     0x20007e5c     0x3c  wifimgr.o [5]
  .bss                zero     0x20007e98     0x3c  wifimgr.o [5]
  .bss                zero     0x20007ed4     0x3c  wifimgr.o [5]
  .bss                zero     0x20007f10     0x3c  wifimgr.o [5]
  .bss                zero     0x20007f4c     0x3c  wwd_sdpcm.o [5]
  .bss                zero     0x20007f88     0x3c  wiced_network.o [5]
  .bss                zero     0x20007fc4     0x38  wiced_network.o [5]
  .bss                zero     0x20007ffc     0x38  xsyslock_mtx.o [7]
  .bss                zero     0x20008034     0x30  mftest.o [5]
  .bss                zero     0x20008064     0x30  mftest.o [5]
  .bss                zero     0x20008094     0x28  mico_system_monitor.o [1]
  .bss                zero     0x200080bc     0x28  wifimgr.o [5]
  .bss                zero     0x200080e4     0x28  smart_config.o [5]
  .bss                zero     0x2000810c     0x28  dnsclient.o [5]
  .bss                zero     0x20008134     0x28  wiced_ping.o [5]
  .bss                zero     0x2000815c     0x28  dhcp.o [5]
  .bss                zero     0x20008184     0x24  mico_platform_common.o [1]
  .bss                zero     0x200081a8     0x24  wifimgr.o [5]
  .bss                zero     0x200081cc     0x20  fog_http_client.o [1]
  .bss                zero     0x200081ec     0x20  smart_config.o [5]
  .bss                zero     0x2000820c     0x20  dhcp_server.o [5]
  .bss                zero     0x2000822c     0x1c  config_server.o [1]
  .bss                zero     0x20008248     0x1c  mico_system_power_daemon.o [1]
  .bss                zero     0x20008264     0x18  platform.o [1]
  .bss                zero     0x2000827c     0x18  mftest.o [5]
  .bss                zero     0x20008294     0x18  dlmalloc.o [5]
  .bss                zero     0x200082b0     0x14  platform_nsclock.o [1]
  .bss                zero     0x200082c4     0x14  system_easylink.o [1]
  .bss                zero     0x200082d8     0x14  wifimgr.o [5]
  .bss                zero     0x200082ec     0x14  netdb.o [5]
  .bss                zero     0x20008300     0x14  mftest.o [5]
  .bss                zero     0x20008314     0x14  tcp_in.o [5]
  .bss                zero     0x20008328     0x14  wiced_network.o [5]
  .bss                zero     0x2000833c     0x14  wiced_network.o [5]
  .bss                zero     0x20008350     0x10  mico_rtos_common.o [1]
  .bss                zero     0x20008360     0x10  platform_watchdog.o [1]
  .bss                zero     0x20008370     0x10  qc_test.o [1]
  .bss                zero     0x20008380     0x10  system_easylink_delegate.o [1]
  .bss                zero     0x20008390     0x10  mxchipWNET.o [5]
  .bss                zero     0x200083a0     0x10  ip_addr.o [5]
  .bss                zero     0x200083b0     0x10  smart_config.o [5]
  .bss                zero     0x200083c0      0xc  platform_flash.o [1]
  .bss                zero     0x200083cc      0xc  smart_config.o [5]
  .bss                zero     0x200083d8      0xc  dhcp.o [5]
  .bss                zero     0x200083e4      0x8  fog_tcp_server.o [1]
  .bss                zero     0x200083ec      0x8  mico_system_para_storage.o [1]
  .bss                zero     0x200083f4      0x8  micokit_ext_mfg.o [1]
  .bss                zero     0x200083fc      0x8  platform.o [1]
  .bss                zero     0x20008404      0x8  wifimgr.o [5]
  .bss                zero     0x2000840c      0x8  wifimgr.o [5]
  .bss                zero     0x20008414      0x8  wifimgr.o [5]
  .bss                zero     0x2000841c      0x8  netdb.o [5]
  .bss                zero     0x20008424      0x8  smart_config.o [5]
  .bss                zero     0x2000842c      0x8  smart_config.o [5]
  .bss                zero     0x20008434      0x8  smart_config.o [5]
  .bss                zero     0x2000843c      0x8  dns.o [5]
  .bss                zero     0x20008444      0x8  wifi.o [5]
  .bss                zero     0x2000844c      0x8  wwd_management.o [5]
  .bss                zero     0x20008454      0x8  ssl.o [4]
  .bss                zero     0x2000845c      0x4  bme280.o [1]
[...]
wiced_ping_send         0x0805b281    0x8c  Code  Gb  wiced_ping.o [5]
wiced_process_bus_credit_update
                        0x08048d51    0x72  Code  Gb  wwd_sdpcm.o [5]
wiced_process_sdpcm     0x08048dc3   0x372  Code  Gb  wwd_sdpcm.o [5]
wiced_quit_sdpcm        0x08048c49    0x4e  Code  Gb  wwd_sdpcm.o [5]
wiced_read_backplane_value
                        0x0805d4b9    0x36  Code  Gb  wwd_bus_protocol.o [5]
wiced_read_frame        0x0805d305   0x182  Code  Gb  wwd_bus_protocol.o [5]
wiced_read_register_value
                        0x0805d825    0x32  Code  Gb  wwd_bus_protocol.o [5]
wiced_receive_one_packet
                        0x0805d995    0x38  Code  Gb  wwd_thread.o [5]
wiced_reset_device_core
                        0x0806810b    0x9e  Code  Gb  wwd_internal.o [5]
wiced_rtos_create_thread
                        0x08048a3b    0x12  Code  Gb  wiced_rtos.o [5]
wiced_rtos_deinit_semaphore
                        0x08048a93     0x8  Code  Gb  wiced_rtos.o [5]
wiced_rtos_delay_milliseconds
                        0x08048ad1     0x8  Code  Gb  wiced_rtos.o [5]
wiced_rtos_delete_thread
                        0x08048a4d     0x8  Code  Gb  wiced_rtos.o [5]
wiced_rtos_deregister_timed_event
                        0x08048ae7     0x8  Code  Gb  wiced_rtos.o [5]
wiced_rtos_enter_critical
                        0x08048aef     0x8  Code  Gb  wiced_rtos.o [5]
wiced_rtos_exit_critical
                        0x08048af7     0x8  Code  Gb  wiced_rtos.o [5]
wiced_rtos_get_semaphore
                        0x08048a83     0x8  Code  Gb  wiced_rtos.o [5]
wiced_rtos_init         0x08048a33     0x8  Code  Gb  wiced_rtos.o [5]
wiced_rtos_init_mutex   0x08048a9b     0x8  Code  Gb  wiced_rtos.o [5]
wiced_rtos_init_semaphore
                        0x08048a77     0xc  Code  Gb  wiced_rtos.o [5]
wiced_rtos_is_current_thread
                        0x08048a5d     0xa  Code  Gb  wiced_rtos.o [5]
wiced_rtos_is_queue_empty
                        0x08048ab3    0x16  Code  Gb  wiced_rtos.o [5]
wiced_rtos_lock_mutex   0x08048aa3     0x8  Code  Gb  wiced_rtos.o [5]
wiced_rtos_register_timed_event
                        0x08048ad9     0xe  Code  Gb  wiced_rtos.o [5]
wiced_rtos_send_asynchronous_event
                        0x08048ac9     0x8  Code  Gb  wiced_rtos.o [5]
wiced_rtos_set_semaphore
                        0x08048a8b     0x8  Code  Gb  wiced_rtos.o [5]
wiced_rtos_thread_force_awake
                        0x08048a67     0x8  Code  Gb  wiced_rtos.o [5]
wiced_rtos_thread_join  0x08048a55     0x8  Code  Gb  wiced_rtos.o [5]
wiced_rtos_unlock_mutex
                        0x08048aab     0x8  Code  Gb  wiced_rtos.o [5]
wiced_sdio_redirect_oob_interrupt
                        0x0805d88b    0x36  Code  Lc  wwd_bus_protocol.o [5]
wiced_sdio_transfer     0x0805d523    0x94  Code  Lc  wwd_bus_protocol.o [5]
wiced_sdpcm_ioctl_mutex
                        0x200084c8     0x4  Data  Lc  wwd_sdpcm.o [5]
wiced_sdpcm_send_queue_head
                        0x200084dc     0x4  Data  Lc  wwd_sdpcm.o [5]
wiced_sdpcm_send_queue_mutex
                        0x200084d8     0x4  Data  Lc  wwd_sdpcm.o [5]
wiced_sdpcm_send_queue_tail
                        0x200084e0     0x4  Data  Lc  wwd_sdpcm.o [5]
wiced_send_ioctl        0x08049139   0x200  Code  Gb  wwd_sdpcm.o [5]
wiced_send_iovar        0x08048c97    0x30  Code  Gb  wwd_sdpcm.o [5]
wiced_send_one_packet   0x0805d953    0x42  Code  Gb  wwd_thread.o [5]
wiced_send_sdpcm_common
                        0x0804962d    0x90  Code  Lc  wwd_sdpcm.o [5]
wiced_set_backplane_window
                        0x08067f5d    0xa8  Code  Gb  wwd_internal.o [5]
wiced_set_next_buffer_in_queue
                        0x080496c7     0xe  Code  Lc  wwd_sdpcm.o [5]
wiced_start_dhcp_server
                        0x0805f599    0x58  Code  Gb  dhcp_server.o [5]
wiced_stop_dhcp         0x08048229     0x8  Code  Gb  wiced_network.o [5]
wiced_stop_dhcp_server  0x0805f5f1    0x2a  Code  Gb  dhcp_server.o [5]
wiced_tcp_bind          0x0804083f    0x56  Code  Gb  tcpip.o [5]
wiced_tcp_connect       0x08040785    0xba  Code  Gb  tcpip.o [5]
wiced_tcp_create_socket
                        0x08040727    0x5e  Code  Gb  tcpip.o [5]
wiced_tcp_send_packet   0x08040895    0x20  Code  Gb  tcpip.o [5]
wiced_tcp_start_tls     0x0805b417     0x6  Code  Gb  mxchipbesl.o [5]
wiced_thread            0x2000850c     0x4  Data  Lc  wwd_thread.o [5]
wiced_thread_func       0x0805da2d   0x132  Code  Lc  wwd_thread.o [5]
wiced_thread_init       0x0805d905    0x4e  Code  Gb  wwd_thread.o [5]
wiced_thread_notify     0x0805da17    0x14  Code  Gb  wwd_thread.o [5]
wiced_thread_quit       0x0805d9cd    0x28  Code  Gb  wwd_thread.o [5]
wiced_thread_quit_flag  0x20008682     0x1  Data  Lc  wwd_thread.o [5]
wiced_time_get_time     0x08048a6f     0x8  Code  Gb  wiced_rtos.o [5]
wiced_tls_encrypt_packet
                        0x0805b411     0x6  Code  Gb  mxchipbesl.o [5]
wiced_transceive_semaphore
                        0x20008510     0x4  Data  Lc  wwd_thread.o [5]
wiced_udp_create_socket
                        0x08040abd    0x86  Code  Gb  tcpip.o [5]
wiced_udp_delete_socket
                        0x08040c19    0x2a  Code  Gb  tcpip.o [5]
wiced_udp_packet_get_info
                        0x080409ed    0x1c  Code  Gb  tcpip.o [5]
wiced_udp_receive       0x08040bd1    0x48  Code  Gb  tcpip.o [5]
wiced_udp_send          0x08040b43    0x8e  Code  Gb  tcpip.o [5]
wiced_using_dhcp        0x20008695     0x1  Data  Lc  wiced_network.o [5]
wiced_wifi_add_packet_filter
                        0x0804370d    0x86  Code  Gb  wwd_wifi.o [5]
wiced_wifi_ap_is_up     0x20008697     0x1  Data  Gb  wwd_ap.o [5]
wiced_wifi_disable_monitor_mode
                        0x080435c1    0x5c  Code  Gb  wwd_wifi.o [5]
wiced_wifi_enable_monitor_mode
                        0x0804355d    0x5c  Code  Gb  wwd_wifi.o [5]
wiced_wifi_enable_packet_filter
                        0x080437c1     0xc  Code  Gb  wwd_wifi.o [5]
wiced_wifi_enable_powersave_with_throughput
                        0x08043209    0x8a  Code  Gb  wwd_wifi.o [5]
wiced_wifi_get_ap_name  0x08043809    0x72  Code  Gb  wwd_wifi.o [5]
wiced_wifi_get_channel  0x0804364d     0xc  Code  Gb  wwd_wifi.o [5]
wiced_wifi_get_mac_address
                        0x08043109    0x58  Code  Gb  wwd_wifi.o [5]
wiced_wifi_get_pmk      0x080432a1    0x86  Code  Gb  wwd_wifi.o [5]
wiced_wifi_get_rssi     0x0804350d    0x4c  Code  Gb  wwd_wifi.o [5]
wiced_wifi_get_wifi_version
                        0x08043905    0x52  Code  Gb  wwd_wifi.o [5]
wiced_wifi_is_packet_from_ap
                        0x08048a15     0xe  Code  Gb  wwd_ap.o [5]
wiced_wifi_is_ready_to_transceive
                        0x08043199    0x70  Code  Gb  wwd_wifi.o [5]
wiced_wifi_join         0x080428ad   0x124  Code  Gb  wwd_wifi.o [5]
wiced_wifi_join_specific
                        0x080429d1   0x194  Code  Gb  wwd_wifi.o [5]
wiced_wifi_leave        0x08042f6b    0x66  Code  Gb  wwd_wifi.o [5]
wiced_wifi_prepare_join
                        0x08042b65   0x406  Code  Lc  wwd_wifi.o [5]
wiced_wifi_register_multicast_address
                        0x08043327    0xd0  Code  Gb  wwd_wifi.o [5]
wiced_wifi_remove_packet_filter
                        0x08043793    0x2e  Code  Gb  wwd_wifi.o [5]
wiced_wifi_scan         0x080423e5   0x150  Code  Gb  wwd_wifi.o [5]
wiced_wifi_scan_networks
                        0x08040295   0x12a  Code  Gb  wifi.o [5]
wiced_wifi_set_channel  0x08043697     0xc  Code  Gb  wwd_wifi.o [5]
wiced_wifi_set_down     0x08043621    0x20  Code  Gb  wwd_wifi.o [5]
wiced_wifi_set_maxassoc
                        0x08043957    0x2c  Code  Gb  wwd_wifi.o [5]
wiced_wifi_set_nmode    0x08043165    0x2e  Code  Gb  wwd_wifi.o [5]
wiced_wifi_sleep_flag   0x20008630     0x4  Data  Lc  wwd_ap.o [5]
wiced_wifi_start_ap     0x08048495   0x444  Code  Gb  wwd_ap.o [5]
wiced_wifi_stop_ap      0x080488d9   0x100  Code  Gb  wwd_ap.o [5]
wiced_wifi_stop_scan    0x08042535    0x58  Code  Gb  wwd_wifi.o [5]
wiced_wifi_toggle_packet_filter
                        0x080437cd    0x32  Code  Gb  wwd_wifi.o [5]
wiced_wifi_unregister_multicast_address
                        0x0804340d    0xf0  Code  Gb  wwd_wifi.o [5]
wiced_wlan_status       0x20000554     0xc  Data  Gb  wwd_internal.o [5]
wiced_write_backplane_value
                        0x0805d487    0x32  Code  Gb  wwd_bus_protocol.o [5]
wiced_write_register_value
                        0x0805d4ef    0x1e  Code  Gb  wwd_bus_protocol.o [5]
wiced_write_wifi_firmware_image
                        0x080681bd    0xbe  Code  Gb  wwd_firmware.o [5]
wiced_write_wifi_nvram_image
                        0x0806827b   0x160  Code  Gb  wwd_firmware.o [5]
wifi_control_pins       0x0807252c    0x10  Data  Gb  platform.o [1]
wifi_join_aping         0x20008690     0x1  Data  Lc  wwd_wifi.o [5]
wifi_mgmt_parse         0x08045e2d   0x110  Code  Lc  smart_config.o [5]
wifi_nvram_image        0x08072574   0x30c  Data  Lc  wwd_firmware.o [5]
wifi_power_down         0x0802d645    0x26  Code  Gb  mxchipWNET.o [5]
wifi_power_is_down      0x20008494     0x4  Data  Lc  mxchipWNET.o [5]
wifi_power_up           0x0802d66b    0x20  Code  Gb  mxchipWNET.o [5]
wifi_reboot_event       0x08026f0f    0x16  Code  Gb  mico_system_notification.o [1]
wifi_reboot_only        0x080320f1    0x36  Code  Gb  wifimgr.o [5]
wifi_sdio_pins          0x0807253c    0x38  Data  Gb  platform.o [1]
wifi_sem                0x20008468     0x4  Data  Lc  MICOAppEntrance.o [1]
wifi_send_data_to_mcu_event
                        0x0806bd4d   0x522  Code  Gb  user_uart_data_process.o [1]
wifi_status_callback    0x0802d4a1    0x74  Code  Gb  mxchipWNET.o [5]
wifi_uart_rx_buff       0x200070f4   0x100  Data  Gb  user_uart_data_process.o [1]
wifi_uart_rx_queue      0x200071f4     0x4  Data  Gb  user_uart_data_process.o [1]
wifi_uart_tx_mutex      0x200071fc     0x4  Data  Lc  user_uart_data_process.o [1]
wifi_up                 0x2000847c     0x4  Data  Lc  tftp_ota.o [1]
wifidebug_Command       0x0803275f    0x70  Code  Gb  wifimgr.o [5]
wifimgr_debug_enable    0x08030b95    0x1c  Code  Gb  wifimgr.o [5]
wifimgr_sem             0x200084ac     0x4  Data  Lc  wifimgr.o [5]
wifimgr_thread          0x0803212d   0x178  Code  Lc  wifimgr.o [5]
wifiscan_Command        0x08032809   0x266  Code  Gb  wifimgr.o [5]
wifistate_Command       0x08032575   0x1ea  Code  Gb  wifimgr.o [5]
wlan_disconnect         0x080315e9    0x48  Code  Gb  wifimgr.o [5]
wlan_driver_version     0x0802d68b    0x22  Code  Gb  mxchipWNET.o [5]
wlan_get_mac_address    0x08031fd3     0x8  Code  Gb  wifimgr.o [5]
wlan_init               0x080320c1    0x28  Code  Gb  wifimgr.o [5]
wlan_notify_irq         0x0805d9f5    0x22  Code  Gb  wwd_thread.o [5]
wlu_is_ali_ie           0x0804517f    0x36  Code  Lc  smart_config.o [5]
wlu_is_wpa_ie           0x080438cf    0x36  Code  Lc  wwd_wifi.o [5]
wlu_parse_tlvs          0x08045159    0x26  Code  Lc  smart_config.o [5]
wlu_parse_tlvs          0x080438a9    0x26  Code  Lc  wwd_wifi.o [5]
wolfCrypt_Init          0x080140c9     0xe  Code  Gb  wc_port.o [4]
wolfSSL_CTX_free        0x08014301    0x16  Code  Gb  ssl.o [4]
wolfSSL_CTX_load_verify_buffer
                        0x08016349    0x36  Code  Gb  ssl.o [4]
wolfSSL_CTX_new         0x080142fd     0x4  Code  Gb  ssl.o [4]
wolfSSL_CTX_new_ex      0x0801421b    0x7a  Code  Gb  ssl.o [4]
wolfSSL_CTX_set_cipher_list
                        0x08015939    0x36  Code  Gb  ssl.o [4]
wolfSSL_CTX_set_verify  0x08015869    0x44  Code  Gb  ssl.o [4]
wolfSSL_CTX_use_PrivateKey_buffer
                        0x0801639f    0x1a  Code  Gb  ssl.o [4]
wolfSSL_CTX_use_certificate_buffer
                        0x0801637f    0x20  Code  Gb  ssl.o [4]
wolfSSL_CertManagerFree
                        0x080147bd    0x2c  Code  Gb  ssl.o [4]
wolfSSL_CertManagerNew_ex
                        0x08014749    0x4a  Code  Gb  ssl.o [4]
wolfSSL_DeriveTlsKeys   0x0801d71b    0x16  Code  Gb  tls.o [4]
wolfSSL_GetHmacType     0x0801d829    0x30  Code  Gb  tls.o [4]
wolfSSL_GetMacSecret    0x0801468f    0x1e  Code  Gb  ssl.o [4]
wolfSSL_Init            0x08014c45    0x5c  Code  Gb  ssl.o [4]
wolfSSL_MakeTlsMasterSecret
                        0x0801d785    0x14  Code  Gb  tls.o [4]
wolfSSL_SetTlsHmacInner
                        0x0801d859    0x66  Code  Gb  tls.o [4]
wolfSSL_UnloadCertsKeys
                        0x080163d9    0x68  Code  Gb  ssl.o [4]
wolfSSL_accept          0x08015e3d   0x248  Code  Gb  ssl.o [4]
wolfSSL_connect         0x080159b9   0x210  Code  Gb  ssl.o [4]
wolfSSL_dtls            0x0801444f     0x8  Code  Gb  ssl.o [4]
wolfSSL_free            0x08014371    0x18  Code  Gb  ssl.o [4]
wolfSSL_get_fd          0x080143e1    0x1c  Code  Gb  ssl.o [4]
wolfSSL_get_using_nonblock
                        0x08014409    0x24  Code  Gb  ssl.o [4]
wolfSSL_negotiate       0x08014457    0x3e  Code  Gb  ssl.o [4]
wolfSSL_new             0x08014329    0x36  Code  Gb  ssl.o [4]
wolfSSL_read            0x08014569    0x1a  Code  Gb  ssl.o [4]
wolfSSL_read_internal   0x08014505    0x4a  Code  Lc  ssl.o [4]
wolfSSL_set_fd          0x080143a1    0x2c  Code  Gb  ssl.o [4]
wolfSSL_set_verify      0x080158cd    0x56  Code  Gb  ssl.o [4]
wolfSSL_shutdown        0x080145b5    0x9c  Code  Gb  ssl.o [4]
wolfSSL_write           0x080144b5    0x42  Code  Gb  ssl.o [4]
wolfTLSv1_1_client_method
                        0x0801d931     0x4  Code  Gb  tls.o [4]
wolfTLSv1_1_client_method_ex
                        0x0801d94b    0x16  Code  Gb  tls.o [4]
wolfTLSv1_1_server_method
                        0x0801d97d     0x4  Code  Gb  tls.o [4]
wolfTLSv1_1_server_method_ex
                        0x0801d9a9    0x1a  Code  Gb  tls.o [4]
wolfTLSv1_2_client_method
                        0x0801d961     0x2  Code  Gb  tls.o [4]
wolfTLSv1_2_client_method_ex
                        0x0801d963    0x16  Code  Gb  tls.o [4]
wolfTLSv1_2_server_method
                        0x0801d9c3     0x2  Code  Gb  tls.o [4]
wolfTLSv1_2_server_method_ex
                        0x0801d9c5    0x1a  Code  Gb  tls.o [4]
wolfTLSv1_client_method
                        0x0801d92d     0x4  Code  Gb  tls.o [4]
wolfTLSv1_client_method_ex
                        0x0801d935    0x16  Code  Gb  tls.o [4]
wolfTLSv1_server_method
                        0x0801d979     0x4  Code  Gb  tls.o [4]
wolfTLSv1_server_method_ex
                        0x0801d981    0x1a  Code  Gb  tls.o [4]
wolfssl_log             0x08014105     0xc  Code  Lc  logging.o [4]
work_mode               0x20008584     0x4  Data  Lc  smart_config.o [5]
worker_thread_main      0x0803379d    0x1c  Code  Lc  mico_rtos_common.o [1]
wps_running             0x2000868b     0x1  Data  Lc  wps_host.o [5]
write                   0x0803cf75     0x6  Code  Gb  mico_socket.o [1]
writeCString            0x08069b07    0x38  Code  Gb  MQTTPacket.o [1]
writeChar               0x08069ae7     0x4  Code  Gb  MQTTPacket.o [1]
writeInt                0x08069aeb    0x12  Code  Gb  MQTTPacket.o [1]
writeMQTTString         0x08069b3f    0x58  Code  Gb  MQTTPacket.o [1]
wwd_allow_wlan_bus_to_sleep
                        0x08067f25    0x30  Code  Gb  wwd_chip_specific_functions.o [5]
wwd_bus_specific_sleep  0x0805d887     0x4  Code  Gb  wwd_bus_protocol.o [5]
wwd_bus_specific_wakeup
                        0x0805d883     0x4  Code  Gb  wwd_bus_protocol.o [5]
wwd_chip_specific_init  0x08067ea1     0x4  Code  Gb  wwd_chip_specific_functions.o [5]
wwd_chip_specific_socsram_init
                        0x08067ea5     0x4  Code  Gb  wwd_chip_specific_functions.o [5]
wwd_ensure_wlan_bus_is_up
                        0x08067ea9    0x7c  Code  Gb  wwd_chip_specific_functions.o [5]
wwd_management_set_event_handler
                        0x08049343   0x18a  Code  Gb  wwd_sdpcm.o [5]
wwd_thread_line         0x20008504     0x4  Data  Gb  wwd_thread.o [5]
wwd_wifi_get_channel    0x08043659    0x3e  Code  Gb  wwd_wifi.o [5]
wwd_wifi_set_ampdu_parameters
                        0x08048a23    0x10  Code  Gb  wwd_ap.o [5]
wwd_wifi_set_ampdu_parameters_common
                        0x0805fc19    0x52  Code  Gb  wwd_ap_common.o [5]
wwd_wifi_set_channel    0x080436a3    0x62  Code  Gb  wwd_wifi.o [5]
wwd_wifi_set_iovar_value
                        0x0804387b    0x2e  Code  Gb  wwd_wifi.o [5]
xActiveTimerList1       0x20007e34    0x14  Data  Lc  timers.o [1]
xActiveTimerList2       0x20007e48    0x14  Data  Lc  timers.o [1]
xDelayedTaskList1       0x2000770c    0x14  Data  Lc  tasks.o [1]
xDelayedTaskList2       0x20007720    0x14  Data  Lc  tasks.o [1]
xIdleTaskHandle         0x20007734     0x4  Data  Lc  tasks.o [1]
xNextTaskUnblockTime    0x20007704     0x4  Data  Lc  tasks.o [1]
xNumOfOverflows         0x200076fc     0x4  Data  Lc  tasks.o [1]
xPendingReadyList       0x20007698    0x14  Data  Lc  tasks.o [1]
xPortPendSVHandler      0x0803ce49          Code  Gb  portasm.o [1]
xPortStartScheduler     0x080269fd    0x34  Code  Gb  port.o [1]
xPortSysTickHandler     0x08026a5b    0x26  Code  Gb  port.o [1]
xQueueCreateCountingSemaphore
                        0x080264fd    0x2c  Code  Gb  queue.o [1]
xQueueCreateMutex       0x08026481    0x7c  Code  Gb  queue.o [1]
xQueueGenericCreate     0x08026407    0x7a  Code  Gb  queue.o [1]
xQueueGenericReceive    0x08026705   0x13c  Code  Gb  queue.o [1]
xQueueGenericReset      0x08026391    0x76  Code  Gb  queue.o [1]
xQueueGenericSend       0x08026529   0x108  Code  Gb  queue.o [1]
xQueueGenericSendFromISR
                        0x0802663d    0x6e  Code  Gb  queue.o [1]
xQueueGiveFromISR       0x080266ab    0x5a  Code  Gb  queue.o [1]
xQueueIsQueueEmptyFromISR
                        0x08026943     0xa  Code  Gb  queue.o [1]
xQueueIsQueueFullFromISR
                        0x0802694d    0x10  Code  Gb  queue.o [1]
xSchedulerRunning       0x200076f0     0x4  Data  Lc  tasks.o [1]
xSuspendedTaskList      0x200076d0    0x14  Data  Lc  tasks.o [1]
xTaskAbortDelay         0x08024f23    0x70  Code  Gb  tasks.o [1]
xTaskCheckForTimeOut    0x080251c9    0x5a  Code  Gb  tasks.o [1]
xTaskCreate             0x080249a1    0xda  Code  Gb  tasks.o [1]
xTaskGetCurrentTaskHandle
                        0x0802535b     0x8  Code  Gb  tasks.o [1]
xTaskGetSchedulerState  0x08025363    0x18  Code  Gb  tasks.o [1]
xTaskGetTickCount       0x08024dc7     0x2  Code  Gb  tasks.o [1]
xTaskGetTickCountFromISR
                        0x08024dc9     0x2  Code  Gb  tasks.o [1]
xTaskIncrementTick      0x08024f93    0xc2  Code  Gb  tasks.o [1]
xTaskIsTaskFinished     0x080254ed    0x4e  Code  Gb  tasks.o [1]
xTaskPriorityDisinherit
                        0x080253fd    0x6c  Code  Gb  tasks.o [1]
xTaskRemoveFromEventList
                        0x08025163    0x52  Code  Gb  tasks.o [1]
xTaskResumeAll          0x08024d15    0xb2  Code  Gb  tasks.o [1]
xTasksWaitingTermination
                        0x200076ac    0x14  Data  Lc  tasks.o [1]
xTickCount              0x200076e8     0x4  Data  Lc  tasks.o [1]
xTimerCreate            0x08026b13    0x34  Code  Gb  timers.o [1]
xTimerCreateTimerTask   0x08026ae5    0x2e  Code  Gb  timers.o [1]
xTimerGenericCommand    0x08026b47    0x4e  Code  Gb  timers.o [1]
xTimerQueue             0x20007e28     0x4  Data  Lc  timers.o [1]
xTimerTaskHandle        0x20007e2c     0x4  Data  Lc  timers.o [1]
xYieldPending           0x200076f8     0x4  Data  Lc  tasks.o [1]
xorbuf                  0x08020537    0x3c  Code  Lc  aes.o [4]


[1] = E:\工作\stm32开发\WIFI\MX3165-MODBUS-1\Build\modbus\MiCOKit-3165\obj_EWARM
[2] = command line
[3] = Lib_MFi_WAC.Cortex-M4F.IAR.release.a
[4] = Lib_wolfSSL.Cortex-M4F.IAR.release.a
[5] = MiCO.1062.SDIO.Cortex-M4.IAR.a
[6] = MiCODriverMFiAuth.a
[7] = dl7M_tlf.a
[8] = libairkiss.a
[9] = m7M_tls.a
[10] = rt7M_tl.a
[11] = shb_l.a

  404 882 bytes of readonly  code memory
   26 563 bytes of readonly  data memory
  120 989 bytes of readwrite data memory

Errors: none
Warnings: 1
