###############################################################################
#
# IAR ELF Linker V7.30.3.8024/W32 for ARM                 29/Dec/2017  15:46:30
# Copyright 2007-2014 IAR Systems AB.
#
#    Output file  =  
#        E:\工作\家商一体机\程序\EP600-HOME\WIFI\Airfactory_V2 -
#        HOME\Build\EP600_S\\MiCOKit-3165\EP600_S.out
#    Map file     =  
#        E:\工作\家商一体机\程序\EP600-HOME\WIFI\Airfactory_V2 -
#        HOME\Build\EP600_S\\MiCOKit-3165\list_EWARM\EP600_S.map
#    Command line =  
#        "E:\工作\家商一体机\程序\EP600-HOME\WIFI\Airfactory_V2 -
#        HOME\Build\EP600_S\MiCOKit-3165\obj_EWARM\AESUtils.o"
#        "E:\工作\家商一体机\程序\EP600-HOME\WIFI\Airfactory_V2 -
#        HOME\Build\EP600_S\MiCOKit-3165\obj_EWARM\airkiss_discovery.o"
#        "E:\工作\家商一体机\程序\EP600-HOME\WIFI\Airfactory_V2 -
#        HOME\Build\EP600_S\MiCOKit-3165\obj_EWARM\APDS9930.o"
#        "E:\工作\家商一体机\程序\EP600-HOME\WIFI\Airfactory_V2 -
#        HOME\Build\EP600_S\MiCOKit-3165\obj_EWARM\arraylist.o"
#        "E:\工作\家商一体机\程序\EP600-HOME\WIFI\Airfactory_V2 -
#        HOME\Build\EP600_S\MiCOKit-3165\obj_EWARM\AsciiLib.o"
#        "E:\工作\家商一体机\程序\EP600-HOME\WIFI\Airfactory_V2 -
#        HOME\Build\EP600_S\MiCOKit-3165\obj_EWARM\base64.o"
#        "E:\工作\家商一体机\程序\EP600-HOME\WIFI\Airfactory_V2 -
#        HOME\Build\EP600_S\MiCOKit-3165\obj_EWARM\bma2x2.o"
#        "E:\工作\家商一体机\程序\EP600-HOME\WIFI\Airfactory_V2 -
#        HOME\Build\EP600_S\MiCOKit-3165\obj_EWARM\bma2x2_user.o"
#        "E:\工作\家商一体机\程序\EP600-HOME\WIFI\Airfactory_V2 -
#        HOME\Build\EP600_S\MiCOKit-3165\obj_EWARM\bme280.o"
#        "E:\工作\家商一体机\程序\EP600-HOME\WIFI\Airfactory_V2 -
#        HOME\Build\EP600_S\MiCOKit-3165\obj_EWARM\bme280_user.o"
#        "E:\工作\家商一体机\程序\EP600-HOME\WIFI\Airfactory_V2 -
#        HOME\Build\EP600_S\MiCOKit-3165\obj_EWARM\bmg160.o"
#        "E:\工作\家商一体机\程序\EP600-HOME\WIFI\Airfactory_V2 -
#        HOME\Build\EP600_S\MiCOKit-3165\obj_EWARM\bmg160_user.o"
#        "E:\工作\家商一体机\程序\EP600-HOME\WIFI\Airfactory_V2 -
#        HOME\Build\EP600_S\MiCOKit-3165\obj_EWARM\bmm050.o"
#        "E:\工作\家商一体机\程序\EP600-HOME\WIFI\Airfactory_V2 -
#        HOME\Build\EP600_S\MiCOKit-3165\obj_EWARM\bmm050_user.o"
#        "E:\工作\家商一体机\程序\EP600-HOME\WIFI\Airfactory_V2 -
#        HOME\Build\EP600_S\MiCOKit-3165\obj_EWARM\button.o"
#        "E:\工作\家商一体机\程序\EP600-HOME\WIFI\Airfactory_V2 -
#        HOME\Build\EP600_S\MiCOKit-3165\obj_EWARM\CheckSumUtils.o"
#        "E:\工作\家商一体机\程序\EP600-HOME\WIFI\Airfactory_V2 -
#        HOME\Build\EP600_S\MiCOKit-3165\obj_EWARM\config_server.o"
#        "E:\工作\家商一体机\程序\EP600-HOME\WIFI\Airfactory_V2 -
#        HOME\Build\EP600_S\MiCOKit-3165\obj_EWARM\config_server_menu.o"
#        "E:\工作\家商一体机\程序\EP600-HOME\WIFI\Airfactory_V2 -
#        HOME\Build\EP600_S\MiCOKit-3165\obj_EWARM\croutine.o"
#        "E:\工作\家商一体机\程序\EP600-HOME\WIFI\Airfactory_V2 -
#        HOME\Build\EP600_S\MiCOKit-3165\obj_EWARM\crt0_EWARM.o"
#        "E:\工作\家商一体机\程序\EP600-HOME\WIFI\Airfactory_V2 -
#        HOME\Build\EP600_S\MiCOKit-3165\obj_EWARM\curve25519-donna.o"
#        "E:\工作\家商一体机\程序\EP600-HOME\WIFI\Airfactory_V2 -
#        HOME\Build\EP600_S\MiCOKit-3165\obj_EWARM\dc_motor.o"
#        "E:\工作\家商一体机\程序\EP600-HOME\WIFI\Airfactory_V2 -
#        HOME\Build\EP600_S\MiCOKit-3165\obj_EWARM\DHT11.o"
#        "E:\工作\家商一体机\程序\EP600-HOME\WIFI\Airfactory_V2 -
#        HOME\Build\EP600_S\MiCOKit-3165\obj_EWARM\event_groups.o"
#        "E:\工作\家商一体机\程序\EP600-HOME\WIFI\Airfactory_V2 -
#        HOME\Build\EP600_S\MiCOKit-3165\obj_EWARM\fog2_ota_notification.o"
#        "E:\工作\家商一体机\程序\EP600-HOME\WIFI\Airfactory_V2 -
#        HOME\Build\EP600_S\MiCOKit-3165\obj_EWARM\fog_bonjour.o"
#        "E:\工作\家商一体机\程序\EP600-HOME\WIFI\Airfactory_V2 -
#        HOME\Build\EP600_S\MiCOKit-3165\obj_EWARM\fog_http_client.o"
#        "E:\工作\家商一体机\程序\EP600-HOME\WIFI\Airfactory_V2 -
#        HOME\Build\EP600_S\MiCOKit-3165\obj_EWARM\fog_mqtt.o"
#        "E:\工作\家商一体机\程序\EP600-HOME\WIFI\Airfactory_V2 -
#        HOME\Build\EP600_S\MiCOKit-3165\obj_EWARM\fog_ota.o"
#        "E:\工作\家商一体机\程序\EP600-HOME\WIFI\Airfactory_V2 -
#        HOME\Build\EP600_S\MiCOKit-3165\obj_EWARM\fog_process_mqtt_cmd.o"
#        "E:\工作\家商一体机\程序\EP600-HOME\WIFI\Airfactory_V2 -
#        HOME\Build\EP600_S\MiCOKit-3165\obj_EWARM\fog_tcp_server.o"
#        "E:\工作\家商一体机\程序\EP600-HOME\WIFI\Airfactory_V2 -
#        HOME\Build\EP600_S\MiCOKit-3165\obj_EWARM\fog_v2.o"
#        "E:\工作\家商一体机\程序\EP600-HOME\WIFI\Airfactory_V2 -
#        HOME\Build\EP600_S\MiCOKit-3165\obj_EWARM\fog_v2_sub.o"
#        "E:\工作\家商一体机\程序\EP600-HOME\WIFI\Airfactory_V2 -
#        HOME\Build\EP600_S\MiCOKit-3165\obj_EWARM\fog_v2_sub_device_management.o"
#        "E:\工作\家商一体机\程序\EP600-HOME\WIFI\Airfactory_V2 -
#        HOME\Build\EP600_S\MiCOKit-3165\obj_EWARM\fog_v2_user_notification.o"
#        "E:\工作\家商一体机\程序\EP600-HOME\WIFI\Airfactory_V2 -
#        HOME\Build\EP600_S\MiCOKit-3165\obj_EWARM\hardfault.o"
#        "E:\工作\家商一体机\程序\EP600-HOME\WIFI\Airfactory_V2 -
#        HOME\Build\EP600_S\MiCOKit-3165\obj_EWARM\heap_3.o"
#        "E:\工作\家商一体机\程序\EP600-HOME\WIFI\Airfactory_V2 -
#        HOME\Build\EP600_S\MiCOKit-3165\obj_EWARM\hkdf.o"
#        "E:\工作\家商一体机\程序\EP600-HOME\WIFI\Airfactory_V2 -
#        HOME\Build\EP600_S\MiCOKit-3165\obj_EWARM\hmac.o"
#        "E:\工作\家商一体机\程序\EP600-HOME\WIFI\Airfactory_V2 -
#        HOME\Build\EP600_S\MiCOKit-3165\obj_EWARM\hsb2rgb_led.o"
#        "E:\工作\家商一体机\程序\EP600-HOME\WIFI\Airfactory_V2 -
#        HOME\Build\EP600_S\MiCOKit-3165\obj_EWARM\hts221.o"
#        "E:\工作\家商一体机\程序\EP600-HOME\WIFI\Airfactory_V2 -
#        HOME\Build\EP600_S\MiCOKit-3165\obj_EWARM\http-strings.o"
#        "E:\工作\家商一体机\程序\EP600-HOME\WIFI\Airfactory_V2 -
#        HOME\Build\EP600_S\MiCOKit-3165\obj_EWARM\http_parse.o"
#        "E:\工作\家商一体机\程序\EP600-HOME\WIFI\Airfactory_V2 -
#        HOME\Build\EP600_S\MiCOKit-3165\obj_EWARM\httpd.o"
#        "E:\工作\家商一体机\程序\EP600-HOME\WIFI\Airfactory_V2 -
#        HOME\Build\EP600_S\MiCOKit-3165\obj_EWARM\httpd_handle.o"
#        "E:\工作\家商一体机\程序\EP600-HOME\WIFI\Airfactory_V2 -
#        HOME\Build\EP600_S\MiCOKit-3165\obj_EWARM\httpd_ssi.o"
#        "E:\工作\家商一体机\程序\EP600-HOME\WIFI\Airfactory_V2 -
#        HOME\Build\EP600_S\MiCOKit-3165\obj_EWARM\httpd_sys.o"
#        "E:\工作\家商一体机\程序\EP600-HOME\WIFI\Airfactory_V2 -
#        HOME\Build\EP600_S\MiCOKit-3165\obj_EWARM\httpd_wsgi.o"
#        "E:\工作\家商一体机\程序\EP600-HOME\WIFI\Airfactory_V2 -
#        HOME\Build\EP600_S\MiCOKit-3165\obj_EWARM\HTTPUtils.o"
#        "E:\工作\家商一体机\程序\EP600-HOME\WIFI\Airfactory_V2 -
#        HOME\Build\EP600_S\MiCOKit-3165\obj_EWARM\infrared_reflective.o"
#        "E:\工作\家商一体机\程序\EP600-HOME\WIFI\Airfactory_V2 -
#        HOME\Build\EP600_S\MiCOKit-3165\obj_EWARM\json_debug.o"
#        "E:\工作\家商一体机\程序\EP600-HOME\WIFI\Airfactory_V2 -
#        HOME\Build\EP600_S\MiCOKit-3165\obj_EWARM\json_object.o"
#        "E:\工作\家商一体机\程序\EP600-HOME\WIFI\Airfactory_V2 -
#        HOME\Build\EP600_S\MiCOKit-3165\obj_EWARM\json_tokener.o"
#        "E:\工作\家商一体机\程序\EP600-HOME\WIFI\Airfactory_V2 -
#        HOME\Build\EP600_S\MiCOKit-3165\obj_EWARM\json_util.o"
#        "E:\工作\家商一体机\程序\EP600-HOME\WIFI\Airfactory_V2 -
#        HOME\libraries\daemons\homekit_server\Lib_HomeKit_Server.Cortex-M4F.IAR.release.a"
#        "E:\工作\家商一体机\程序\EP600-HOME\WIFI\Airfactory_V2 -
#        HOME\MiCO\system\easylink\MFi_WAC\Lib_MFi_WAC.Cortex-M4F.IAR.release.a"
#        "E:\工作\家商一体机\程序\EP600-HOME\WIFI\Airfactory_V2 -
#        HOME\MiCO\security\Sodium\Lib_Sodium.IAR.release.a"
#        "E:\工作\家商一体机\程序\EP600-HOME\WIFI\Airfactory_V2 -
#        HOME\MiCO\security\SRP_6a\Lib_SRP6a.IAR.release.a"
#        "E:\工作\家商一体机\程序\EP600-HOME\WIFI\Airfactory_V2 -
#        HOME\MiCO\security\TLS\wolfSSL\Lib_wolfSSL.Cortex-M4F.IAR.release.a"
#        "E:\工作\家商一体机\程序\EP600-HOME\WIFI\Airfactory_V2 -
#        HOME\MiCO\system\easylink\airkiss_discovery\lib_airkiss\libairkiss.a"
#        "E:\工作\家商一体机\程序\EP600-HOME\WIFI\Airfactory_V2 -
#        HOME\Build\EP600_S\MiCOKit-3165\obj_EWARM\light_sensor.o"
#        "E:\工作\家商一体机\程序\EP600-HOME\WIFI\Airfactory_V2 -
#        HOME\Build\EP600_S\MiCOKit-3165\obj_EWARM\linkhash.o"
#        "E:\工作\家商一体机\程序\EP600-HOME\WIFI\Airfactory_V2 -
#        HOME\Build\EP600_S\MiCOKit-3165\obj_EWARM\LinkListUtils.o"
#        "E:\工作\家商一体机\程序\EP600-HOME\WIFI\Airfactory_V2 -
#        HOME\Build\EP600_S\MiCOKit-3165\obj_EWARM\list.o"
#        "E:\工作\家商一体机\程序\EP600-HOME\WIFI\Airfactory_V2 -
#        HOME\Build\EP600_S\MiCOKit-3165\obj_EWARM\lps25hb.o"
#        "E:\工作\家商一体机\程序\EP600-HOME\WIFI\Airfactory_V2 -
#        HOME\Build\EP600_S\MiCOKit-3165\obj_EWARM\lsm9ds1_acc_gyr.o"
#        "E:\工作\家商一体机\程序\EP600-HOME\WIFI\Airfactory_V2 -
#        HOME\Build\EP600_S\MiCOKit-3165\obj_EWARM\lsm9ds1_mag.o"
#        "E:\工作\家商一体机\程序\EP600-HOME\WIFI\Airfactory_V2 -
#        HOME\MiCO\core\MiCO.1062.SDIO.Cortex-M4.IAR.a"
#        "E:\工作\家商一体机\程序\EP600-HOME\WIFI\Airfactory_V2 -
#        HOME\Build\EP600_S\MiCOKit-3165\obj_EWARM\mico_cli.o"
#        "E:\工作\家商一体机\程序\EP600-HOME\WIFI\Airfactory_V2 -
#        HOME\Build\EP600_S\MiCOKit-3165\obj_EWARM\mico_config.o"
#        "E:\工作\家商一体机\程序\EP600-HOME\WIFI\Airfactory_V2 -
#        HOME\Build\EP600_S\MiCOKit-3165\obj_EWARM\mico_mdns.o"
#        "E:\工作\家商一体机\程序\EP600-HOME\WIFI\Airfactory_V2 -
#        HOME\Build\EP600_S\MiCOKit-3165\obj_EWARM\mico_platform_common.o"
#        "E:\工作\家商一体机\程序\EP600-HOME\WIFI\Airfactory_V2 -
#        HOME\Build\EP600_S\MiCOKit-3165\obj_EWARM\mico_rtos.o"
#        "E:\工作\家商一体机\程序\EP600-HOME\WIFI\Airfactory_V2 -
#        HOME\Build\EP600_S\MiCOKit-3165\obj_EWARM\mico_rtos_common.o"
#        "E:\工作\家商一体机\程序\EP600-HOME\WIFI\Airfactory_V2 -
#        HOME\Build\EP600_S\MiCOKit-3165\obj_EWARM\mico_socket.o"
#        "E:\工作\家商一体机\程序\EP600-HOME\WIFI\Airfactory_V2 -
#        HOME\Build\EP600_S\MiCOKit-3165\obj_EWARM\mico_system_init.o"
#        "E:\工作\家商一体机\程序\EP600-HOME\WIFI\Airfactory_V2 -
#        HOME\Build\EP600_S\MiCOKit-3165\obj_EWARM\mico_system_monitor.o"
#        "E:\工作\家商一体机\程序\EP600-HOME\WIFI\Airfactory_V2 -
#        HOME\Build\EP600_S\MiCOKit-3165\obj_EWARM\mico_system_notification.o"
#        "E:\工作\家商一体机\程序\EP600-HOME\WIFI\Airfactory_V2 -
#        HOME\Build\EP600_S\MiCOKit-3165\obj_EWARM\mico_system_para_storage.o"
#        "E:\工作\家商一体机\程序\EP600-HOME\WIFI\Airfactory_V2 -
#        HOME\Build\EP600_S\MiCOKit-3165\obj_EWARM\mico_system_power_daemon.o"
#        "E:\工作\家商一体机\程序\EP600-HOME\WIFI\Airfactory_V2 -
#        HOME\Build\EP600_S\MiCOKit-3165\obj_EWARM\mico_system_time.o"
#        "E:\工作\家商一体机\程序\EP600-HOME\WIFI\Airfactory_V2 -
#        HOME\Build\EP600_S\MiCOKit-3165\obj_EWARM\MICOAppEntrance.o"
#        "E:\工作\家商一体机\程序\EP600-HOME\WIFI\Airfactory_V2 -
#        HOME\libraries\drivers\MiCODriverMFiAuth\MiCODriverMFiAuth.a"
#        "E:\工作\家商一体机\程序\EP600-HOME\WIFI\Airfactory_V2 -
#        HOME\Build\EP600_S\MiCOKit-3165\obj_EWARM\micokit_ext.o"
#        "E:\工作\家商一体机\程序\EP600-HOME\WIFI\Airfactory_V2 -
#        HOME\Build\EP600_S\MiCOKit-3165\obj_EWARM\micokit_ext_mfg.o"
#        "E:\工作\家商一体机\程序\EP600-HOME\WIFI\Airfactory_V2 -
#        HOME\Build\EP600_S\MiCOKit-3165\obj_EWARM\MiCOKit_STmems.o"
#        "E:\工作\家商一体机\程序\EP600-HOME\WIFI\Airfactory_V2 -
#        HOME\Build\EP600_S\MiCOKit-3165\obj_EWARM\misc.o"
#        "E:\工作\家商一体机\程序\EP600-HOME\WIFI\Airfactory_V2 -
#        HOME\Build\EP600_S\MiCOKit-3165\obj_EWARM\motion_sensor.o"
#        "E:\工作\家商一体机\程序\EP600-HOME\WIFI\Airfactory_V2 -
#        HOME\Build\EP600_S\MiCOKit-3165\obj_EWARM\MQTTClient.o"
#        "E:\工作\家商一体机\程序\EP600-HOME\WIFI\Airfactory_V2 -
#        HOME\Build\EP600_S\MiCOKit-3165\obj_EWARM\MQTTConnectClient.o"
#        "E:\工作\家商一体机\程序\EP600-HOME\WIFI\Airfactory_V2 -
#        HOME\Build\EP600_S\MiCOKit-3165\obj_EWARM\MQTTConnectServer.o"
#        "E:\工作\家商一体机\程序\EP600-HOME\WIFI\Airfactory_V2 -
#        HOME\Build\EP600_S\MiCOKit-3165\obj_EWARM\MQTTDeserializePublish.o"
#        "E:\工作\家商一体机\程序\EP600-HOME\WIFI\Airfactory_V2 -
#        HOME\Build\EP600_S\MiCOKit-3165\obj_EWARM\MQTTFormat.o"
#        "E:\工作\家商一体机\程序\EP600-HOME\WIFI\Airfactory_V2 -
#        HOME\Build\EP600_S\MiCOKit-3165\obj_EWARM\MQTTMiCO.o"
#        "E:\工作\家商一体机\程序\EP600-HOME\WIFI\Airfactory_V2 -
#        HOME\Build\EP600_S\MiCOKit-3165\obj_EWARM\MQTTPacket.o"
#        "E:\工作\家商一体机\程序\EP600-HOME\WIFI\Airfactory_V2 -
#        HOME\Build\EP600_S\MiCOKit-3165\obj_EWARM\MQTTSerializePublish.o"
#        "E:\工作\家商一体机\程序\EP600-HOME\WIFI\Airfactory_V2 -
#        HOME\Build\EP600_S\MiCOKit-3165\obj_EWARM\MQTTSubscribeClient.o"
#        "E:\工作\家商一体机\程序\EP600-HOME\WIFI\Airfactory_V2 -
#        HOME\Build\EP600_S\MiCOKit-3165\obj_EWARM\MQTTSubscribeServer.o"
#        "E:\工作\家商一体机\程序\EP600-HOME\WIFI\Airfactory_V2 -
#        HOME\Build\EP600_S\MiCOKit-3165\obj_EWARM\MQTTUnsubscribeClient.o"
#        "E:\工作\家商一体机\程序\EP600-HOME\WIFI\Airfactory_V2 -
#        HOME\Build\EP600_S\MiCOKit-3165\obj_EWARM\MQTTUnsubscribeServer.o"
#        "E:\工作\家商一体机\程序\EP600-HOME\WIFI\Airfactory_V2 -
#        HOME\Build\EP600_S\MiCOKit-3165\obj_EWARM\oled.o"
#        "E:\工作\家商一体机\程序\EP600-HOME\WIFI\Airfactory_V2 -
#        HOME\Build\EP600_S\MiCOKit-3165\obj_EWARM\platform.o"
#        "E:\工作\家商一体机\程序\EP600-HOME\WIFI\Airfactory_V2 -
#        HOME\Build\EP600_S\MiCOKit-3165\obj_EWARM\platform_adc.o"
#        "E:\工作\家商一体机\程序\EP600-HOME\WIFI\Airfactory_V2 -
#        HOME\Build\EP600_S\MiCOKit-3165\obj_EWARM\platform_core.o"
#        "E:\工作\家商一体机\程序\EP600-HOME\WIFI\Airfactory_V2 -
#        HOME\Build\EP600_S\MiCOKit-3165\obj_EWARM\platform_flash.o"
#        "E:\工作\家商一体机\程序\EP600-HOME\WIFI\Airfactory_V2 -
#        HOME\Build\EP600_S\MiCOKit-3165\obj_EWARM\platform_gpio.o"
#        "E:\工作\家商一体机\程序\EP600-HOME\WIFI\Airfactory_V2 -
#        HOME\Build\EP600_S\MiCOKit-3165\obj_EWARM\platform_i2c.o"
#        "E:\工作\家商一体机\程序\EP600-HOME\WIFI\Airfactory_V2 -
#        HOME\Build\EP600_S\MiCOKit-3165\obj_EWARM\platform_init.o"
#        "E:\工作\家商一体机\程序\EP600-HOME\WIFI\Airfactory_V2 -
#        HOME\Build\EP600_S\MiCOKit-3165\obj_EWARM\platform_mcu_powersave.o"
#        "E:\工作\家商一体机\程序\EP600-HOME\WIFI\Airfactory_V2 -
#        HOME\Build\EP600_S\MiCOKit-3165\obj_EWARM\platform_nsclock.o"
#        "E:\工作\家商一体机\程序\EP600-HOME\WIFI\Airfactory_V2 -
#        HOME\Build\EP600_S\MiCOKit-3165\obj_EWARM\platform_pwm.o"
#        "E:\工作\家商一体机\程序\EP600-HOME\WIFI\Airfactory_V2 -
#        HOME\Build\EP600_S\MiCOKit-3165\obj_EWARM\platform_rng.o"
#        "E:\工作\家商一体机\程序\EP600-HOME\WIFI\Airfactory_V2 -
#        HOME\Build\EP600_S\MiCOKit-3165\obj_EWARM\platform_rtc.o"
#        "E:\工作\家商一体机\程序\EP600-HOME\WIFI\Airfactory_V2 -
#        HOME\Build\EP600_S\MiCOKit-3165\obj_EWARM\platform_spi.o"
#        "E:\工作\家商一体机\程序\EP600-HOME\WIFI\Airfactory_V2 -
#        HOME\Build\EP600_S\MiCOKit-3165\obj_EWARM\platform_uart.o"
#        "E:\工作\家商一体机\程序\EP600-HOME\WIFI\Airfactory_V2 -
#        HOME\Build\EP600_S\MiCOKit-3165\obj_EWARM\platform_watchdog.o"
#        "E:\工作\家商一体机\程序\EP600-HOME\WIFI\Airfactory_V2 -
#        HOME\Build\EP600_S\MiCOKit-3165\obj_EWARM\port.o"
#        "E:\工作\家商一体机\程序\EP600-HOME\WIFI\Airfactory_V2 -
#        HOME\Build\EP600_S\MiCOKit-3165\obj_EWARM\portasm.o"
#        "E:\工作\家商一体机\程序\EP600-HOME\WIFI\Airfactory_V2 -
#        HOME\Build\EP600_S\MiCOKit-3165\obj_EWARM\printbuf.o"
#        "E:\工作\家商一体机\程序\EP600-HOME\WIFI\Airfactory_V2 -
#        HOME\Build\EP600_S\MiCOKit-3165\obj_EWARM\qc_test.o"
#        "E:\工作\家商一体机\程序\EP600-HOME\WIFI\Airfactory_V2 -
#        HOME\Build\EP600_S\MiCOKit-3165\obj_EWARM\qc_test_cli.o"
#        "E:\工作\家商一体机\程序\EP600-HOME\WIFI\Airfactory_V2 -
#        HOME\Build\EP600_S\MiCOKit-3165\obj_EWARM\qc_test_gpio.o"
#        "E:\工作\家商一体机\程序\EP600-HOME\WIFI\Airfactory_V2 -
#        HOME\Build\EP600_S\MiCOKit-3165\obj_EWARM\qc_test_tcpip.o"
#        "E:\工作\家商一体机\程序\EP600-HOME\WIFI\Airfactory_V2 -
#        HOME\Build\EP600_S\MiCOKit-3165\obj_EWARM\queue.o"
#        "E:\工作\家商一体机\程序\EP600-HOME\WIFI\Airfactory_V2 -
#        HOME\Build\EP600_S\MiCOKit-3165\obj_EWARM\Retarget.o"
#        "E:\工作\家商一体机\程序\EP600-HOME\WIFI\Airfactory_V2 -
#        HOME\Build\EP600_S\MiCOKit-3165\obj_EWARM\rgb_led.o"
#        "E:\工作\家商一体机\程序\EP600-HOME\WIFI\Airfactory_V2 -
#        HOME\Build\EP600_S\MiCOKit-3165\obj_EWARM\RingBufferUtils.o"
#        "E:\工作\家商一体机\程序\EP600-HOME\WIFI\Airfactory_V2 -
#        HOME\Build\EP600_S\MiCOKit-3165\obj_EWARM\SecurityUtils.o"
#        "E:\工作\家商一体机\程序\EP600-HOME\WIFI\Airfactory_V2 -
#        HOME\Build\EP600_S\MiCOKit-3165\obj_EWARM\sha1.o"
#        "E:\工作\家商一体机\程序\EP600-HOME\WIFI\Airfactory_V2 -
#        HOME\Build\EP600_S\MiCOKit-3165\obj_EWARM\sha224-256.o"
#        "E:\工作\家商一体机\程序\EP600-HOME\WIFI\Airfactory_V2 -
#        HOME\Build\EP600_S\MiCOKit-3165\obj_EWARM\sha384-512.o"
#        "E:\工作\家商一体机\程序\EP600-HOME\WIFI\Airfactory_V2 -
#        HOME\Build\EP600_S\MiCOKit-3165\obj_EWARM\SHAUtils.o"
#        "E:\工作\家商一体机\程序\EP600-HOME\WIFI\Airfactory_V2 -
#        HOME\Build\EP600_S\MiCOKit-3165\obj_EWARM\SocketUtils.o"
#        "E:\工作\家商一体机\程序\EP600-HOME\WIFI\Airfactory_V2 -
#        HOME\Build\EP600_S\MiCOKit-3165\obj_EWARM\spi_flash.o"
#        "E:\工作\家商一体机\程序\EP600-HOME\WIFI\Airfactory_V2 -
#        HOME\Build\EP600_S\MiCOKit-3165\obj_EWARM\spi_flash_platform.o"
#        "E:\工作\家商一体机\程序\EP600-HOME\WIFI\Airfactory_V2 -
#        HOME\Build\EP600_S\MiCOKit-3165\obj_EWARM\startup_stm32f411xe_IAR.o"
#        "E:\工作\家商一体机\程序\EP600-HOME\WIFI\Airfactory_V2 -
#        HOME\Build\EP600_S\MiCOKit-3165\obj_EWARM\stm32f4xx_adc.o"
#        "E:\工作\家商一体机\程序\EP600-HOME\WIFI\Airfactory_V2 -
#        HOME\Build\EP600_S\MiCOKit-3165\obj_EWARM\stm32f4xx_can.o"
#        "E:\工作\家商一体机\程序\EP600-HOME\WIFI\Airfactory_V2 -
#        HOME\Build\EP600_S\MiCOKit-3165\obj_EWARM\stm32f4xx_crc.o"
#        "E:\工作\家商一体机\程序\EP600-HOME\WIFI\Airfactory_V2 -
#        HOME\Build\EP600_S\MiCOKit-3165\obj_EWARM\stm32f4xx_cryp.o"
#        "E:\工作\家商一体机\程序\EP600-HOME\WIFI\Airfactory_V2 -
#        HOME\Build\EP600_S\MiCOKit-3165\obj_EWARM\stm32f4xx_cryp_aes.o"
#        "E:\工作\家商一体机\程序\EP600-HOME\WIFI\Airfactory_V2 -
#        HOME\Build\EP600_S\MiCOKit-3165\obj_EWARM\stm32f4xx_cryp_des.o"
#        "E:\工作\家商一体机\程序\EP600-HOME\WIFI\Airfactory_V2 -
#        HOME\Build\EP600_S\MiCOKit-3165\obj_EWARM\stm32f4xx_cryp_tdes.o"
#        "E:\工作\家商一体机\程序\EP600-HOME\WIFI\Airfactory_V2 -
#        HOME\Build\EP600_S\MiCOKit-3165\obj_EWARM\stm32f4xx_dac.o"
#        "E:\工作\家商一体机\程序\EP600-HOME\WIFI\Airfactory_V2 -
#        HOME\Build\EP600_S\MiCOKit-3165\obj_EWARM\stm32f4xx_dbgmcu.o"
#        "E:\工作\家商一体机\程序\EP600-HOME\WIFI\Airfactory_V2 -
#        HOME\Build\EP600_S\MiCOKit-3165\obj_EWARM\stm32f4xx_dcmi.o"
#        "E:\工作\家商一体机\程序\EP600-HOME\WIFI\Airfactory_V2 -
#        HOME\Build\EP600_S\MiCOKit-3165\obj_EWARM\stm32f4xx_dma.o"
#        "E:\工作\家商一体机\程序\EP600-HOME\WIFI\Airfactory_V2 -
#        HOME\Build\EP600_S\MiCOKit-3165\obj_EWARM\stm32f4xx_dma2d.o"
#        "E:\工作\家商一体机\程序\EP600-HOME\WIFI\Airfactory_V2 -
#        HOME\Build\EP600_S\MiCOKit-3165\obj_EWARM\stm32f4xx_exti.o"
#        "E:\工作\家商一体机\程序\EP600-HOME\WIFI\Airfactory_V2 -
#        HOME\Build\EP600_S\MiCOKit-3165\obj_EWARM\stm32f4xx_flash.o"
#        "E:\工作\家商一体机\程序\EP600-HOME\WIFI\Airfactory_V2 -
#        HOME\Build\EP600_S\MiCOKit-3165\obj_EWARM\stm32f4xx_flash_ramfunc.o"
#        "E:\工作\家商一体机\程序\EP600-HOME\WIFI\Airfactory_V2 -
#        HOME\Build\EP600_S\MiCOKit-3165\obj_EWARM\stm32f4xx_gpio.o"
#        "E:\工作\家商一体机\程序\EP600-HOME\WIFI\Airfactory_V2 -
#        HOME\Build\EP600_S\MiCOKit-3165\obj_EWARM\stm32f4xx_hash.o"
#        "E:\工作\家商一体机\程序\EP600-HOME\WIFI\Airfactory_V2 -
#        HOME\Build\EP600_S\MiCOKit-3165\obj_EWARM\stm32f4xx_hash_md5.o"
#        "E:\工作\家商一体机\程序\EP600-HOME\WIFI\Airfactory_V2 -
#        HOME\Build\EP600_S\MiCOKit-3165\obj_EWARM\stm32f4xx_hash_sha1.o"
#        "E:\工作\家商一体机\程序\EP600-HOME\WIFI\Airfactory_V2 -
#        HOME\Build\EP600_S\MiCOKit-3165\obj_EWARM\stm32f4xx_i2c.o"
#        "E:\工作\家商一体机\程序\EP600-HOME\WIFI\Airfactory_V2 -
#        HOME\Build\EP600_S\MiCOKit-3165\obj_EWARM\stm32f4xx_iwdg.o"
#        "E:\工作\家商一体机\程序\EP600-HOME\WIFI\Airfactory_V2 -
#        HOME\Build\EP600_S\MiCOKit-3165\obj_EWARM\stm32f4xx_ltdc.o"
#        "E:\工作\家商一体机\程序\EP600-HOME\WIFI\Airfactory_V2 -
#        HOME\Build\EP600_S\MiCOKit-3165\obj_EWARM\stm32f4xx_pwr.o"
#        "E:\工作\家商一体机\程序\EP600-HOME\WIFI\Airfactory_V2 -
#        HOME\Build\EP600_S\MiCOKit-3165\obj_EWARM\stm32f4xx_qspi.o"
#        "E:\工作\家商一体机\程序\EP600-HOME\WIFI\Airfactory_V2 -
#        HOME\Build\EP600_S\MiCOKit-3165\obj_EWARM\stm32f4xx_rcc.o"
#        "E:\工作\家商一体机\程序\EP600-HOME\WIFI\Airfactory_V2 -
#        HOME\Build\EP600_S\MiCOKit-3165\obj_EWARM\stm32f4xx_rng.o"
#        "E:\工作\家商一体机\程序\EP600-HOME\WIFI\Airfactory_V2 -
#        HOME\Build\EP600_S\MiCOKit-3165\obj_EWARM\stm32f4xx_rtc.o"
#        "E:\工作\家商一体机\程序\EP600-HOME\WIFI\Airfactory_V2 -
#        HOME\Build\EP600_S\MiCOKit-3165\obj_EWARM\stm32f4xx_sai.o"
#        "E:\工作\家商一体机\程序\EP600-HOME\WIFI\Airfactory_V2 -
#        HOME\Build\EP600_S\MiCOKit-3165\obj_EWARM\stm32f4xx_sdio.o"
#        "E:\工作\家商一体机\程序\EP600-HOME\WIFI\Airfactory_V2 -
#        HOME\Build\EP600_S\MiCOKit-3165\obj_EWARM\stm32f4xx_spi.o"
#        "E:\工作\家商一体机\程序\EP600-HOME\WIFI\Airfactory_V2 -
#        HOME\Build\EP600_S\MiCOKit-3165\obj_EWARM\stm32f4xx_syscfg.o"
#        "E:\工作\家商一体机\程序\EP600-HOME\WIFI\Airfactory_V2 -
#        HOME\Build\EP600_S\MiCOKit-3165\obj_EWARM\stm32f4xx_tim.o"
#        "E:\工作\家商一体机\程序\EP600-HOME\WIFI\Airfactory_V2 -
#        HOME\Build\EP600_S\MiCOKit-3165\obj_EWARM\stm32f4xx_usart.o"
#        "E:\工作\家商一体机\程序\EP600-HOME\WIFI\Airfactory_V2 -
#        HOME\Build\EP600_S\MiCOKit-3165\obj_EWARM\stm32f4xx_wwdg.o"
#        "E:\工作\家商一体机\程序\EP600-HOME\WIFI\Airfactory_V2 -
#        HOME\Build\EP600_S\MiCOKit-3165\obj_EWARM\StringUtils.o"
#        "E:\工作\家商一体机\程序\EP600-HOME\WIFI\Airfactory_V2 -
#        HOME\Build\EP600_S\MiCOKit-3165\obj_EWARM\system_discovery.o"
#        "E:\工作\家商一体机\程序\EP600-HOME\WIFI\Airfactory_V2 -
#        HOME\Build\EP600_S\MiCOKit-3165\obj_EWARM\system_easylink.o"
#        "E:\工作\家商一体机\程序\EP600-HOME\WIFI\Airfactory_V2 -
#        HOME\Build\EP600_S\MiCOKit-3165\obj_EWARM\system_easylink_delegate.o"
#        "E:\工作\家商一体机\程序\EP600-HOME\WIFI\Airfactory_V2 -
#        HOME\Build\EP600_S\MiCOKit-3165\obj_EWARM\system_easylink_wac.o"
#        "E:\工作\家商一体机\程序\EP600-HOME\WIFI\Airfactory_V2 -
#        HOME\Build\EP600_S\MiCOKit-3165\obj_EWARM\system_misc.o"
#        "E:\工作\家商一体机\程序\EP600-HOME\WIFI\Airfactory_V2 -
#        HOME\Build\EP600_S\MiCOKit-3165\obj_EWARM\system_stm32f4xx.o"
#        "E:\工作\家商一体机\程序\EP600-HOME\WIFI\Airfactory_V2 -
#        HOME\Build\EP600_S\MiCOKit-3165\obj_EWARM\tasks.o"
#        "E:\工作\家商一体机\程序\EP600-HOME\WIFI\Airfactory_V2 -
#        HOME\Build\EP600_S\MiCOKit-3165\obj_EWARM\temp_hum_sensor.o"
#        "E:\工作\家商一体机\程序\EP600-HOME\WIFI\Airfactory_V2 -
#        HOME\Build\EP600_S\MiCOKit-3165\obj_EWARM\tftp_ota.o"
#        "E:\工作\家商一体机\程序\EP600-HOME\WIFI\Airfactory_V2 -
#        HOME\Build\EP600_S\MiCOKit-3165\obj_EWARM\tftpc.o"
#        "E:\工作\家商一体机\程序\EP600-HOME\WIFI\Airfactory_V2 -
#        HOME\Build\EP600_S\MiCOKit-3165\obj_EWARM\timers.o"
#        "E:\工作\家商一体机\程序\EP600-HOME\WIFI\Airfactory_V2 -
#        HOME\Build\EP600_S\MiCOKit-3165\obj_EWARM\TimeUtils.o"
#        "E:\工作\家商一体机\程序\EP600-HOME\WIFI\Airfactory_V2 -
#        HOME\Build\EP600_S\MiCOKit-3165\obj_EWARM\TLVUtils.o"
#        "E:\工作\家商一体机\程序\EP600-HOME\WIFI\Airfactory_V2 -
#        HOME\Build\EP600_S\MiCOKit-3165\obj_EWARM\url.o"
#        "E:\工作\家商一体机\程序\EP600-HOME\WIFI\Airfactory_V2 -
#        HOME\Build\EP600_S\MiCOKit-3165\obj_EWARM\URLUtils.o"
#        "E:\工作\家商一体机\程序\EP600-HOME\WIFI\Airfactory_V2 -
#        HOME\Build\EP600_S\MiCOKit-3165\obj_EWARM\user_device_check.o"
#        "E:\工作\家商一体机\程序\EP600-HOME\WIFI\Airfactory_V2 -
#        HOME\Build\EP600_S\MiCOKit-3165\obj_EWARM\user_device_control.o"
#        "E:\工作\家商一体机\程序\EP600-HOME\WIFI\Airfactory_V2 -
#        HOME\Build\EP600_S\MiCOKit-3165\obj_EWARM\user_downstream.o"
#        "E:\工作\家商一体机\程序\EP600-HOME\WIFI\Airfactory_V2 -
#        HOME\Build\EP600_S\MiCOKit-3165\obj_EWARM\user_main.o"
#        "E:\工作\家商一体机\程序\EP600-HOME\WIFI\Airfactory_V2 -
#        HOME\Build\EP600_S\MiCOKit-3165\obj_EWARM\user_modbus.o"
#        "E:\工作\家商一体机\程序\EP600-HOME\WIFI\Airfactory_V2 -
#        HOME\Build\EP600_S\MiCOKit-3165\obj_EWARM\user_timer.o"
#        "E:\工作\家商一体机\程序\EP600-HOME\WIFI\Airfactory_V2 -
#        HOME\Build\EP600_S\MiCOKit-3165\obj_EWARM\user_uart.o"
#        "E:\工作\家商一体机\程序\EP600-HOME\WIFI\Airfactory_V2 -
#        HOME\Build\EP600_S\MiCOKit-3165\obj_EWARM\user_upstream.o"
#        "E:\工作\家商一体机\程序\EP600-HOME\WIFI\Airfactory_V2 -
#        HOME\Build\EP600_S\MiCOKit-3165\obj_EWARM\usha.o"
#        "E:\工作\家商一体机\程序\EP600-HOME\WIFI\Airfactory_V2 -
#        HOME\Build\EP600_S\MiCOKit-3165\obj_EWARM\uvis25.o"
#        "E:\工作\家商一体机\程序\EP600-HOME\WIFI\Airfactory_V2 -
#        HOME\Build\EP600_S\MiCOKit-3165\obj_EWARM\wlan_bus_SDIO.o"
#        "E:\工作\家商一体机\程序\EP600-HOME\WIFI\Airfactory_V2 -
#        HOME\Build\EP600_S\MiCOKit-3165\obj_EWARM\wlan_firmware.o"
#        "E:\工作\家商一体机\程序\EP600-HOME\WIFI\Airfactory_V2 -
#        HOME\Build\EP600_S\MiCOKit-3165\obj_EWARM\wlan_platform.o"
#        "E:\工作\家商一体机\程序\EP600-HOME\WIFI\Airfactory_V2 -
#        HOME\Build\EP600_S\MiCOKit-3165\obj_EWARM\wlan_platform_common.o"
#        --redirect _Printf=_PrintfFull --redirect _Scanf=_ScanfFull -o
#        "E:\工作\家商一体机\程序\EP600-HOME\WIFI\Airfactory_V2 -
#        HOME\Build\EP600_S\\MiCOKit-3165\EP600_S.out" --map
#        "E:\工作\家商一体机\程序\EP600-HOME\WIFI\Airfactory_V2 -
#        HOME\Build\EP600_S\\MiCOKit-3165\list_EWARM\EP600_S.map" --config
#        "E:\工作\家商一体机\程序\EP600-HOME\WIFI\Airfactory_V2 -
#        HOME\Projects\STM32F4xx\EP600_S\EWARM\..\..\..\..\Board\MK3165\micoLinkerForIAR.icf"
#        --semihosting --entry __iar_program_start --vfe --threaded_lib
#
###############################################################################

*******************************************************************************
*** MESSAGES
***

Warning[Lt009]: Inconsistent wchar_t size
          E:\工作\家商一体机\程序\EP600-HOME\WIFI\Airfactory_V2 -
                    HOME\Build\EP600_S\MiCOKit-3165\obj_EWARM\AESUtils.o and
                    376 other objects have wchar_t size 16 bits
          airlink.o(libairkiss.a) has wchar_t size 32 bits


*******************************************************************************
*** RUNTIME MODEL ATTRIBUTES
***

CppFlavor                     = *
__Heap_Handler                = DLMalloc
__SystemLibrary               = DLib
__dlib_dynamic_initialization = normal


*******************************************************************************
*** PLACEMENT SUMMARY
***

"A1":  place at 0x0800c000 { ro section .intvec };
"P1":  place in [from 0x0800c000 to 0x0807ffff] { ro };
"P2":  place in [from 0x20000000 to 0x2001ffff] { rw, block CSTACK, block HEAP };

  Section             Kind        Address     Size  Object
  -------             ----        -------     ----  ------
"A1":                                        0x198
  .intvec                      0x0800c000    0x198  <Block>
    .intvec           ro code  0x0800c000    0x198  startup_stm32f411xe_IAR.o [1]
                             - 0x0800c198    0x198

"P1":                                      0x6ae92
  .text               ro code  0x0800c198   0x7ee4  internal.o [4]
  .text               ro code  0x0801407c      0x6  ABImemclr.o [10]
  .text               ro code  0x08014082     0x22  zero_init3.o [10]
  .text               ro code  0x080140a4      0x6  ABImemclr4.o [10]
  .text               ro code  0x080140aa     0x1e  xsscin.o [7]
  .text               ro code  0x080140c8     0x3c  wc_port.o [4]
  .text               ro code  0x08014104     0xdc  logging.o [4]
  .text               ro code  0x080141e0   0x2330  ssl.o [4]
  .text               ro code  0x08016510    0x9b8  mico_rtos.o [1]
  .text               ro code  0x08016ec8    0x3b4  rsa.o [4]
  .text               ro code  0x0801727c     0x76  ABImemcpy_unaligned.o [10]
  .text               ro code  0x080172f2     0x1a  xsnprout.o [7]
  .text               ro code  0x0801730c     0x62  memcmp_unaligned.o [10]
  .text               ro code  0x0801736e      0xa  xsprout.o [7]
  .text               ro code  0x08017378   0x180c  ecc.o [4]
  .text               ro code  0x08018b84     0x6c  strncpy_unaligned.o [10]
  .text               ro code  0x08018bf0    0x7ec  md5.o [4]
  .text               ro code  0x080193dc    0xca4  sha.o [4]
  .text               ro code  0x0801a080    0x6f4  sha256.o [4]
  .rodata             const    0x0801a774     0x5c  integer.o [4]
  .text               ro code  0x0801a7d0   0x24e8  sha512.o [4]
  .text               ro code  0x0801ccb8    0x760  random.o [4]
  .text               ro code  0x0801d418    0x624  tls.o [4]
  .text               ro code  0x0801da3c     0x14  tolower.o [7]
  .text               ro code  0x0801da50   0x2a7c  asn.o [4]
  .text               ro code  0x080204cc     0x36  strlen.o [10]
  .rodata             const    0x08020502      0x1  smart_config.o [5]
  .rodata             const    0x08020503      0x1  smart_config.o [5]
  .text               ro code  0x08020504   0x2260  aes.o [4]
  .text               ro code  0x08022764    0xf80  hc128.o [4]
  .text               ro code  0x080236e4     0x78  ABImemmove_unaligned.o [10]
  .text               ro code  0x0802375c    0x98c  keys.o [4]
  .text               ro code  0x080240e8    0x308  hash.o [4]
  .text               ro code  0x080243f0     0x2a  strncmp.o [7]
  .text               ro code  0x0802441a      0x4  internal.o [4]
  .rodata             const    0x0802441e      0x1  smart_config.o [5]
  .rodata             const    0x0802441f      0x1  smart_config.o [5]
  .text               ro code  0x08024420     0x66  ABImemset.o [10]
  .text               ro code  0x08024488     0x3a  ABImemset48.o [10]
  .text               ro code  0x080244c4     0x34  sprintf.o [7]
  .text               ro code  0x080244f8    0x1f4  coding.o [4]
  .text               ro code  0x080246ec    0x158  platform_init.o [1]
  .text               ro code  0x08024844    0x174  platform.o [1]
  .text               ro code  0x080249b8    0xba4  tasks.o [1]
  .text               ro code  0x0802555c    0x3e8  qc_test.o [1]
  .text               ro code  0x08025944    0x9bc  MICOAppEntrance.o [1]
  .text               ro code  0x08026300     0x54  heap_3.o [1]
  .text               ro code  0x08026354     0x44  snprintf.o [7]
  .text               ro code  0x08026398     0x44  strcpy_unaligned.o [10]
  .text               ro code  0x080263dc    0x614  queue.o [1]
  .text               ro code  0x080269f0     0x20  platform_core.o [1]
  .text               ro code  0x08026a10     0xe4  port.o [1]
  .text               ro code  0x08026af4     0x18  strrchr.o [7]
  .text               ro code  0x08026b0c     0x24  printf.o [7]
  .text               ro code  0x08026b30    0x31c  timers.o [1]
  .text               ro code  0x08026e4c    0x3f4  mico_system_notification.o [1]
  .text               ro code  0x08027240   0x2380  integer.o [4]
  .text               ro code  0x080295c0     0x1e  U64Shr.o [10]
  .text               ro code  0x080295e0     0x22  I64Shl.o [10]
  .text               ro code  0x08029604     0xe0  rand.o [7]
  .text               ro code  0x080296e4    0x336  hmac.o [4]
  .text               ro code  0x08029a1c     0x24  setlocale.o [7]
  .text               ro code  0x08029a40      0xc  xlocale_c.o [7]
  .text               ro code  0x08029a4c    0x1b0  ssl_wrap.o [4]
  .text               ro code  0x08029bfc     0x2c  strstr.o [7]
  .text               ro code  0x08029c28   0x114e  xprintffull.o [7]
  .text               ro code  0x0802ad78    0x230  stm32f4xx_rcc.o [1]
  .text               ro code  0x0802afa8    0x25c  stm32f4xx_flash.o [1]
  .text               ro code  0x0802b204     0x98  misc.o [1]
  .text               ro code  0x0802b29c     0x60  stm32f4xx_pwr.o [1]
  .text               ro code  0x0802b2fc    0x5cc  platform_gpio.o [1]
  .text               ro code  0x0802b8c8     0x76  RingBufferUtils.o [1]
  .text               ro code  0x0802b940    0x748  platform_uart.o [1]
  .text               ro code  0x0802c088     0xe0  wlan_platform_common.o [1]
  .text               ro code  0x0802c168     0xf6  platform_nsclock.o [1]
  .text               ro code  0x0802c260    0x13c  platform_rtc.o [1]
  .text               ro code  0x0802c39c    0x324  platform_mcu_powersave.o [1]
  .text               ro code  0x0802c6c0    0xa60  mico_platform_common.o [1]
  .text               ro code  0x0802d120     0xd0  button.o [1]
  .text               ro code  0x0802d1f0     0x1e  dc_motor.o [1]
  .text               ro code  0x0802d20e     0x98  rgb_led.o [1]
  .text               ro code  0x0802d2a6     0x90  list.o [1]
  .text               ro code  0x0802d338    0x46a  mxchipWNET.o [5]
  .text               ro code  0x0802d7a4   0x25f0  dlmalloc.o [5]
  .text               ro code  0x0802fd94     0xa0  qc_test_cli.o [1]
  .text               ro code  0x0802fe34     0x78  CheckSumUtils.o [1]
  .text               ro code  0x0802feac    0xd8c  system_misc.o [1]
  .text               ro code  0x08030c38   0x2624  wifimgr.o [5]
  .text               ro code  0x0803325c    0x3a8  mftest.o [5]
  .text               ro code  0x08033604    0x144  qc_test_tcpip.o [1]
  .text               ro code  0x08033748    0x438  mico_rtos_common.o [1]
  .text               ro code  0x08033b80    0x2b4  user_main.o [1]
  .text               ro code  0x08033e34    0x3bc  mico_system_power_daemon.o [1]
  .text               ro code  0x080341f0    0x138  micokit_ext.o [1]
  .text               ro code  0x08034328    0xe10  mico_system_para_storage.o [1]
  .text               ro code  0x08035138   0x5970  fog_v2.o [1]
  .text               ro code  0x0803aaa8    0x608  mico_system_init.o [1]
  .text               ro code  0x0803b0b0   0x1920  sockets.o [5]
  CODE                ro code  0x0803c9d0     0xa8  portasm.o [1]
  .text               ro code  0x0803ca78      0x2  xtls.o [7]
  .text               ro code  0x0803ca7c     0x9c  mico_socket.o [1]
  .text               ro code  0x0803cb18     0x16  strchr.o [10]
  .text               ro code  0x0803cb2e     0x20  xmbtowc.o [7]
  .text               ro code  0x0803cb50     0x58  memchr.o [10]
  .text               ro code  0x0803cba8      0xa  xmbcurmax.o [7]
  .text               ro code  0x0803cbb2     0x1a  xwctomb.o [7]
  .text               ro code  0x0803cbcc     0xee  I64DivMod.o [10]
  .text               ro code  0x0803ccba     0x42  xdnorm.o [9]
  .text               ro code  0x0803ccfc     0x2e  DblCmpLe.o [9]
  .text               ro code  0x0803cd2c     0x2e  DblCmpGe.o [9]
  .text               ro code  0x0803cd5c    0x118  xdscale.o [9]
  .text               ro code  0x0803ce74     0x58  DblToI32.o [9]
  .text               ro code  0x0803cecc     0x30  I32ToDbl.o [9]
  .text               ro code  0x0803cefc    0x180  DblSub.o [9]
  .text               ro code  0x0803d07c    0x1a2  DblMul.o [9]
  .text               ro code  0x0803d220    0x246  DblDiv.o [9]
  .text               ro code  0x0803d468     0x6c  localeconv.o [7]
  .text               ro code  0x0803d4d4      0xe  div.o [7]
  .text               ro code  0x0803d4e4     0x9a  stm32f4xx_gpio.o [1]
  .text               ro code  0x0803d580     0x28  stm32f4xx_syscfg.o [1]
  .text               ro code  0x0803d5a8     0x7c  stm32f4xx_exti.o [1]
  .text               ro code  0x0803d624    0x1ea  stm32f4xx_usart.o [1]
  .text               ro code  0x0803d810    0x1c8  stm32f4xx_dma.o [1]
  .text               ro code  0x0803d9d8    0x5be  stm32f4xx_rtc.o [1]
  .text               ro code  0x0803df98    0x2e4  platform_watchdog.o [1]
  .text               ro code  0x0803e27c    0x208  platform_adc.o [1]
  .text               ro code  0x0803e484    0x784  platform_i2c.o [1]
  .text               ro code  0x0803ec08    0x5ac  platform_spi.o [1]
  .text               ro code  0x0803f1b4    0xc4c  platform_flash.o [1]
  .text               ro code  0x0803fe00    0x450  wifi.o [5]
  .text               ro code  0x08040250    0x6a4  tcpip.o [5]
  .text               ro code  0x080408f4    0x7e8  dns.o [5]
  .text               ro code  0x080410dc     0x58  wwd_rtos.o [5]
  .text               ro code  0x08041134     0x20  srand.o [7]
  .text               ro code  0x08041154    0xe80  tcp.o [5]
  .text               ro code  0x08041fd4   0x15c0  wwd_wifi.o [5]
  .text               ro code  0x08043594   0x2b14  smart_config.o [5]
  .text               ro code  0x080460a8     0x36  def.o [5]
  .text               ro code  0x080460e0    0x270  wwd_management.o [5]
  .text               ro code  0x08046350      0x6  abort.o [7]
  .text               ro code  0x08046356     0x20  xsyslock.o [7]
  .text               ro code  0x08046378     0x2c  xgetmemchunk.o [7]
  .text               ro code  0x080463a4    0x9ae  StringUtils.o [1]
  .text               ro code  0x08046d54     0x14  mxchip_debug.o [5]
  .text               ro code  0x08046d68    0x5c2  pbuf.o [5]
  .text               ro code  0x0804732c    0x458  ip.o [5]
  .text               ro code  0x08047784    0x25a  ip_addr.o [5]
  .text               ro code  0x080479e0     0x8c  crypto_wrap.o [4]
  .text               ro code  0x08047a6c    0x404  wiced_network.o [5]
  .text               ro code  0x08047e70    0x1ec  dns_redirect.o [5]
  .text               ro code  0x0804805c    0x5da  wwd_ap.o [5]
  .text               ro code  0x08048636     0xcc  wiced_rtos.o [5]
  .text               ro code  0x08048704     0x64  dnsclient.o [5]
  .text               ro code  0x08048768    0xd3c  wwd_sdpcm.o [5]
  .text               ro code  0x080494a4    0x9e0  etharp.o [5]
  .text               ro code  0x08049e84     0x46  strcasecmp.o [7]
  .text               ro code  0x08049ecc    0x648  api_lib.o [5]
  .text               ro code  0x0804a514   0x1a10  tcp_in.o [5]
  .text               ro code  0x0804bf24    0x80c  udp.o [5]
  .text               ro code  0x0804c730      0x4  strtoul.o [7]
  .text               ro code  0x0804c734    0x9e0  oled.o [1]
  .text               ro code  0x0804d114    0x600  APDS9930.o [1]
  .text               ro code  0x0804d714     0x12  light_sensor.o [1]
  .text               ro code  0x0804d726     0x12  infrared_reflective.o [1]
  .text               ro code  0x0804d738     0x30  temp_hum_sensor.o [1]
  .text               ro code  0x0804d768     0x42  strcmp_unaligned.o [10]
  .text               ro code  0x0804d7ac    0xf2c  json_tokener.o [1]
  .text               ro code  0x0804e6d8    0x5fc  json_object.o [1]
  .text               ro code  0x0804ecd4    0x448  fog_bonjour.o [1]
  .text               ro code  0x0804f11c   0x16e0  fog_http_client.o [1]
  .text               ro code  0x080507fc   0x2408  fog_ota.o [1]
  .text               ro code  0x08052c04   0x1570  fog_mqtt.o [1]
  .text               ro code  0x08054174   0x1060  fog_tcp_server.o [1]
  .text               ro code  0x080551d4   0x1644  system_easylink.o [1]
  .text               ro code  0x08056818    0x32c  mico_system_monitor.o [1]
  .text               ro code  0x08056b44   0x1024  mico_cli.o [1]
  .text               ro code  0x08057b68   0x1a30  config_server.o [1]
  .text               ro code  0x08059598    0x1e6  sys_arch.o [5]
  .text               ro code  0x0805977e     0xda  netbuf.o [5]
  .text               ro code  0x08059858    0x304  lwiptcpip.o [5]
  .text               ro code  0x08059b5c    0x568  igmp.o [5]
  .text               ro code  0x0805a0c4     0x64  netdb.o [5]
  .text               ro code  0x0805a128     0x60  xencoding_sb.o [7]
  .text               ro code  0x0805a188      0x2  I64DivZer.o [10]
  .text               ro code  0x0805a18c     0xe8  DblAdd.o [9]
  .text               ro code  0x0805a274     0x34  stm32f4xx_iwdg.o [1]
  .text               ro code  0x0805a2a8    0x2de  stm32f4xx_tim.o [1]
  .text               ro code  0x0805a588    0x11c  stm32f4xx_adc.o [1]
  .text               ro code  0x0805a6a4    0x144  stm32f4xx_i2c.o [1]
  .text               ro code  0x0805a7e8    0x13e  stm32f4xx_spi.o [1]
  .text               ro code  0x0805a928    0x498  spi_flash.o [1]
  .text               ro code  0x0805adc0    0x190  wiced_ping.o [5]
  .text               ro code  0x0805af50      0xc  mxchipbesl.o [5]
  .text               ro code  0x0805af5c    0xcbe  tcp_out.o [5]
  .text               ro code  0x0805bc1c    0x300  lwiptimers.o [5]
  .text               ro code  0x0805bf1c    0x1e8  memp.o [5]
  .text               ro code  0x0805c104     0xf4  wwd_buffer.o [5]
  .text               ro code  0x0805c1f8    0x8d4  wlan_bus_SDIO.o [1]
  .text               ro code  0x0805cacc    0x988  wwd_bus_protocol.o [5]
  .text               ro code  0x0805d454    0x284  wwd_thread.o [5]
  .text               ro code  0x0805d6d8      0x4  wlan_platform.o [1]
  .text               ro code  0x0805d6dc     0x14  exit.o [11]
  .text               ro code  0x0805d6f0    0x15c  xsyslock_mtx.o [7]
  .text               ro code  0x0805d84c     0x18  toupper.o [7]
  .text               ro code  0x0805d864     0x3c  isxxx.o [7]
  .text               ro code  0x0805d8a0     0x16  strnlen.o [7]
  .text               ro code  0x0805d8b6    0x170  inet_chksum.o [5]
  .text               ro code  0x0805da28    0x1cc  raw.o [5]
  .text               ro code  0x0805dbf4    0x184  icmp.o [5]
  .text               ro code  0x0805dd78    0x358  netif.o [5]
  .text               ro code  0x0805e0d0     0x86  arc4.o [4]
  .text               ro code  0x0805e158    0xf54  dhcp.o [5]
  .text               ro code  0x0805f0ac     0x28  sys.o [5]
  .text               ro code  0x0805f0d4    0x650  dhcp_server.o [5]
  .text               ro code  0x0805f724     0x48  netifapi.o [5]
  .text               ro code  0x0805f76c     0x60  wwd_ap_common.o [5]
  .text               ro code  0x0805f7cc    0x190  wwd_network.o [5]
  .text               ro code  0x0805f95c    0xf08  api_msg.o [5]
  .text               ro code  0x08060864    0x198  xstoul.o [7]
  .text               ro code  0x080609fc    0x4e4  bme280_user.o [1]
  .text               ro code  0x08060ee0     0x8a  DHT11.o [1]
  .text               ro code  0x08060f6c    0x146  printbuf.o [1]
  .text               ro code  0x080610b2     0x4e  strncasecmp.o [7]
  .text               ro code  0x08061100     0xe4  json_util.o [1]
  .text               ro code  0x080611e4     0x24  sscanf.o [7]
  .text               ro code  0x08061208     0x18  strdup.o [7]
  .text               ro code  0x08061220    0x358  linkhash.o [1]
  .text               ro code  0x08061578     0x20  DblCmpEq.o [9]
  .text               ro code  0x08061598     0xd4  arraylist.o [1]
  .text               ro code  0x0806166c   0x1038  mico_mdns.o [1]
  .text               ro code  0x080626a4   0x232c  HTTPUtils.o [1]
  .text               ro code  0x080649d0    0x3a8  SocketUtils.o [1]
  .text               ro code  0x08064d78    0x3bc  url.o [1]
  .text               ro code  0x08065134    0x7b0  MQTTClient.o [1]
  .text               ro code  0x080658e4    0x52c  MQTTMiCO.o [1]
  .text               ro code  0x08065e10    0x794  fog_process_mqtt_cmd.o [1]
  .text               ro code  0x080665a4     0x98  system_easylink_delegate.o [1]
  .text               ro code  0x0806663c    0x738  tftpc.o [1]
  .text               ro code  0x08066d74    0xa90  tftp_ota.o [1]
  .text               ro code  0x08067804     0x3c  vsnprint.o [7]
  .text               ro code  0x08067840    0x198  config_server_menu.o [1]
  .text               ro code  0x080679d8     0x20  init.o [5]
  .text               ro code  0x080679f8     0x30  spi_flash_platform.o [1]
  .text               ro code  0x08067a28     0x64  stm32f4xx_sdio.o [1]
  .text               ro code  0x08067a8c     0xbc  wwd_chip_specific_functions.o [5]
  .text               ro code  0x08067b48    0x260  wwd_internal.o [5]
  .text               ro code  0x08067da8    0x2f4  wwd_firmware.o [5]
  .text               ro code  0x0806809c     0x1c  iar_mutex.o [5]
  .text               ro code  0x080680b8     0x16  xlocale_c.o [7]
  .text               ro code  0x080680ce     0x24  xlocale_c.o [7]
  .text               ro code  0x080680f2     0x14  xlocale_c.o [7]
  .text               ro code  0x08068108     0x8c  wiced_lib.o [5]
  .text               ro code  0x08068194     0x4c  wps_host.o [5]
  .text               ro code  0x080681e0      0xc  errno.o [7]
  .text               ro code  0x080681ec    0x570  bme280.o [1]
  .text               ro code  0x0806875c     0x2c  vsprintf.o [7]
  .text               ro code  0x08068788    0xcf4  xscanffull.o [7]
  .text               ro code  0x0806947c     0x18  vprintf.o [7]
  .text               ro code  0x08069494      0x4  exit.o [7]
  .text               ro code  0x08069498    0x16a  URLUtils.o [1]
  .text               ro code  0x08069604    0x1f4  MQTTPacket.o [1]
  .text               ro code  0x080697f8    0x2e8  MQTTConnectClient.o [1]
  .text               ro code  0x08069ae0     0xf8  MQTTDeserializePublish.o [1]
  .text               ro code  0x08069bd8     0x70  MQTTSerializePublish.o [1]
  .text               ro code  0x08069c48    0x138  MQTTSubscribeClient.o [1]
  .text               ro code  0x08069d80     0x18  read_wifi_firmware.o [5]
  .text               ro code  0x08069d98     0x40  xwctob.o [7]
  .text               ro code  0x08069dd8     0xa4  xstoll.o [7]
  .text               ro code  0x08069e7c    0x1b0  xstoull.o [7]
  .text               ro code  0x0806a02c    0x168  xstold.o [9]
  .text               ro code  0x0806a194     0x90  DblToFlt.o [9]
  .text               ro code  0x0806a224     0x12  cexit.o [10]
  .text               ro code  0x0806a236    0x134  xstopfx.o [7]
  .text               ro code  0x0806a36c    0x1b8  xstoflt.o [7]
  .rodata             const    0x0806a524     0x4c  dns.o [5]
  .text               ro code  0x0806a570    0x200  xdtento.o [9]
  .text               ro code  0x0806a770    0x218  xstoxflt.o [7]
  .text               ro code  0x0806a988     0x58  xcloseall.o [7]
  .text               ro code  0x0806a9e0     0x56  xdunscal.o [9]
  .text               ro code  0x0806aa36     0x7a  fclose.o [7]
  .text               ro code  0x0806aab0     0x14  Retarget.o [1]
  .text               ro code  0x0806aac4     0x7c  xfofind.o [7]
  .text               ro code  0x0806ab40     0xb0  fflush.o [7]
  .text               ro code  0x0806abf0     0x1a  close.o [11]
  .text               ro code  0x0806ac0a     0x16  remove.o [11]
  .text               ro code  0x0806ac20     0xe0  XShHandles.o [7]
  .text               ro code  0x0806ad00   0x21c0  user_modbus.o [1]
  .text               ro code  0x0806cec0    0x77c  user_uart.o [1]
  .text               ro code  0x0806d63c   0x1238  user_device_control.o [1]
  .text               ro code  0x0806e874     0x1c  strcat.o [7]
  .text               ro code  0x0806e890    0x8a0  user_device_check.o [1]
  .rodata             const    0x0806f130   0x1488  aes.o [4]
  .rodata             const    0x080705b8    0xe74  ecc.o [4]
  .rodata             const    0x0807142c    0x9c8  fog_ota.o [1]
  .rodata             const    0x08071df4    0x858  fog_http_client.o [1]
  .text               ro code  0x0807264c    0x854  user_upstream.o [1]
  .text               ro code  0x08072ea0    0x7b4  user_downstream.o [1]
  .text               ro code  0x08073654    0x3b8  hardfault.o [1]
  .rodata             const    0x08073a0c    0x378  platform.o [1]
  .rodata             const    0x08073d84    0x30c  wwd_firmware.o [5]
  .rodata             const    0x08074090    0x2c4  fog_v2.o [1]
  .rodata             const    0x08074354    0x26c  asn.o [4]
  .rodata             const    0x080745c0    0x244  mico_cli.o [1]
  .text               ro code  0x08074804    0x228  io.o [4]
  .rodata             const    0x08074a2c    0x1d4  internal.o [4]
  .text               ro code  0x08074c00    0x1c2  lz77_init.o [10]
  .rodata             const    0x08074dc4    0x100  smart_config.o [5]
  .rodata             const    0x08074ec4    0x100  wwd_wifi.o [5]
  .text               ro code  0x08074fc4     0xd6  xfspos.o [7]
  .text               ro code  0x0807509a      0xc  xfgpos.o [7]
  .text               ro code  0x080750a6     0x4c  lseek.o [11]
  .text               ro code  0x080750f2     0xb6  xfwprep.o [7]
  .text               ro code  0x080751a8     0x22  fseek.o [7]
  .rodata             const    0x080751cc     0xac  fog_tcp_server.o [1]
  .rodata             const    0x08075278     0x68  wifimgr.o [5]
  .rodata             const    0x080752e0     0x58  smart_config.o [5]
  .text               ro code  0x08075338     0x56  fputc.o [7]
  .text               ro code  0x08075390     0x50  micokit_ext_mfg.o [1]
  .rodata             const    0x080753e0     0x4c  dns.o [5]
  .rodata             const    0x0807542c     0x48  tcp_in.o [5]
  .rodata             const    0x08075474     0x44  tcp_in.o [5]
  .rodata             const    0x080754b8     0x40  sockets.o [5]
  .rodata             const    0x080754f8     0x40  wifimgr.o [5]
  .rodata             const    0x08075538     0x40  wifimgr.o [5]
  .rodata             const    0x08075578     0x40  udp.o [5]
  .rodata             const    0x080755b8     0x40  udp.o [5]
  .rodata             const    0x080755f8     0x3c  wifimgr.o [5]
  .rodata             const    0x08075634     0x3c  wifimgr.o [5]
  .rodata             const    0x08075670     0x3c  wifimgr.o [5]
  .rodata             const    0x080756ac     0x38  wifimgr.o [5]
  .rodata             const    0x080756e4     0x38  wifimgr.o [5]
  .rodata             const    0x0807571c     0x38  memp.o [5]
  .rodata             const    0x08075754     0x34  smart_config.o [5]
  .rodata             const    0x08075788     0x30  wifimgr.o [5]
  .rodata             const    0x080757b8     0x30  tcp_in.o [5]
  .rodata             const    0x080757e8     0x30  etharp.o [5]
  .rodata             const    0x08075818     0x30  etharp.o [5]
  .rodata             const    0x08075848     0x2c  wifimgr.o [5]
  .rodata             const    0x08075874     0x2c  wifimgr.o [5]
  .rodata             const    0x080758a0     0x2c  mftest.o [5]
  .rodata             const    0x080758cc     0x2c  etharp.o [5]
  .rodata             const    0x080758f8     0x28  fog_mqtt.o [1]
  .rodata             const    0x08075920     0x28  wifimgr.o [5]
  .rodata             const    0x08075948     0x28  wifimgr.o [5]
  .rodata             const    0x08075970     0x28  wifimgr.o [5]
  .rodata             const    0x08075998     0x28  wifimgr.o [5]
  .rodata             const    0x080759c0     0x28  wifimgr.o [5]
  .rodata             const    0x080759e8     0x28  wwd_sdpcm.o [5]
  .rodata             const    0x08075a10     0x28  mftest.o [5]
  .rodata             const    0x08075a38     0x28  smart_config.o [5]
  .text               ro code  0x08075a60     0x28  data_init.o [10]
  .rodata             const    0x08075a88     0x24  json_object.o [1]
  .rodata             const    0x08075aac     0x24  wifimgr.o [5]
  .rodata             const    0x08075ad0     0x24  wifimgr.o [5]
  .rodata             const    0x08075af4     0x24  wifimgr.o [5]
  .rodata             const    0x08075b18     0x24  wwd_sdpcm.o [5]
  .rodata             const    0x08075b3c     0x24  memp.o [5]
  .rodata             const    0x08075b60     0x24  mftest.o [5]
  .rodata             const    0x08075b84     0x24  smart_config.o [5]
  .rodata             const    0x08075ba8     0x24  smart_config.o [5]
  .rodata             const    0x08075bcc     0x24  smart_config.o [5]
  .rodata             const    0x08075bf0     0x24  tcp_in.o [5]
  .rodata             const    0x08075c14     0x24  dhcp_server.o [5]
  .text               ro code  0x08075c38     0x22  fpinit_M.o [9]
  .iar.init_table     const    0x08075c5c     0x2c  - Linker created -
  .rodata             const    0x08075c88     0x20  system_easylink.o [1]
  .rodata             const    0x08075ca8     0x20  wifimgr.o [5]
  .rodata             const    0x08075cc8     0x20  wifimgr.o [5]
  .rodata             const    0x08075ce8     0x20  wifimgr.o [5]
  .rodata             const    0x08075d08     0x20  wifimgr.o [5]
  .rodata             const    0x08075d28     0x20  wifimgr.o [5]
  .rodata             const    0x08075d48     0x20  wifimgr.o [5]
  .rodata             const    0x08075d68     0x20  wifimgr.o [5]
  .rodata             const    0x08075d88     0x20  memp.o [5]
  .rodata             const    0x08075da8     0x20  memp.o [5]
  .rodata             const    0x08075dc8     0x20  memp.o [5]
  .rodata             const    0x08075de8     0x20  mftest.o [5]
  .rodata             const    0x08075e08     0x20  mftest.o [5]
  .rodata             const    0x08075e28     0x20  mftest.o [5]
  .rodata             const    0x08075e48     0x20  smart_config.o [5]
  .rodata             const    0x08075e68     0x20  dns.o [5]
  .rodata             const    0x08075e88     0x20  wifi.o [5]
  .rodata             const    0x08075ea8     0x20  udp.o [5]
  .rodata             const    0x08075ec8     0x20  dhcp_server.o [5]
  .rodata             const    0x08075ee8     0x1c  sockets.o [5]
  .rodata             const    0x08075f04     0x1c  mxchipWNET.o [5]
  .rodata             const    0x08075f20     0x1c  wifimgr.o [5]
  .rodata             const    0x08075f3c     0x1c  wifimgr.o [5]
  .rodata             const    0x08075f58     0x1c  wifimgr.o [5]
  .rodata             const    0x08075f74     0x1c  wifimgr.o [5]
  .rodata             const    0x08075f90     0x1c  wifimgr.o [5]
  .rodata             const    0x08075fac     0x1c  wifimgr.o [5]
  .rodata             const    0x08075fc8     0x1c  wwd_sdpcm.o [5]
  .rodata             const    0x08075fe4     0x1c  mftest.o [5]
  .rodata             const    0x08076000     0x1c  smart_config.o [5]
  .rodata             const    0x0807601c     0x1c  smart_config.o [5]
  .rodata             const    0x08076038     0x1c  smart_config.o [5]
  .rodata             const    0x08076054     0x1c  smart_config.o [5]
  .rodata             const    0x08076070     0x1c  wwd_wifi.o [5]
  .text               ro code  0x0807608c     0x1c  crt0_EWARM.o [1]
  .text               ro code  0x080760a8     0x1a  cmain.o [10]
  .rodata             const    0x080760c4     0x18  sockets.o [5]
  .rodata             const    0x080760dc     0x18  sockets.o [5]
  .rodata             const    0x080760f4     0x18  sockets.o [5]
  .rodata             const    0x0807610c     0x18  sockets.o [5]
  .rodata             const    0x08076124     0x18  wifimgr.o [5]
  .rodata             const    0x0807613c     0x18  wifimgr.o [5]
  .rodata             const    0x08076154     0x18  wifimgr.o [5]
  .rodata             const    0x0807616c     0x18  wifimgr.o [5]
  .rodata             const    0x08076184     0x18  wifimgr.o [5]
  .rodata             const    0x0807619c     0x18  wifimgr.o [5]
  .rodata             const    0x080761b4     0x18  wifimgr.o [5]
  .rodata             const    0x080761cc     0x18  wifimgr.o [5]
  .rodata             const    0x080761e4     0x18  wifimgr.o [5]
  .rodata             const    0x080761fc     0x18  wifimgr.o [5]
  .rodata             const    0x08076214     0x18  wwd_sdpcm.o [5]
  .rodata             const    0x0807622c     0x18  wwd_sdpcm.o [5]
  .rodata             const    0x08076244     0x18  mftest.o [5]
  .rodata             const    0x0807625c     0x18  mftest.o [5]
  .rodata             const    0x08076274     0x18  mftest.o [5]
  .rodata             const    0x0807628c     0x18  smart_config.o [5]
  .rodata             const    0x080762a4     0x18  smart_config.o [5]
  .rodata             const    0x080762bc     0x18  smart_config.o [5]
  .rodata             const    0x080762d4     0x18  smart_config.o [5]
  .rodata             const    0x080762ec     0x18  smart_config.o [5]
  .rodata             const    0x08076304     0x18  smart_config.o [5]
  .rodata             const    0x0807631c     0x18  smart_config.o [5]
  .rodata             const    0x08076334     0x18  smart_config.o [5]
  .rodata             const    0x0807634c     0x18  smart_config.o [5]
  .text               ro code  0x08076364     0x16  xprout.o [7]
  .text               ro code  0x0807637c      0xc  putchar.o [7]
  .rodata             const    0x08076388     0x14  wifimgr.o [5]
  .rodata             const    0x0807639c     0x14  wifimgr.o [5]
  .rodata             const    0x080763b0     0x14  wifimgr.o [5]
  .rodata             const    0x080763c4     0x14  wifimgr.o [5]
  .rodata             const    0x080763d8     0x14  wifimgr.o [5]
  .rodata             const    0x080763ec     0x14  wifimgr.o [5]
  .rodata             const    0x08076400     0x14  wifimgr.o [5]
  .rodata             const    0x08076414     0x14  wifimgr.o [5]
  .rodata             const    0x08076428     0x14  wifimgr.o [5]
  .rodata             const    0x0807643c     0x14  wifimgr.o [5]
  .rodata             const    0x08076450     0x14  wifimgr.o [5]
  .rodata             const    0x08076464     0x14  wifimgr.o [5]
  .rodata             const    0x08076478     0x14  wifimgr.o [5]
  .rodata             const    0x0807648c     0x14  wifimgr.o [5]
  .rodata             const    0x080764a0     0x14  wifimgr.o [5]
  .rodata             const    0x080764b4     0x14  wifimgr.o [5]
  .rodata             const    0x080764c8     0x14  wifimgr.o [5]
  .rodata             const    0x080764dc     0x14  wifimgr.o [5]
  .rodata             const    0x080764f0     0x14  wifimgr.o [5]
  .rodata             const    0x08076504     0x14  wifimgr.o [5]
  .rodata             const    0x08076518     0x14  wwd_sdpcm.o [5]
  .rodata             const    0x0807652c     0x14  mftest.o [5]
  .rodata             const    0x08076540     0x14  mftest.o [5]
  .rodata             const    0x08076554     0x14  smart_config.o [5]
  .rodata             const    0x08076568     0x14  smart_config.o [5]
  .rodata             const    0x0807657c     0x14  smart_config.o [5]
  .rodata             const    0x08076590     0x14  smart_config.o [5]
  .rodata             const    0x080765a4     0x14  smart_config.o [5]
  .rodata             const    0x080765b8     0x14  dns.o [5]
  .rodata             const    0x080765cc     0x14  wwd_wifi.o [5]
  .rodata             const    0x080765e0     0x14  wwd_wifi.o [5]
  .rodata             const    0x080765f4     0x14  wiced_network.o [5]
  .text               ro code  0x08076608     0x12  startup_stm32f411xe_IAR.o [1]
  .rodata             const    0x0807661c     0x10  mxchipWNET.o [5]
  .rodata             const    0x0807662c     0x10  mxchipWNET.o [5]
  .rodata             const    0x0807663c     0x10  wifimgr.o [5]
  .rodata             const    0x0807664c     0x10  wifimgr.o [5]
  .rodata             const    0x0807665c     0x10  wifimgr.o [5]
  .rodata             const    0x0807666c     0x10  wifimgr.o [5]
  .rodata             const    0x0807667c     0x10  wifimgr.o [5]
  .rodata             const    0x0807668c     0x10  wifimgr.o [5]
  .rodata             const    0x0807669c     0x10  wifimgr.o [5]
  .rodata             const    0x080766ac     0x10  wifimgr.o [5]
  .rodata             const    0x080766bc     0x10  wifimgr.o [5]
  .rodata             const    0x080766cc     0x10  wifimgr.o [5]
  .rodata             const    0x080766dc     0x10  wifimgr.o [5]
  .rodata             const    0x080766ec     0x10  wwd_sdpcm.o [5]
  .rodata             const    0x080766fc     0x10  memp.o [5]
  .rodata             const    0x0807670c     0x10  memp.o [5]
  .rodata             const    0x0807671c     0x10  memp.o [5]
  .rodata             const    0x0807672c     0x10  memp.o [5]
  .rodata             const    0x0807673c     0x10  memp.o [5]
  .rodata             const    0x0807674c     0x10  memp.o [5]
  .rodata             const    0x0807675c     0x10  mftest.o [5]
  .rodata             const    0x0807676c     0x10  mftest.o [5]
  .rodata             const    0x0807677c     0x10  lwiptcpip.o [5]
  .rodata             const    0x0807678c     0x10  smart_config.o [5]
  .rodata             const    0x0807679c     0x10  smart_config.o [5]
  .rodata             const    0x080767ac     0x10  smart_config.o [5]
  .rodata             const    0x080767bc     0x10  smart_config.o [5]
  .rodata             const    0x080767cc     0x10  smart_config.o [5]
  .rodata             const    0x080767dc     0x10  smart_config.o [5]
  .rodata             const    0x080767ec     0x10  smart_config.o [5]
  .rodata             const    0x080767fc     0x10  smart_config.o [5]
  .rodata             const    0x0807680c     0x10  smart_config.o [5]
  .rodata             const    0x0807681c     0x10  dns.o [5]
  .rodata             const    0x0807682c     0x10  tcp.o [5]
  .rodata             const    0x0807683c     0x10  wwd_wifi.o [5]
  .rodata             const    0x0807684c     0x10  wwd_wifi.o [5]
  .rodata             const    0x0807685c     0x10  wwd_wifi.o [5]
  .rodata             const    0x0807686c     0x10  wwd_wifi.o [5]
  .rodata             const    0x0807687c     0x10  wifi.o [5]
  .rodata             const    0x0807688c     0x10  wwd_ap.o [5]
  .rodata             const    0x0807689c     0x10  wwd_ap_common.o [5]
  .rodata             const    0x080768ac     0x10  wwd_ap_common.o [5]
  .rodata             const    0x080768bc      0xc  mico_config.o [1]
  .rodata             const    0x080768c8      0xc  wifimgr.o [5]
  .rodata             const    0x080768d4      0xc  wifimgr.o [5]
  .rodata             const    0x080768e0      0xc  wifimgr.o [5]
  .rodata             const    0x080768ec      0xc  wifimgr.o [5]
  .rodata             const    0x080768f8      0xc  wifimgr.o [5]
  .rodata             const    0x08076904      0xc  wifimgr.o [5]
  .rodata             const    0x08076910      0xc  wifimgr.o [5]
  .rodata             const    0x0807691c      0xc  wifimgr.o [5]
  .rodata             const    0x08076928      0xc  wifimgr.o [5]
  .rodata             const    0x08076934      0xc  wifimgr.o [5]
  .rodata             const    0x08076940      0xc  wifimgr.o [5]
  .rodata             const    0x0807694c      0xc  memp.o [5]
  .rodata             const    0x08076958      0xc  memp.o [5]
  .rodata             const    0x08076964      0xc  memp.o [5]
  .rodata             const    0x08076970      0xc  wwd_thread.o [5]
  .rodata             const    0x0807697c      0xc  smart_config.o [5]
  .rodata             const    0x08076988      0xc  smart_config.o [5]
  .rodata             const    0x08076994      0xc  smart_config.o [5]
  .rodata             const    0x080769a0      0xc  smart_config.o [5]
  .rodata             const    0x080769ac      0xc  smart_config.o [5]
  .rodata             const    0x080769b8      0xc  smart_config.o [5]
  .rodata             const    0x080769c4      0xc  smart_config.o [5]
  .rodata             const    0x080769d0      0xc  smart_config.o [5]
  .rodata             const    0x080769dc      0xc  smart_config.o [5]
  .rodata             const    0x080769e8      0xc  smart_config.o [5]
  .rodata             const    0x080769f4      0xc  smart_config.o [5]
  .rodata             const    0x08076a00      0xc  smart_config.o [5]
  .rodata             const    0x08076a0c      0xc  smart_config.o [5]
  .rodata             const    0x08076a18      0xc  smart_config.o [5]
  .rodata             const    0x08076a24      0xc  smart_config.o [5]
  .rodata             const    0x08076a30      0xc  smart_config.o [5]
  .rodata             const    0x08076a3c      0xc  smart_config.o [5]
  .rodata             const    0x08076a48      0xc  smart_config.o [5]
  .rodata             const    0x08076a54      0xc  smart_config.o [5]
  .rodata             const    0x08076a60      0xc  smart_config.o [5]
  .rodata             const    0x08076a6c      0xc  smart_config.o [5]
  .rodata             const    0x08076a78      0xc  smart_config.o [5]
  .rodata             const    0x08076a84      0xc  smart_config.o [5]
  .rodata             const    0x08076a90      0xc  smart_config.o [5]
  .rodata             const    0x08076a9c      0xc  smart_config.o [5]
  .rodata             const    0x08076aa8      0xc  smart_config.o [5]
  .rodata             const    0x08076ab4      0xc  smart_config.o [5]
  .rodata             const    0x08076ac0      0xc  dns.o [5]
  .rodata             const    0x08076acc      0xc  dns.o [5]
  .rodata             const    0x08076ad8      0xc  dns.o [5]
  .rodata             const    0x08076ae4      0xc  wwd_wifi.o [5]
  .rodata             const    0x08076af0      0xc  wwd_wifi.o [5]
  .rodata             const    0x08076afc      0xc  wwd_wifi.o [5]
  .rodata             const    0x08076b08      0xc  wwd_wifi.o [5]
  .rodata             const    0x08076b14      0xc  tcp_in.o [5]
  .rodata             const    0x08076b20      0xc  wwd_management.o [5]
  .rodata             const    0x08076b2c      0xc  wwd_management.o [5]
  .rodata             const    0x08076b38      0xc  dns_redirect.o [5]
  .rodata             const    0x08076b44      0xc  dns_redirect.o [5]
  .rodata             const    0x08076b50      0xc  wwd_ap.o [5]
  .rodata             const    0x08076b5c      0xc  wwd_ap.o [5]
  .rodata             const    0x08076b68      0xc  wwd_ap.o [5]
  .rodata             const    0x08076b74      0xc  wwd_ap.o [5]
  .rodata             const    0x08076b80      0xc  wwd_internal.o [5]
  .rodata             const    0x08076b8c      0xc  dhcp_server.o [5]
  .rodata             const    0x08076b98      0xc  wwd_ap_common.o [5]
  .rodata             const    0x08076ba4      0xc  wiced_lib.o [5]
  .text               ro code  0x08076bb0      0xc  cstartup_M.o [10]
  .rodata             const    0x08076bbc      0x8  sockets.o [5]
  .rodata             const    0x08076bc4      0x8  sockets.o [5]
  .rodata             const    0x08076bcc      0x8  sockets.o [5]
  .rodata             const    0x08076bd4      0x8  sockets.o [5]
  .rodata             const    0x08076bdc      0x8  sockets.o [5]
  .rodata             const    0x08076be4      0x8  sockets.o [5]
  .rodata             const    0x08076bec      0x8  mxchipWNET.o [5]
  .rodata             const    0x08076bf4      0x8  mxchipWNET.o [5]
  .rodata             const    0x08076bfc      0x8  wifimgr.o [5]
  .rodata             const    0x08076c04      0x8  wifimgr.o [5]
  .rodata             const    0x08076c0c      0x8  wifimgr.o [5]
  .rodata             const    0x08076c14      0x8  wifimgr.o [5]
  .rodata             const    0x08076c1c      0x8  wifimgr.o [5]
  .rodata             const    0x08076c24      0x8  wifimgr.o [5]
  .rodata             const    0x08076c2c      0x8  wifimgr.o [5]
  .rodata             const    0x08076c34      0x8  wifimgr.o [5]
  .rodata             const    0x08076c3c      0x8  wifimgr.o [5]
  .rodata             const    0x08076c44      0x8  wifimgr.o [5]
  .rodata             const    0x08076c4c      0x8  wifimgr.o [5]
  .rodata             const    0x08076c54      0x8  wifimgr.o [5]
  .rodata             const    0x08076c5c      0x8  wifimgr.o [5]
  .rodata             const    0x08076c64      0x8  memp.o [5]
  .rodata             const    0x08076c6c      0x8  memp.o [5]
  .rodata             const    0x08076c74      0x8  memp.o [5]
  .rodata             const    0x08076c7c      0x8  memp.o [5]
  .rodata             const    0x08076c84      0x8  memp.o [5]
  .rodata             const    0x08076c8c      0x8  memp.o [5]
  .rodata             const    0x08076c94      0x8  memp.o [5]
  .rodata             const    0x08076c9c      0x8  memp.o [5]
  .rodata             const    0x08076ca4      0x8  smart_config.o [5]
  .rodata             const    0x08076cac      0x8  smart_config.o [5]
  .rodata             const    0x08076cb4      0x8  smart_config.o [5]
  .rodata             const    0x08076cbc      0x8  dns.o [5]
  .rodata             const    0x08076cc4      0x8  dns.o [5]
  .rodata             const    0x08076ccc      0x8  tcp.o [5]
  .rodata             const    0x08076cd4      0x8  wwd_wifi.o [5]
  .rodata             const    0x08076cdc      0x8  wwd_wifi.o [5]
  .rodata             const    0x08076ce4      0x8  wwd_wifi.o [5]
  .rodata             const    0x08076cec      0x8  wwd_wifi.o [5]
  .rodata             const    0x08076cf4      0x8  wwd_wifi.o [5]
  .rodata             const    0x08076cfc      0x8  tcp_in.o [5]
  .rodata             const    0x08076d04      0x8  tcp_in.o [5]
  .rodata             const    0x08076d0c      0x8  tcp_in.o [5]
  .rodata             const    0x08076d14      0x8  tcp_in.o [5]
  .rodata             const    0x08076d1c      0x8  wwd_management.o [5]
  .rodata             const    0x08076d24      0x8  wwd_management.o [5]
  .rodata             const    0x08076d2c      0x8  etharp.o [5]
  .rodata             const    0x08076d34      0x8  etharp.o [5]
  .rodata             const    0x08076d3c      0x8  etharp.o [5]
  .rodata             const    0x08076d44      0x8  etharp.o [5]
  .rodata             const    0x08076d4c      0x8  wwd_network.o [5]
  .rodata             const    0x08076d54      0x8  dhcp_server.o [5]
  .rodata             const    0x08076d5c      0x8  dhcp_server.o [5]
  .rodata             const    0x08076d64      0x8  dhcp_server.o [5]
  .rodata             const    0x08076d6c      0x8  dhcp_server.o [5]
  .text               ro code  0x08076d74      0x8  startup_stm32f411xe_IAR.o [1]
  .rodata             const    0x08076d7c      0x4  ip_addr.o [5]
  .rodata             const    0x08076d80      0x4  ip_addr.o [5]
  .rodata             const    0x08076d84      0x4  smart_config.o [5]
  .rodata             const    0x08076d88      0x4  smart_config.o [5]
  .rodata             const    0x08076d8c      0x4  dhcp_server.o [5]
  .rodata             const    0x08076d90      0x4  dhcp_server.o [5]
  .rodata             const    0x08076d94      0x4  dhcp_server.o [5]
  .rodata             const    0x08076d98      0x4  dhcp_server.o [5]
  .rodata             const    0x08076d9c      0x4  dhcp_server.o [5]
  .text               ro code  0x08076da0      0x4  startup_stm32f411xe_IAR.o [1]
  .text               ro code  0x08076da4      0x4  startup_stm32f411xe_IAR.o [1]
  .text               ro code  0x08076da8      0x4  startup_stm32f411xe_IAR.o [1]
  .text               ro code  0x08076dac      0x4  startup_stm32f411xe_IAR.o [1]
  .text               ro code  0x08076db0      0x4  startup_stm32f411xe_IAR.o [1]
  .text               ro code  0x08076db4      0x4  startup_stm32f411xe_IAR.o [1]
  .text               ro code  0x08076db8      0x4  startup_stm32f411xe_IAR.o [1]
  .text               ro code  0x08076dbc      0x4  startup_stm32f411xe_IAR.o [1]
  .text               ro code  0x08076dc0      0x4  startup_stm32f411xe_IAR.o [1]
  .text               ro code  0x08076dc4      0x4  startup_stm32f411xe_IAR.o [1]
  .text               ro code  0x08076dc8      0x4  startup_stm32f411xe_IAR.o [1]
  .text               ro code  0x08076dcc      0x4  startup_stm32f411xe_IAR.o [1]
  .text               ro code  0x08076dd0      0x4  startup_stm32f411xe_IAR.o [1]
  .text               ro code  0x08076dd4      0x4  startup_stm32f411xe_IAR.o [1]
  .text               ro code  0x08076dd8      0x4  startup_stm32f411xe_IAR.o [1]
  .text               ro code  0x08076ddc      0x4  startup_stm32f411xe_IAR.o [1]
  .text               ro code  0x08076de0      0x4  startup_stm32f411xe_IAR.o [1]
  .text               ro code  0x08076de4      0x4  startup_stm32f411xe_IAR.o [1]
  .text               ro code  0x08076de8      0x4  startup_stm32f411xe_IAR.o [1]
  .text               ro code  0x08076dec      0x4  startup_stm32f411xe_IAR.o [1]
  .text               ro code  0x08076df0      0x4  startup_stm32f411xe_IAR.o [1]
  .text               ro code  0x08076df4      0x4  startup_stm32f411xe_IAR.o [1]
  .text               ro code  0x08076df8      0x4  startup_stm32f411xe_IAR.o [1]
  .text               ro code  0x08076dfc      0x4  startup_stm32f411xe_IAR.o [1]
  .text               ro code  0x08076e00      0x4  startup_stm32f411xe_IAR.o [1]
  .text               ro code  0x08076e04      0x4  startup_stm32f411xe_IAR.o [1]
  .text               ro code  0x08076e08      0x4  startup_stm32f411xe_IAR.o [1]
  .text               ro code  0x08076e0c      0x4  startup_stm32f411xe_IAR.o [1]
  .text               ro code  0x08076e10      0x4  startup_stm32f411xe_IAR.o [1]
  .text               ro code  0x08076e14      0x4  startup_stm32f411xe_IAR.o [1]
  .text               ro code  0x08076e18      0x4  startup_stm32f411xe_IAR.o [1]
  .text               ro code  0x08076e1c      0x4  startup_stm32f411xe_IAR.o [1]
  .text               ro code  0x08076e20      0x4  startup_stm32f411xe_IAR.o [1]
  .text               ro code  0x08076e24      0x4  startup_stm32f411xe_IAR.o [1]
  .text               ro code  0x08076e28      0x4  startup_stm32f411xe_IAR.o [1]
  .text               ro code  0x08076e2c      0x4  startup_stm32f411xe_IAR.o [1]
  .text               ro code  0x08076e30      0x4  startup_stm32f411xe_IAR.o [1]
  .text               ro code  0x08076e34      0x4  startup_stm32f411xe_IAR.o [1]
  .text               ro code  0x08076e38      0x4  startup_stm32f411xe_IAR.o [1]
  .text               ro code  0x08076e3c      0x4  startup_stm32f411xe_IAR.o [1]
  .text               ro code  0x08076e40      0x4  startup_stm32f411xe_IAR.o [1]
  .text               ro code  0x08076e44      0x4  startup_stm32f411xe_IAR.o [1]
  .text               ro code  0x08076e48      0x4  startup_stm32f411xe_IAR.o [1]
  .text               ro code  0x08076e4c      0x4  startup_stm32f411xe_IAR.o [1]
  .text               ro code  0x08076e50      0x4  startup_stm32f411xe_IAR.o [1]
  .text               ro code  0x08076e54      0x4  startup_stm32f411xe_IAR.o [1]
  .text               ro code  0x08076e58      0x4  startup_stm32f411xe_IAR.o [1]
  .text               ro code  0x08076e5c      0x4  startup_stm32f411xe_IAR.o [1]
  .text               ro code  0x08076e60      0x0  cstart_clearlocks.o [10]
  .text               ro code  0x08076e60      0x0  cstart_closeall.o [10]
  .rodata             const    0x08076e60      0x0  zero_init3.o [10]
  .rodata             const    0x08076e60      0x0  lz77_init.o [10]
  Initializer bytes   ro data  0x08076e60    0x1ca  <for P2 s0>
                             - 0x0807702a  0x6ae92

"P2":                                      0x1d8d8
  P2 s0                        0x20000000    0x62a  <Init block>
    .data             inited   0x20000000     0xc8  button.o [1]
    .data             inited   0x200000c8     0x94  fog_ota.o [1]
    __DLIB_PERTHREAD  inited   0x2000015c     0x8c  rand.o [7]
    __DLIB_PERTHREAD  inited   0x200001e8     0x88  localeconv.o [7]
    __DLIB_PERTHREAD  inited   0x20000270     0x74  setlocale.o [7]
    .data             inited   0x200002e4     0x54  internal.o [4]
    .data             inited   0x20000338     0x44  bme280_user.o [1]
    .data             inited   0x2000037c     0x40  memp.o [5]
    .data             inited   0x200003bc     0x40  xfiles.o [7]
    .data             inited   0x200003fc     0x40  xfiles.o [7]
    .data             inited   0x2000043c     0x40  xfiles.o [7]
    .data             inited   0x2000047c     0x20  mico_mdns.o [1]
    .data             inited   0x2000049c     0x20  wiced_network.o [5]
    .data             inited   0x200004bc     0x20  xfiles.o [7]
    .data             inited   0x200004dc     0x14  fog_v2.o [1]
    .data             inited   0x200004f0     0x14  ssl_wrap.o [4]
    .data             inited   0x20000504     0x10  fog_tcp_server.o [1]
    .data             inited   0x20000514     0x10  mico_rtos.o [1]
    .data             inited   0x20000524     0x10  mico_rtos_common.o [1]
    .data             inited   0x20000534     0x10  stm32f4xx_rcc.o [1]
    .data             inited   0x20000544     0x10  tcp.o [5]
    .data             inited   0x20000554      0xc  wwd_internal.o [5]
    .data             inited   0x20000560      0x8  APDS9930.o [1]
    .data             inited   0x20000568      0x8  platform_rtc.o [1]
    .data             inited   0x20000570      0x4  json_object.o [1]
    .data             inited   0x20000574      0x4  json_object.o [1]
    .data             inited   0x20000578      0x4  json_tokener.o [1]
    .data             inited   0x2000057c      0x4  mico_config.o [1]
    .data             inited   0x20000580      0x4  mico_config.o [1]
    .data             inited   0x20000584      0x4  port.o [1]
    .data             inited   0x20000588      0x4  wifimgr.o [5]
    .data             inited   0x2000058c      0x4  wifimgr.o [5]
    .data             inited   0x20000590      0x4  wifimgr.o [5]
    .data             inited   0x20000594      0x4  wifimgr.o [5]
    .data             inited   0x20000598      0x4  wifimgr.o [5]
    .data             inited   0x2000059c      0x4  wifimgr.o [5]
    .data             inited   0x200005a0      0x4  wifimgr.o [5]
    .data             inited   0x200005a4      0x4  wwd_sdpcm.o [5]
    .data             inited   0x200005a8      0x4  mftest.o [5]
    .data             inited   0x200005ac      0x4  mftest.o [5]
    .data             inited   0x200005b0      0x4  smart_config.o [5]
    .data             inited   0x200005b4      0x4  smart_config.o [5]
    .data             inited   0x200005b8      0x4  smart_config.o [5]
    .data             inited   0x200005bc      0x4  tcp.o [5]
    .data             inited   0x200005c0      0x4  wwd_firmware.o [5]
    .data             inited   0x200005c4      0x4  wifi.o [5]
    .data             inited   0x200005c8      0x4  wwd_ap.o [5]
    .data             inited   0x200005cc      0x4  wwd_ap.o [5]
    .data             inited   0x200005d0      0x4  integer.o [4]
    .data             inited   0x200005d4      0x4  asn.o [4]
    .data             inited   0x200005d8      0x4  asn.o [4]
    .data             inited   0x200005dc      0x4  asn.o [4]
    .data             inited   0x200005e0      0x4  asn.o [4]
    .data             inited   0x200005e4      0x4  asn.o [4]
    .data             inited   0x200005e8      0x4  asn.o [4]
    .data             inited   0x200005ec      0x4  asn.o [4]
    .data             inited   0x200005f0      0x4  asn.o [4]
    .data             inited   0x200005f4      0x4  asn.o [4]
    .data             inited   0x200005f8      0x4  asn.o [4]
    .data             inited   0x200005fc      0x4  asn.o [4]
    .data             inited   0x20000600      0x4  asn.o [4]
    .data             inited   0x20000604      0x4  asn.o [4]
    .data             inited   0x20000608      0x4  asn.o [4]
    .data             inited   0x2000060c      0x4  asn.o [4]
    .data             inited   0x20000610      0x4  asn.o [4]
    .data             inited   0x20000614      0x4  asn.o [4]
    .data             inited   0x20000618      0x4  asn.o [4]
    .data             inited   0x2000061c      0x4  asn.o [4]
    .data             inited   0x20000620      0x4  asn.o [4]
    __DLIB_PERTHREAD  inited   0x20000624      0x4  errno.o [7]
    .data             inited   0x20000628      0x1  platform_spi.o [1]
    .data             inited   0x20000629      0x1  smart_config.o [5]
  .bss                zero     0x2000062c   0x533c  memp.o [5]
  .bss                zero     0x20005968    0x818  wlan_bus_SDIO.o [1]
  .bss                zero     0x20006180    0x580  smart_config.o [5]
  .bss                zero     0x20006700    0x460  dns.o [5]
[...]
                        0x0804059f    0x12  Code  Gb  tcpip.o [5]
wiced_packet_delete     0x080405b1    0x16  Code  Gb  tcpip.o [5]
wiced_packet_get_data   0x080405f9    0x90  Code  Gb  tcpip.o [5]
wiced_packet_set_data_end
                        0x080405c7    0x16  Code  Gb  tcpip.o [5]
wiced_ping              0x08040251    0x28  Code  Gb  tcpip.o [5]
wiced_ping_send         0x0805adc1    0x8c  Code  Gb  wiced_ping.o [5]
wiced_process_bus_credit_update
                        0x08048955    0x72  Code  Gb  wwd_sdpcm.o [5]
wiced_process_sdpcm     0x080489c7   0x372  Code  Gb  wwd_sdpcm.o [5]
wiced_quit_sdpcm        0x0804884d    0x4e  Code  Gb  wwd_sdpcm.o [5]
wiced_read_backplane_value
                        0x0805d00d    0x36  Code  Gb  wwd_bus_protocol.o [5]
wiced_read_frame        0x0805ce59   0x182  Code  Gb  wwd_bus_protocol.o [5]
wiced_read_register_value
                        0x0805d379    0x32  Code  Gb  wwd_bus_protocol.o [5]
wiced_receive_one_packet
                        0x0805d4e9    0x38  Code  Gb  wwd_thread.o [5]
wiced_reset_device_core
                        0x08067cf7    0x9e  Code  Gb  wwd_internal.o [5]
wiced_rtos_create_thread
                        0x0804863f    0x12  Code  Gb  wiced_rtos.o [5]
wiced_rtos_deinit_semaphore
                        0x08048697     0x8  Code  Gb  wiced_rtos.o [5]
wiced_rtos_delay_milliseconds
                        0x080486d5     0x8  Code  Gb  wiced_rtos.o [5]
wiced_rtos_delete_thread
                        0x08048651     0x8  Code  Gb  wiced_rtos.o [5]
wiced_rtos_deregister_timed_event
                        0x080486eb     0x8  Code  Gb  wiced_rtos.o [5]
wiced_rtos_enter_critical
                        0x080486f3     0x8  Code  Gb  wiced_rtos.o [5]
wiced_rtos_exit_critical
                        0x080486fb     0x8  Code  Gb  wiced_rtos.o [5]
wiced_rtos_get_semaphore
                        0x08048687     0x8  Code  Gb  wiced_rtos.o [5]
wiced_rtos_init         0x08048637     0x8  Code  Gb  wiced_rtos.o [5]
wiced_rtos_init_mutex   0x0804869f     0x8  Code  Gb  wiced_rtos.o [5]
wiced_rtos_init_semaphore
                        0x0804867b     0xc  Code  Gb  wiced_rtos.o [5]
wiced_rtos_is_current_thread
                        0x08048661     0xa  Code  Gb  wiced_rtos.o [5]
wiced_rtos_is_queue_empty
                        0x080486b7    0x16  Code  Gb  wiced_rtos.o [5]
wiced_rtos_lock_mutex   0x080486a7     0x8  Code  Gb  wiced_rtos.o [5]
wiced_rtos_register_timed_event
                        0x080486dd     0xe  Code  Gb  wiced_rtos.o [5]
wiced_rtos_send_asynchronous_event
                        0x080486cd     0x8  Code  Gb  wiced_rtos.o [5]
wiced_rtos_set_semaphore
                        0x0804868f     0x8  Code  Gb  wiced_rtos.o [5]
wiced_rtos_thread_force_awake
                        0x0804866b     0x8  Code  Gb  wiced_rtos.o [5]
wiced_rtos_thread_join  0x08048659     0x8  Code  Gb  wiced_rtos.o [5]
wiced_rtos_unlock_mutex
                        0x080486af     0x8  Code  Gb  wiced_rtos.o [5]
wiced_sdio_redirect_oob_interrupt
                        0x0805d3df    0x36  Code  Lc  wwd_bus_protocol.o [5]
wiced_sdio_transfer     0x0805d077    0x94  Code  Lc  wwd_bus_protocol.o [5]
wiced_sdpcm_ioctl_mutex
                        0x20008504     0x4  Data  Lc  wwd_sdpcm.o [5]
wiced_sdpcm_send_queue_head
                        0x20008518     0x4  Data  Lc  wwd_sdpcm.o [5]
wiced_sdpcm_send_queue_mutex
                        0x20008514     0x4  Data  Lc  wwd_sdpcm.o [5]
wiced_sdpcm_send_queue_tail
                        0x2000851c     0x4  Data  Lc  wwd_sdpcm.o [5]
wiced_send_ioctl        0x08048d3d   0x200  Code  Gb  wwd_sdpcm.o [5]
wiced_send_iovar        0x0804889b    0x30  Code  Gb  wwd_sdpcm.o [5]
wiced_send_one_packet   0x0805d4a7    0x42  Code  Gb  wwd_thread.o [5]
wiced_send_sdpcm_common
                        0x08049231    0x90  Code  Lc  wwd_sdpcm.o [5]
wiced_set_backplane_window
                        0x08067b49    0xa8  Code  Gb  wwd_internal.o [5]
wiced_set_next_buffer_in_queue
                        0x080492cb     0xe  Code  Lc  wwd_sdpcm.o [5]
wiced_start_dhcp_server
                        0x0805f0ed    0x58  Code  Gb  dhcp_server.o [5]
wiced_stop_dhcp         0x08047e2d     0x8  Code  Gb  wiced_network.o [5]
wiced_stop_dhcp_server  0x0805f145    0x2a  Code  Gb  dhcp_server.o [5]
wiced_tcp_bind          0x0804042f    0x56  Code  Gb  tcpip.o [5]
wiced_tcp_connect       0x08040375    0xba  Code  Gb  tcpip.o [5]
wiced_tcp_create_socket
                        0x08040317    0x5e  Code  Gb  tcpip.o [5]
wiced_tcp_send_packet   0x08040485    0x20  Code  Gb  tcpip.o [5]
wiced_tcp_start_tls     0x0805af57     0x6  Code  Gb  mxchipbesl.o [5]
wiced_thread            0x20008548     0x4  Data  Lc  wwd_thread.o [5]
wiced_thread_func       0x0805d581   0x132  Code  Lc  wwd_thread.o [5]
wiced_thread_init       0x0805d459    0x4e  Code  Gb  wwd_thread.o [5]
wiced_thread_notify     0x0805d56b    0x14  Code  Gb  wwd_thread.o [5]
wiced_thread_quit       0x0805d521    0x28  Code  Gb  wwd_thread.o [5]
wiced_thread_quit_flag  0x200086bd     0x1  Data  Lc  wwd_thread.o [5]
wiced_time_get_time     0x08048673     0x8  Code  Gb  wiced_rtos.o [5]
wiced_tls_encrypt_packet
                        0x0805af51     0x6  Code  Gb  mxchipbesl.o [5]
wiced_transceive_semaphore
                        0x2000854c     0x4  Data  Lc  wwd_thread.o [5]
wiced_udp_create_socket
                        0x080406ad    0x86  Code  Gb  tcpip.o [5]
wiced_udp_delete_socket
                        0x08040809    0x2a  Code  Gb  tcpip.o [5]
wiced_udp_packet_get_info
                        0x080405dd    0x1c  Code  Gb  tcpip.o [5]
wiced_udp_receive       0x080407c1    0x48  Code  Gb  tcpip.o [5]
wiced_udp_send          0x08040733    0x8e  Code  Gb  tcpip.o [5]
wiced_using_dhcp        0x200086d0     0x1  Data  Lc  wiced_network.o [5]
wiced_wifi_add_packet_filter
                        0x080432fd    0x86  Code  Gb  wwd_wifi.o [5]
wiced_wifi_ap_is_up     0x200086d2     0x1  Data  Gb  wwd_ap.o [5]
wiced_wifi_disable_monitor_mode
                        0x080431b1    0x5c  Code  Gb  wwd_wifi.o [5]
wiced_wifi_enable_monitor_mode
                        0x0804314d    0x5c  Code  Gb  wwd_wifi.o [5]
wiced_wifi_enable_packet_filter
                        0x080433b1     0xc  Code  Gb  wwd_wifi.o [5]
wiced_wifi_enable_powersave_with_throughput
                        0x08042df9    0x8a  Code  Gb  wwd_wifi.o [5]
wiced_wifi_get_ap_name  0x080433f9    0x72  Code  Gb  wwd_wifi.o [5]
wiced_wifi_get_channel  0x0804323d     0xc  Code  Gb  wwd_wifi.o [5]
wiced_wifi_get_mac_address
                        0x08042cf9    0x58  Code  Gb  wwd_wifi.o [5]
wiced_wifi_get_pmk      0x08042e91    0x86  Code  Gb  wwd_wifi.o [5]
wiced_wifi_get_rssi     0x080430fd    0x4c  Code  Gb  wwd_wifi.o [5]
wiced_wifi_get_wifi_version
                        0x080434f5    0x52  Code  Gb  wwd_wifi.o [5]
wiced_wifi_is_packet_from_ap
                        0x08048619     0xe  Code  Gb  wwd_ap.o [5]
wiced_wifi_is_ready_to_transceive
                        0x08042d89    0x70  Code  Gb  wwd_wifi.o [5]
wiced_wifi_join         0x0804249d   0x124  Code  Gb  wwd_wifi.o [5]
wiced_wifi_join_specific
                        0x080425c1   0x194  Code  Gb  wwd_wifi.o [5]
wiced_wifi_leave        0x08042b5b    0x66  Code  Gb  wwd_wifi.o [5]
wiced_wifi_prepare_join
                        0x08042755   0x406  Code  Lc  wwd_wifi.o [5]
wiced_wifi_register_multicast_address
                        0x08042f17    0xd0  Code  Gb  wwd_wifi.o [5]
wiced_wifi_remove_packet_filter
                        0x08043383    0x2e  Code  Gb  wwd_wifi.o [5]
wiced_wifi_scan         0x08041fd5   0x150  Code  Gb  wwd_wifi.o [5]
wiced_wifi_scan_networks
                        0x0803fe85   0x12a  Code  Gb  wifi.o [5]
wiced_wifi_set_channel  0x08043287     0xc  Code  Gb  wwd_wifi.o [5]
wiced_wifi_set_down     0x08043211    0x20  Code  Gb  wwd_wifi.o [5]
wiced_wifi_set_maxassoc
                        0x08043547    0x2c  Code  Gb  wwd_wifi.o [5]
wiced_wifi_set_nmode    0x08042d55    0x2e  Code  Gb  wwd_wifi.o [5]
wiced_wifi_sleep_flag   0x2000866c     0x4  Data  Lc  wwd_ap.o [5]
wiced_wifi_start_ap     0x08048099   0x444  Code  Gb  wwd_ap.o [5]
wiced_wifi_stop_ap      0x080484dd   0x100  Code  Gb  wwd_ap.o [5]
wiced_wifi_stop_scan    0x08042125    0x58  Code  Gb  wwd_wifi.o [5]
wiced_wifi_toggle_packet_filter
                        0x080433bd    0x32  Code  Gb  wwd_wifi.o [5]
wiced_wifi_unregister_multicast_address
                        0x08042ffd    0xf0  Code  Gb  wwd_wifi.o [5]
wiced_wlan_status       0x20000554     0xc  Data  Gb  wwd_internal.o [5]
wiced_write_backplane_value
                        0x0805cfdb    0x32  Code  Gb  wwd_bus_protocol.o [5]
wiced_write_register_value
                        0x0805d043    0x1e  Code  Gb  wwd_bus_protocol.o [5]
wiced_write_wifi_firmware_image
                        0x08067da9    0xbe  Code  Gb  wwd_firmware.o [5]
wiced_write_wifi_nvram_image
                        0x08067e67   0x160  Code  Gb  wwd_firmware.o [5]
wifi_control_pins       0x08073d3c    0x10  Data  Gb  platform.o [1]
wifi_join_aping         0x200086cb     0x1  Data  Lc  wwd_wifi.o [5]
wifi_mgmt_parse         0x08045a1d   0x110  Code  Lc  smart_config.o [5]
wifi_nvram_image        0x08073d84   0x30c  Data  Lc  wwd_firmware.o [5]
wifi_power_down         0x0802d6d5    0x26  Code  Gb  mxchipWNET.o [5]
wifi_power_is_down      0x200084d0     0x4  Data  Lc  mxchipWNET.o [5]
wifi_power_up           0x0802d6fb    0x20  Code  Gb  mxchipWNET.o [5]
wifi_reboot_event       0x08026f5b    0x16  Code  Gb  mico_system_notification.o [1]
wifi_reboot_only        0x08032195    0x36  Code  Gb  wifimgr.o [5]
wifi_sdio_pins          0x08073d4c    0x38  Data  Gb  platform.o [1]
wifi_sem                0x200084a4     0x4  Data  Lc  MICOAppEntrance.o [1]
wifi_status_callback    0x0802d531    0x74  Code  Gb  mxchipWNET.o [5]
wifi_up                 0x200084b8     0x4  Data  Lc  tftp_ota.o [1]
wifidebug_Command       0x08032803    0x70  Code  Gb  wifimgr.o [5]
wifimgr_debug_enable    0x08030c39    0x1c  Code  Gb  wifimgr.o [5]
wifimgr_sem             0x200084e8     0x4  Data  Lc  wifimgr.o [5]
wifimgr_thread          0x080321d1   0x178  Code  Lc  wifimgr.o [5]
wifiscan_Command        0x080328ad   0x266  Code  Gb  wifimgr.o [5]
wifistate_Command       0x08032619   0x1ea  Code  Gb  wifimgr.o [5]
wlan_disconnect         0x0803168d    0x48  Code  Gb  wifimgr.o [5]
wlan_driver_version     0x0802d71b    0x22  Code  Gb  mxchipWNET.o [5]
wlan_get_mac_address    0x08032077     0x8  Code  Gb  wifimgr.o [5]
wlan_init               0x08032165    0x28  Code  Gb  wifimgr.o [5]
wlan_notify_irq         0x0805d549    0x22  Code  Gb  wwd_thread.o [5]
wlu_is_ali_ie           0x08044d6f    0x36  Code  Lc  smart_config.o [5]
wlu_is_wpa_ie           0x080434bf    0x36  Code  Lc  wwd_wifi.o [5]
wlu_parse_tlvs          0x08044d49    0x26  Code  Lc  smart_config.o [5]
wlu_parse_tlvs          0x08043499    0x26  Code  Lc  wwd_wifi.o [5]
wolfCrypt_Init          0x080140c9     0xe  Code  Gb  wc_port.o [4]
wolfSSL_CTX_free        0x08014301    0x16  Code  Gb  ssl.o [4]
wolfSSL_CTX_load_verify_buffer
                        0x08016349    0x36  Code  Gb  ssl.o [4]
wolfSSL_CTX_new         0x080142fd     0x4  Code  Gb  ssl.o [4]
wolfSSL_CTX_new_ex      0x0801421b    0x7a  Code  Gb  ssl.o [4]
wolfSSL_CTX_set_cipher_list
                        0x08015939    0x36  Code  Gb  ssl.o [4]
wolfSSL_CTX_set_verify  0x08015869    0x44  Code  Gb  ssl.o [4]
wolfSSL_CTX_use_PrivateKey_buffer
                        0x0801639f    0x1a  Code  Gb  ssl.o [4]
wolfSSL_CTX_use_certificate_buffer
                        0x0801637f    0x20  Code  Gb  ssl.o [4]
wolfSSL_CertManagerFree
                        0x080147bd    0x2c  Code  Gb  ssl.o [4]
wolfSSL_CertManagerNew_ex
                        0x08014749    0x4a  Code  Gb  ssl.o [4]
wolfSSL_DeriveTlsKeys   0x0801d733    0x16  Code  Gb  tls.o [4]
wolfSSL_GetHmacType     0x0801d841    0x30  Code  Gb  tls.o [4]
wolfSSL_GetMacSecret    0x0801468f    0x1e  Code  Gb  ssl.o [4]
wolfSSL_Init            0x08014c45    0x5c  Code  Gb  ssl.o [4]
wolfSSL_MakeTlsMasterSecret
                        0x0801d79d    0x14  Code  Gb  tls.o [4]
wolfSSL_SetTlsHmacInner
                        0x0801d871    0x66  Code  Gb  tls.o [4]
wolfSSL_UnloadCertsKeys
                        0x080163d9    0x68  Code  Gb  ssl.o [4]
wolfSSL_accept          0x08015e3d   0x248  Code  Gb  ssl.o [4]
wolfSSL_connect         0x080159b9   0x210  Code  Gb  ssl.o [4]
wolfSSL_dtls            0x0801444f     0x8  Code  Gb  ssl.o [4]
wolfSSL_free            0x08014371    0x18  Code  Gb  ssl.o [4]
wolfSSL_get_fd          0x080143e1    0x1c  Code  Gb  ssl.o [4]
wolfSSL_get_using_nonblock
                        0x08014409    0x24  Code  Gb  ssl.o [4]
wolfSSL_negotiate       0x08014457    0x3e  Code  Gb  ssl.o [4]
wolfSSL_new             0x08014329    0x36  Code  Gb  ssl.o [4]
wolfSSL_read            0x08014569    0x1a  Code  Gb  ssl.o [4]
wolfSSL_read_internal   0x08014505    0x4a  Code  Lc  ssl.o [4]
wolfSSL_set_fd          0x080143a1    0x2c  Code  Gb  ssl.o [4]
wolfSSL_set_verify      0x080158cd    0x56  Code  Gb  ssl.o [4]
wolfSSL_shutdown        0x080145b5    0x9c  Code  Gb  ssl.o [4]
wolfSSL_write           0x080144b5    0x42  Code  Gb  ssl.o [4]
wolfTLSv1_1_client_method
                        0x0801d949     0x4  Code  Gb  tls.o [4]
wolfTLSv1_1_client_method_ex
                        0x0801d963    0x16  Code  Gb  tls.o [4]
wolfTLSv1_1_server_method
                        0x0801d995     0x4  Code  Gb  tls.o [4]
wolfTLSv1_1_server_method_ex
                        0x0801d9c1    0x1a  Code  Gb  tls.o [4]
wolfTLSv1_2_client_method
                        0x0801d979     0x2  Code  Gb  tls.o [4]
wolfTLSv1_2_client_method_ex
                        0x0801d97b    0x16  Code  Gb  tls.o [4]
wolfTLSv1_2_server_method
                        0x0801d9db     0x2  Code  Gb  tls.o [4]
wolfTLSv1_2_server_method_ex
                        0x0801d9dd    0x1a  Code  Gb  tls.o [4]
wolfTLSv1_client_method
                        0x0801d945     0x4  Code  Gb  tls.o [4]
wolfTLSv1_client_method_ex
                        0x0801d94d    0x16  Code  Gb  tls.o [4]
wolfTLSv1_server_method
                        0x0801d991     0x4  Code  Gb  tls.o [4]
wolfTLSv1_server_method_ex
                        0x0801d999    0x1a  Code  Gb  tls.o [4]
wolfssl_log             0x08014105     0xc  Code  Lc  logging.o [4]
work_mode               0x200085c0     0x4  Data  Lc  smart_config.o [5]
worker_thread_main      0x08033841    0x1c  Code  Lc  mico_rtos_common.o [1]
wps_running             0x200086c6     0x1  Data  Lc  wps_host.o [5]
write                   0x0803cafd     0x6  Code  Gb  mico_socket.o [1]
writeCString            0x080696f3    0x38  Code  Gb  MQTTPacket.o [1]
writeChar               0x080696d3     0x4  Code  Gb  MQTTPacket.o [1]
writeInt                0x080696d7    0x12  Code  Gb  MQTTPacket.o [1]
writeMQTTString         0x0806972b    0x58  Code  Gb  MQTTPacket.o [1]
wwd_allow_wlan_bus_to_sleep
                        0x08067b11    0x30  Code  Gb  wwd_chip_specific_functions.o [5]
wwd_bus_specific_sleep  0x0805d3db     0x4  Code  Gb  wwd_bus_protocol.o [5]
wwd_bus_specific_wakeup
                        0x0805d3d7     0x4  Code  Gb  wwd_bus_protocol.o [5]
wwd_chip_specific_init  0x08067a8d     0x4  Code  Gb  wwd_chip_specific_functions.o [5]
wwd_chip_specific_socsram_init
                        0x08067a91     0x4  Code  Gb  wwd_chip_specific_functions.o [5]
wwd_ensure_wlan_bus_is_up
                        0x08067a95    0x7c  Code  Gb  wwd_chip_specific_functions.o [5]
wwd_management_set_event_handler
                        0x08048f47   0x18a  Code  Gb  wwd_sdpcm.o [5]
wwd_thread_line         0x20008540     0x4  Data  Gb  wwd_thread.o [5]
wwd_wifi_get_channel    0x08043249    0x3e  Code  Gb  wwd_wifi.o [5]
wwd_wifi_set_ampdu_parameters
                        0x08048627    0x10  Code  Gb  wwd_ap.o [5]
wwd_wifi_set_ampdu_parameters_common
                        0x0805f76d    0x52  Code  Gb  wwd_ap_common.o [5]
wwd_wifi_set_channel    0x08043293    0x62  Code  Gb  wwd_wifi.o [5]
wwd_wifi_set_iovar_value
                        0x0804346b    0x2e  Code  Gb  wwd_wifi.o [5]
xActiveTimerList1       0x20007dd4    0x14  Data  Lc  timers.o [1]
xActiveTimerList2       0x20007de8    0x14  Data  Lc  timers.o [1]
xDelayedTaskList1       0x200075c8    0x14  Data  Lc  tasks.o [1]
xDelayedTaskList2       0x200075dc    0x14  Data  Lc  tasks.o [1]
xIdleTaskHandle         0x200075f0     0x4  Data  Lc  tasks.o [1]
xNextTaskUnblockTime    0x200075c0     0x4  Data  Lc  tasks.o [1]
xNumOfOverflows         0x200075b8     0x4  Data  Lc  tasks.o [1]
xPendingReadyList       0x20007554    0x14  Data  Lc  tasks.o [1]
xPortPendSVHandler      0x0803c9d1          Code  Gb  portasm.o [1]
xPortStartScheduler     0x08026a49    0x34  Code  Gb  port.o [1]
xPortSysTickHandler     0x08026aa7    0x26  Code  Gb  port.o [1]
xQueueCreateCountingSemaphore
                        0x08026549    0x2c  Code  Gb  queue.o [1]
xQueueCreateMutex       0x080264cd    0x7c  Code  Gb  queue.o [1]
xQueueGenericCreate     0x08026453    0x7a  Code  Gb  queue.o [1]
xQueueGenericReceive    0x08026751   0x13c  Code  Gb  queue.o [1]
xQueueGenericReset      0x080263dd    0x76  Code  Gb  queue.o [1]
xQueueGenericSend       0x08026575   0x108  Code  Gb  queue.o [1]
xQueueGenericSendFromISR
                        0x08026689    0x6e  Code  Gb  queue.o [1]
xQueueGiveFromISR       0x080266f7    0x5a  Code  Gb  queue.o [1]
xQueueIsQueueEmptyFromISR
                        0x0802698f     0xa  Code  Gb  queue.o [1]
xQueueIsQueueFullFromISR
                        0x08026999    0x10  Code  Gb  queue.o [1]
xSchedulerRunning       0x200075ac     0x4  Data  Lc  tasks.o [1]
xSuspendedTaskList      0x2000758c    0x14  Data  Lc  tasks.o [1]
xTaskAbortDelay         0x08024f3b    0x70  Code  Gb  tasks.o [1]
xTaskCheckForTimeOut    0x080251e1    0x5a  Code  Gb  tasks.o [1]
xTaskCreate             0x080249b9    0xda  Code  Gb  tasks.o [1]
xTaskGetCurrentTaskHandle
                        0x08025373     0x8  Code  Gb  tasks.o [1]
xTaskGetSchedulerState  0x0802537b    0x18  Code  Gb  tasks.o [1]
xTaskGetTickCount       0x08024ddf     0x2  Code  Gb  tasks.o [1]
xTaskGetTickCountFromISR
                        0x08024de1     0x2  Code  Gb  tasks.o [1]
xTaskIncrementTick      0x08024fab    0xc2  Code  Gb  tasks.o [1]
xTaskIsTaskFinished     0x08025505    0x4e  Code  Gb  tasks.o [1]
xTaskPriorityDisinherit
                        0x08025415    0x6c  Code  Gb  tasks.o [1]
xTaskRemoveFromEventList
                        0x0802517b    0x52  Code  Gb  tasks.o [1]
xTaskResumeAll          0x08024d2d    0xb2  Code  Gb  tasks.o [1]
xTasksWaitingTermination
                        0x20007568    0x14  Data  Lc  tasks.o [1]
xTickCount              0x200075a4     0x4  Data  Lc  tasks.o [1]
xTimerCreate            0x08026b5f    0x34  Code  Gb  timers.o [1]
xTimerCreateTimerTask   0x08026b31    0x2e  Code  Gb  timers.o [1]
xTimerGenericCommand    0x08026b93    0x4e  Code  Gb  timers.o [1]
xTimerQueue             0x20007dc8     0x4  Data  Lc  timers.o [1]
xTimerTaskHandle        0x20007dcc     0x4  Data  Lc  timers.o [1]
xYieldPending           0x200075b4     0x4  Data  Lc  tasks.o [1]
xorbuf                  0x0802054f    0x3c  Code  Lc  aes.o [4]


[1] = E:\工作\家商一体机\程序\EP600-HOME\WIFI\Airfactory_V2 - HOME\Build\EP600_S\MiCOKit-3165\obj_EWARM
[2] = command line
[3] = Lib_MFi_WAC.Cortex-M4F.IAR.release.a
[4] = Lib_wolfSSL.Cortex-M4F.IAR.release.a
[5] = MiCO.1062.SDIO.Cortex-M4.IAR.a
[6] = MiCODriverMFiAuth.a
[7] = dl7M_tlf.a
[8] = libairkiss.a
[9] = m7M_tls.a
[10] = rt7M_tl.a
[11] = shb_l.a

  412 774 bytes of readonly  code memory
   25 540 bytes of readonly  data memory
  121 048 bytes of readwrite data memory

Errors: none
Warnings: 1
