BL51 BANKED LINKER/LOCATER V6.22                                                        01/22/2018  11:49:59  PAGE 1


BL51 BANKED LINKER/LOCATER V6.22, INVOKED BY:
C:\KEIL_V5\C51\BIN\BL51.EXE .\Objects\STARTUP.obj, .\Objects\main.obj, .\Objects\data.obj, .\Objects\UART0.obj, .\Object
>> s\debug_uart.obj, .\Objects\soft_uart_1.obj, .\Objects\wifi_uart.obj, .\Objects\sensor_uart.obj, .\Objects\SOFT_IIC.o
>> bj, .\Objects\TM1620.obj, .\Objects\sensor.obj, .\Objects\PWM1.obj, .\Objects\dc_motor.obj, .\Objects\timer_1.obj, .\
>> Objects\INT.obj, .\Objects\touch_key.obj, .\Objects\sys_run.obj, .\Objects\step_motor.obj, .\Objects\buzzer.obj, .\Ob
>> jects\ADC.obj, .\Objects\UV.obj, .\Objects\ION.obj, .\Objects\user_timer.obj TO .\Objects\OB39R32T1 PRINT (.\Listings
>> \OB39R32T1.m51) RAMSIZE (256)


MEMORY MODEL: LARGE WITH FLOATING POINT ARITHMETIC


INPUT MODULES INCLUDED:
  .\Objects\STARTUP.obj (?C_STARTUP)
  .\Objects\main.obj (MAIN)
  .\Objects\data.obj (DATA)
  .\Objects\UART0.obj (UART0)
  .\Objects\debug_uart.obj (DEBUG_UART)
  .\Objects\soft_uart_1.obj (SOFT_UART_1)
  .\Objects\wifi_uart.obj (WIFI_UART)
  .\Objects\sensor_uart.obj (SENSOR_UART)
  .\Objects\SOFT_IIC.obj (SOFT_IIC)
  .\Objects\TM1620.obj (TM1620)
  .\Objects\sensor.obj (SENSOR)
  .\Objects\PWM1.obj (PWM1)
  .\Objects\dc_motor.obj (DC_MOTOR)
  .\Objects\timer_1.obj (TIMER_1)
  .\Objects\INT.obj (INT)
  .\Objects\touch_key.obj (TOUCH_KEY)
  .\Objects\sys_run.obj (SYS_RUN)
  .\Objects\step_motor.obj (STEP_MOTOR)
  .\Objects\buzzer.obj (BUZZER)
  .\Objects\ADC.obj (ADC)
  .\Objects\UV.obj (UV)
  .\Objects\ION.obj (ION)
  .\Objects\user_timer.obj (USER_TIMER)
  C:\KEIL_V5\C51\LIB\C51FPL.LIB (?C?FPADD)
  C:\KEIL_V5\C51\LIB\C51FPL.LIB (?C?FPMUL)
  C:\KEIL_V5\C51\LIB\C51FPL.LIB (?C?FPDIV)
  C:\KEIL_V5\C51\LIB\C51FPL.LIB (?C?FPCMP)
  C:\KEIL_V5\C51\LIB\C51FPL.LIB (?C?FCAST)
  C:\KEIL_V5\C51\LIB\C51FPL.LIB (?C?CASTF)
  C:\KEIL_V5\C51\LIB\C51FPL.LIB (PRINTF)
  C:\KEIL_V5\C51\LIB\C51FPL.LIB (?C?FPGETOPN)
  C:\KEIL_V5\C51\LIB\C51FPL.LIB (?C?FPROUND)
  C:\KEIL_V5\C51\LIB\C51FPL.LIB (?C?FPCONVERT)
  C:\KEIL_V5\C51\LIB\C51FPL.LIB (?C?FTNPWR)
  C:\KEIL_V5\C51\LIB\C51L.LIB (?C_INIT)
  C:\KEIL_V5\C51\LIB\C51L.LIB (?C?COPY)
  C:\KEIL_V5\C51\LIB\C51L.LIB (?C?CLDPTR)
  C:\KEIL_V5\C51\LIB\C51L.LIB (?C?CLDOPTR)
  C:\KEIL_V5\C51\LIB\C51L.LIB (?C?CSTPTR)
  C:\KEIL_V5\C51\LIB\C51L.LIB (?C?CSTOPTR)
  C:\KEIL_V5\C51\LIB\C51L.LIB (?C?IMUL)
  C:\KEIL_V5\C51\LIB\C51L.LIB (?C?UIDIV)
  C:\KEIL_V5\C51\LIB\C51L.LIB (?C?IILDX)
  C:\KEIL_V5\C51\LIB\C51L.LIB (?C?LMUL)
  C:\KEIL_V5\C51\LIB\C51L.LIB (?C?ULDIV)
BL51 BANKED LINKER/LOCATER V6.22                                                      01/22/2018  11:49:59  PAGE 2


  C:\KEIL_V5\C51\LIB\C51L.LIB (?C?SLDIV)
  C:\KEIL_V5\C51\LIB\C51L.LIB (?C?LNEG)
  C:\KEIL_V5\C51\LIB\C51L.LIB (?C?SLCMP)
  C:\KEIL_V5\C51\LIB\C51L.LIB (?C?ULCMP)
  C:\KEIL_V5\C51\LIB\C51L.LIB (?C?LLDIDATA)
  C:\KEIL_V5\C51\LIB\C51L.LIB (?C?LLDIDATA0)
  C:\KEIL_V5\C51\LIB\C51L.LIB (?C?LSTIDATA)
  C:\KEIL_V5\C51\LIB\C51L.LIB (?C?LSTXDATA)
  C:\KEIL_V5\C51\LIB\C51L.LIB (?C?LSTKIDATA)
  C:\KEIL_V5\C51\LIB\C51L.LIB (?C?LSTKXDATA)
  C:\KEIL_V5\C51\LIB\C51L.LIB (?C?PLDIXDATA)
  C:\KEIL_V5\C51\LIB\C51L.LIB (?C?PSTXDATA)
  C:\KEIL_V5\C51\LIB\C51L.LIB (?C?CCASE)
  C:\KEIL_V5\C51\LIB\C51L.LIB (?C?ICALL)
  C:\KEIL_V5\C51\LIB\C51L.LIB (PUTCHAR)
  C:\KEIL_V5\C51\LIB\C51L.LIB (STRLEN)
  C:\KEIL_V5\C51\LIB\C51L.LIB (?C?MEMSET)


LINK MAP OF MODULE:  .\Objects\OB39R32T1 (?C_STARTUP)


            TYPE    BASE      LENGTH    RELOCATION   SEGMENT NAME
            -----------------------------------------------------

            * * * * * * *   D A T A   M E M O R Y   * * * * * * *
            REG     0000H     0008H     ABSOLUTE     "REG BANK 0"
            DATA    0008H     0005H     UNIT         _DATA_GROUP_
            IDATA   000DH     0007H     UNIT         ?ID?TIMER_1
                    0014H     000CH                  *** GAP ***
            BIT     0020H.0   0003H.0   UNIT         ?BI?DATA
            BIT     0023H.0   0001H.1   UNIT         _BIT_GROUP_
            BIT     0024H.1   0000H.2   UNIT         ?BI?SENSOR_UART
            BIT     0024H.3   0000H.2   UNIT         ?BI?SYS_RUN
            BIT     0024H.5   0000H.1   UNIT         ?BI?UART0
            BIT     0024H.6   0000H.1   UNIT         ?BI?ADC
                    0024H.7   0000H.1                *** GAP ***
            IDATA   0025H     0059H     UNIT         ?ID?DATA
            IDATA   007EH     0001H     UNIT         ?STACK

            * * * * * * *  X D A T A   M E M O R Y  * * * * * * *
            XDATA   0000H     0126H     UNIT         ?XD?DATA
            XDATA   0126H     0093H     UNIT         _XDATA_GROUP_
            XDATA   01B9H     0055H     UNIT         ?XD?WIFI_UART
            XDATA   020EH     0022H     UNIT         ?XD?SENSOR
            XDATA   0230H     001CH     UNIT         ?XD?SOFT_IIC
            XDATA   024CH     000DH     UNIT         ?XD?TM1620
            XDATA   0259H     000BH     UNIT         ?XD?TOUCH_KEY
            XDATA   0264H     000AH     UNIT         ?XD?USER_TIMER
            XDATA   026EH     0009H     UNIT         ?XD?SYS_RUN
            XDATA   0277H     0004H     UNIT         ?XD?SOFT_UART_1
            XDATA   027BH     0002H     UNIT         ?XD?SENSOR_UART
            XDATA   027DH     0002H     UNIT         ?XD?ADC
            XDATA   027FH     0001H     UNIT         ?XD?TIMER_1
            XDATA   0280H     0001H     UNIT         ?XD?STEP_MOTOR

            * * * * * * *   C O D E   M E M O R Y   * * * * * * *
BL51 BANKED LINKER/LOCATER V6.22                                                      01/22/2018  11:49:59  PAGE 3


            CODE    0000H     0003H     ABSOLUTE     
            CODE    0003H     0008H     UNIT         ?PR?_UART0_TX?UART0
            CODE    000BH     0003H     ABSOLUTE     
            CODE    000EH     000DH     UNIT         ?PR?TIMER0_INIT?SOFT_UART_1
            CODE    001BH     0003H     ABSOLUTE     
            CODE    001EH     0005H     UNIT         ?CO?TM1620
            CODE    0023H     0003H     ABSOLUTE     
            CODE    0026H     0015H     UNIT         ?PR?INIT_UART0?UART0
            CODE    003BH     0003H     ABSOLUTE     
            CODE    003EH     0005H     UNIT         ?PR?SET_SENSOR_SLEEP?SENSOR
            CODE    0043H     0003H     ABSOLUTE     
            CODE    0046H     000CH     UNIT         ?PR?TM1620_INIT?TM1620
            CODE    0052H     0001H     UNIT         ?PR?PWM_ISR?PWM1
            CODE    0053H     0003H     ABSOLUTE     
            CODE    0056H     002DH     UNIT         ?PR?_SENSOR_UART_SENDBYTES?SENSOR_UART
            CODE    0083H     0003H     ABSOLUTE     
            CODE    0086H     09BAH     UNIT         ?C?LIB_CODE
            CODE    0A40H     0483H     UNIT         ?PR?PRINTF?PRINTF
            CODE    0EC3H     026FH     UNIT         ?C_INITSEG
            CODE    1132H     019BH     UNIT         ?PR?DEAL_WIFI_UART_DATA?WIFI_UART
            CODE    12CDH     019AH     UNIT         ?PR?SYS_DEV_AUTO_CHECK?SYS_RUN
            CODE    1467H     0192H     UNIT         ?PR?_F_0X45_DATA?WIFI_UART
            CODE    15F9H     0189H     UNIT         ?PR?_CALCULATE_SENSOR_DATA?SENSOR
            CODE    1782H     0189H     UNIT         ?PR?SCAN_TOUCHPAD?TOUCH_KEY
            CODE    190BH     014CH     UNIT         ?PR?TIMER1_ISR?TIMER_1
            CODE    1A57H     0141H     UNIT         ?PR?_F_0X49_05_DATA?WIFI_UART
            CODE    1B98H     0141H     UNIT         ?PR?SYS_RUN?SYS_RUN
            CODE    1CD9H     013FH     UNIT         ?PR?USER_TIMER_COUNT?USER_TIMER
            CODE    1E18H     013CH     UNIT         ?PR?MAIN?MAIN
            CODE    1F54H     012AH     UNIT         ?PR?F_0X41_DATA?WIFI_UART
            CODE    207EH     0121H     UNIT         ?PR?_CHECK_SUM?SENSOR
            CODE    219FH     011CH     UNIT         ?PR?_TM1620_LED_CONTROL?TM1620
            CODE    22BBH     0117H     UNIT         ?PR?DIRECTMOTOR?DC_MOTOR
            CODE    23D2H     0100H     UNIT         ?PR?_TM1620_DISPALYDATA?TM1620
            CODE    24D2H     00F8H     UNIT         ?CO?WIFI_UART
            CODE    25CAH     00D5H     UNIT         ?PR?UART1_ISR?SENSOR_UART
            CODE    269FH     00C5H     UNIT         ?PR?_TM1620_WRITEFRAMEREGISTER?TM1620
            CODE    2764H     00C2H     UNIT         ?PR?TURNMOTOR?STEP_MOTOR
            CODE    2826H     00B0H     UNIT         ?PR?_F_0X49_DATA?WIFI_UART
            CODE    28D6H     00A6H     UNIT         ?PR?_GET_KEY_STATUS?TOUCH_KEY
            CODE    297CH     00A2H     UNIT         ?PR?TIMER0_ISR?SOFT_UART_1
            CODE    2A1EH     00A2H     UNIT         ?PR?_DEAL_FRAMEBUFF?SENSOR
            CODE    2AC0H     00A2H     UNIT         ?PR?GET_SENSOR_DATA?SENSOR
            CODE    2B62H     00A0H     UNIT         ?PR?_WIFI_UART_RECEIVEONEPACKAGE?WIFI_UART
            CODE    2C02H     0097H     UNIT         ?CO?SENSOR
            CODE    2C99H     0094H     UNIT         ?PR?_I2C_WRITEBYTES?SOFT_IIC
            CODE    2D2DH     0094H     UNIT         ?PR?DISPLAY_SENSOR_DATA?SYS_RUN
            CODE    2DC1H     0093H     UNIT         ?PR?SYS_SMART_MODE?SYS_RUN
            CODE    2E54H     008EH     UNIT         ?PR?_I2C_READBYTES?SOFT_IIC
            CODE    2EE2H     008CH     UNIT         ?C_C51STARTUP
            CODE    2F6EH     008BH     UNIT         ?PR?DCMOTO_ADJ?DC_MOTOR
            CODE    2FF9H     0082H     UNIT         ?PR?_DEAL_FRAME_DATA?WIFI_UART
            CODE    307BH     0080H     UNIT         ?PR?I2C_WAITACK?SOFT_IIC
            CODE    30FBH     007EH     UNIT         ?PR?_DEBUG_UART_SENDBYTES?DEBUG_UART
            CODE    3179H     007AH     UNIT         ?PR?_I2C_SENDONEBYTE?SOFT_IIC
            CODE    31F3H     007AH     UNIT         ?PR?I2C_READONEBYTE?SOFT_IIC
            CODE    326DH     0071H     UNIT         ?PR?I2C_START?SOFT_IIC
BL51 BANKED LINKER/LOCATER V6.22                                                      01/22/2018  11:49:59  PAGE 4


            CODE    32DEH     0065H     UNIT         ?PR?I2C_ACK?SOFT_IIC
            CODE    3343H     0063H     UNIT         ?PR?CHECK_IF_DOORCLOSE_MANUAL?SYS_RUN
            CODE    33A6H     0062H     UNIT         ?PR?SYS_START?SYS_RUN
            CODE    3408H     005BH     UNIT         ?PR?UV_CHECK?UV
            CODE    3463H     005AH     UNIT         ?PR?_USER_TIMER_CONFIRM?WIFI_UART
            CODE    34BDH     005AH     UNIT         ?PR?_SET_USER_TIMER?USER_TIMER
            CODE    3517H     0059H     UNIT         ?PR?I2C_STOP?SOFT_IIC
            CODE    3570H     0059H     UNIT         ?PR?I2C_NACK?SOFT_IIC
            CODE    35C9H     004BH     UNIT         ?PR?CHECK_IF_STOP_MANUAL_CHECK?SYS_RUN
            CODE    3614H     0044H     UNIT         ?C?LDIV
            CODE    3658H     003EH     UNIT         ?PR?_WIFI_UART_SENDBYTES?WIFI_UART
            CODE    3696H     003EH     UNIT         ?PR?SYS_CHECK_AUTO_RESULT_UPLOAD?WIFI_UART
            CODE    36D4H     003DH     UNIT         ?PR?SYS_INIT_CHECK?SYS_RUN
            CODE    3711H     003BH     UNIT         ?PR?SYS_STOP?SYS_RUN
            CODE    374CH     0038H     UNIT         ?PR?_TM1620_WRITEONEBYTE?TM1620
            CODE    3784H     0037H     UNIT         ?PR?_PWM_SET_DUTY?PWM1
            CODE    37BBH     0031H     UNIT         ?PR?UART0_ISR?UART0
            CODE    37ECH     0031H     UNIT         ?PR?_STARTMOTOR?STEP_MOTOR
            CODE    381DH     0031H     UNIT         ?PR?_BUZZERBEEP?BUZZER
            CODE    384EH     0031H     UNIT         ?PR?ADCINTERRUPT?ADC
            CODE    387FH     0030H     UNIT         ?PR?RESET_SENSOR_LOOP?SENSOR
            CODE    38AFH     0030H     UNIT         ?PR?STOP_USER_TIMER?USER_TIMER
            CODE    38DFH     002EH     UNIT         ?PR?SYS_CHECK_MANUAL_RESULT_UPLOAD?WIFI_UART
            CODE    390DH     002DH     UNIT         ?PR?BUZZER_POWER_ON?BUZZER
            CODE    393AH     002DH     UNIT         ?PR?BUZZER_POWER_OFF?BUZZER
            CODE    3967H     0027H     UNIT         ?PR?PUTCHAR?PUTCHAR
            CODE    398EH     0026H     UNIT         ?PR?F_0X44_DATA?WIFI_UART
            CODE    39B4H     0026H     UNIT         ?PR?WIFI_EARSE_EASYLINK_CMD?WIFI_UART
            CODE    39DAH     0022H     UNIT         ?PR?GET_SENSOR_DATA_CMD?SENSOR
            CODE    39FCH     0020H     UNIT         ?PR?BUZZER_GET_CHARGE?BUZZER
            CODE    3A1CH     0020H     UNIT         ?PR?BUZZER_TOUCH_KEY?BUZZER
            CODE    3A3CH     001EH     UNIT         ?PR?SET_SENSOR_TO_UNACTIVE_MODE?SENSOR
            CODE    3A5AH     001EH     UNIT         ?CO?USER_TIMER
            CODE    3A78H     001AH     UNIT         ?PR?_SET_DC_MOTOR_SPEED?DC_MOTOR
            CODE    3A92H     001AH     UNIT         ?PR?DOOR_OPEN?STEP_MOTOR
            CODE    3AACH     001AH     UNIT         ?PR?BUZZER_SPEED?BUZZER
            CODE    3AC6H     001AH     UNIT         ?PR?UV_ON?UV
            CODE    3AE0H     0019H     UNIT         ?PR?TM1620_CLEAR_FRAMEBUFF?TM1620
            CODE    3AF9H     0018H     UNIT         ?PR?CLEAR_SENSOR_UART_BUFF?SENSOR_UART
            CODE    3B11H     0017H     UNIT         ?PR?STEP_MOTOR_PIN_INIT?STEP_MOTOR
            CODE    3B28H     0015H     UNIT         ?PR?_SET_KEY_SDA_PIN_MODE?TOUCH_KEY
            CODE    3B3DH     0015H     UNIT         ?PR?_SET_KEY_SCL_PIN_MODE?TOUCH_KEY
            CODE    3B52H     0015H     UNIT         ?PR?_STRLEN?STRLEN
            CODE    3B67H     0013H     UNIT         ?PR?TM1620_PIN_CONFIG?TM1620
            CODE    3B7AH     0013H     UNIT         ?PR?START_SYS_MANUAL_CHECK?SYS_RUN
            CODE    3B8DH     0012H     UNIT         ?PR?_I2C_DELAY1?SOFT_IIC
            CODE    3B9FH     0012H     UNIT         ?PR?SENSOR_INIT?SENSOR
            CODE    3BB1H     0012H     UNIT         ?PR?START_DC_MOTOR?DC_MOTOR
            CODE    3BC3H     0011H     UNIT         ?PR?DEBUG_UART_INIT?DEBUG_UART
            CODE    3BD4H     0011H     UNIT         ?PR?START_SYS_AUTO_CHECK?SYS_RUN
            CODE    3BE5H     0011H     UNIT         ?PR?STOP_SYS_AUTO_CHECK?SYS_RUN
            CODE    3BF6H     0011H     UNIT         ?PR?DOOR_CLOSE?STEP_MOTOR
            CODE    3C07H     0011H     UNIT         ?PR?ADC_READ12?ADC
            CODE    3C18H     0010H     UNIT         ?PR?INIT_UART1?SENSOR_UART
            CODE    3C28H     0010H     UNIT         ?PR?CLEAR_TOUCH_INFO?TOUCH_KEY
            CODE    3C38H     0010H     UNIT         ?PR?UV_OFF?UV
            CODE    3C48H     0010H     UNIT         ?PR?USER_TIMER_INIT?USER_TIMER
BL51 BANKED LINKER/LOCATER V6.22                                                      01/22/2018  11:49:59  PAGE 5


            CODE    3C58H     000FH     UNIT         ?PR?PWM_INIT?PWM1
            CODE    3C67H     000FH     UNIT         ?PR?GET_SYS_STIME?TIMER_1
            CODE    3C76H     000FH     UNIT         ?PR?INT3_ISR?INT
            CODE    3C85H     000FH     UNIT         ?PR?KEY_I2C_DELAY?TOUCH_KEY
            CODE    3C94H     000FH     UNIT         ?PR?UV_PIN_INIT?UV
            CODE    3CA3H     000EH     UNIT         ?PR?UV_ADC_START?UV
            CODE    3CB1H     000CH     UNIT         ?PR?RESET_SENSOR?SENSOR
            CODE    3CBDH     000CH     UNIT         ?CO?DC_MOTOR
            CODE    3CC9H     000CH     UNIT         ?PR?_ADCINIT?ADC
            CODE    3CD5H     000BH     UNIT         ?PR?_MYDELAY?TM1620
            CODE    3CE0H     000BH     UNIT         ?PR?KEY_IIC_PINCONIFG?TOUCH_KEY
            CODE    3CEBH     000BH     UNIT         ?PR?GET_UV_ADC_DATA?UV
            CODE    3CF6H     000BH     UNIT         ?PR?ION_ON?ION
            CODE    3D01H     000BH     UNIT         ?PR?ION_OFF?ION
            CODE    3D0CH     000AH     UNIT         ?PR?SOFT_UART_INIT?SOFT_UART_1
            CODE    3D16H     000AH     UNIT         ?PR?TM1620_SETMODE?TM1620
            CODE    3D20H     000AH     UNIT         ?PR?TM1620_SETDATAMODE?TM1620
            CODE    3D2AH     000AH     UNIT         ?PR?TM1620_DISPLAY_ON?TM1620
            CODE    3D34H     000AH     UNIT         ?PR?KEY_IIC_SDA_READ?TOUCH_KEY
            CODE    3D3EH     0009H     UNIT         ?PR?SENSOR_CONTRON_PIN_INIT?SENSOR
            CODE    3D47H     0009H     UNIT         ?PR?TIMER1_INITIALIZE?TIMER_1
            CODE    3D50H     0009H     UNIT         ?PR?SET_SYS_TO_SMART_MODE?SYS_RUN
            CODE    3D59H     0009H     UNIT         ?PR?STOP_SYS_SMART_MODE?SYS_RUN
            CODE    3D62H     0009H     UNIT         ?PR?BUZZER_PINCONFIG?BUZZER
            CODE    3D6BH     0009H     UNIT         ?PR?ION_PIN_INIT?ION
            CODE    3D74H     0008H     UNIT         ?PR?_UART1_TX?SENSOR_UART
            CODE    3D7CH     0008H     UNIT         ?PR?START_TIMER1?TIMER_1
            CODE    3D84H     0008H     UNIT         ?PR?START_INT3?INT
            CODE    3D8CH     0008H     UNIT         ?PR?STOP_SYS_MANUAL_CHECK?SYS_RUN
            CODE    3D94H     0008H     UNIT         ?CO?STEP_MOTOR
            CODE    3D9CH     0007H     UNIT         ?PR?DOOR_PIN_INIT?STEP_MOTOR
            CODE    3DA3H     0006H     UNIT         ?PR?GET_SYS_MSTIME?TIMER_1
            CODE    3DA9H     0006H     UNIT         ?PR?_ADCSTART?ADC
            CODE    3DAFH     0005H     UNIT         ?PR?STOP_DC_MOTOR?DC_MOTOR
            CODE    3DB4H     0003H     UNIT         ?PR?SET_SENSOR_RUN?SENSOR
            CODE    3DB7H     0003H     UNIT         ?PR?KEY_IIC_SDA_1?TOUCH_KEY
            CODE    3DBAH     0003H     UNIT         ?PR?KEY_IIC_SDA_0?TOUCH_KEY
            CODE    3DBDH     0003H     UNIT         ?PR?KEY_IIC_SCL_1?TOUCH_KEY
            CODE    3DC0H     0003H     UNIT         ?PR?KEY_IIC_SCL_0?TOUCH_KEY
            CODE    3DC3H     0003H     UNIT         ?CO?TOUCH_KEY
            CODE    3DC6H     0001H     UNIT         ?CO?SYS_RUN



OVERLAY MAP OF MODULE:   .\Objects\OB39R32T1 (?C_STARTUP)


SEGMENT                                             BIT_GROUP          DATA_GROUP          XDATA_GROUP
  +--> CALLED SEGMENT                            START    LENGTH     START    LENGTH     START    LENGTH
--------------------------------------------------------------------------------------------------------
?C_C51STARTUP                                    -----    -----      -----    -----      -----    -----
  +--> ?PR?MAIN?MAIN
  +--> ?C_INITSEG

?PR?MAIN?MAIN                                    -----    -----      -----    -----      0126H    0004H
  +--> ?PR?TM1620_INIT?TM1620
  +--> ?PR?KEY_IIC_PINCONIFG?TOUCH_KEY
BL51 BANKED LINKER/LOCATER V6.22                                                      01/22/2018  11:49:59  PAGE 6


  +--> ?PR?START_TIMER1?TIMER_1
  +--> ?PR?START_INT3?INT
  +--> ?PR?PWM_INIT?PWM1
  +--> ?PR?STEP_MOTOR_PIN_INIT?STEP_MOTOR
  +--> ?PR?BUZZER_PINCONFIG?BUZZER
  +--> ?PR?SOFT_UART_INIT?SOFT_UART_1
  +--> ?PR?INIT_UART0?UART0
  +--> ?PR?SENSOR_INIT?SENSOR
  +--> ?PR?DEBUG_UART_INIT?DEBUG_UART
  +--> ?PR?UV_PIN_INIT?UV
  +--> ?PR?ION_PIN_INIT?ION
  +--> ?PR?SET_SENSOR_TO_UNACTIVE_MODE?SENSOR
  +--> ?PR?BUZZER_POWER_ON?BUZZER
  +--> ?PR?_TM1620_DISPALYDATA?TM1620
  +--> ?PR?_TM1620_LED_CONTROL?TM1620
  +--> ?PR?USER_TIMER_INIT?USER_TIMER
  +--> ?PR?SYS_INIT_CHECK?SYS_RUN
  +--> ?PR?SYS_RUN?SYS_RUN
  +--> ?PR?DIRECTMOTOR?DC_MOTOR
  +--> ?PR?TURNMOTOR?STEP_MOTOR
  +--> ?PR?GET_SENSOR_DATA?SENSOR
  +--> ?PR?SCAN_TOUCHPAD?TOUCH_KEY
  +--> ?PR?DEAL_WIFI_UART_DATA?WIFI_UART
  +--> ?PR?SYS_DEV_AUTO_CHECK?SYS_RUN
  +--> ?PR?DCMOTO_ADJ?DC_MOTOR
  +--> ?PR?UV_CHECK?UV
  +--> ?PR?RESET_SENSOR_LOOP?SENSOR
  +--> ?PR?GET_SENSOR_DATA_CMD?SENSOR
  +--> ?PR?DISPLAY_SENSOR_DATA?SYS_RUN
  +--> ?PR?USER_TIMER_COUNT?USER_TIMER
  +--> ?PR?CHECK_IF_STOP_MANUAL_CHECK?SYS_RUN

?PR?TM1620_INIT?TM1620                           -----    -----      -----    -----      -----    -----
  +--> ?PR?TM1620_PIN_CONFIG?TM1620
  +--> ?PR?TM1620_SETMODE?TM1620
  +--> ?PR?TM1620_CLEAR_FRAMEBUFF?TM1620
  +--> ?PR?TM1620_DISPLAY_ON?TM1620

?PR?TM1620_SETMODE?TM1620                        -----    -----      -----    -----      -----    -----
  +--> ?PR?_TM1620_WRITEONEBYTE?TM1620

?PR?_TM1620_WRITEONEBYTE?TM1620                  -----    -----      -----    -----      -----    -----
  +--> ?PR?TM1620_SETDATAMODE?TM1620
  +--> ?PR?_MYDELAY?TM1620

?PR?TM1620_CLEAR_FRAMEBUFF?TM1620                -----    -----      -----    -----      -----    -----
  +--> ?PR?TM1620_SETDATAMODE?TM1620
  +--> ?PR?_TM1620_WRITEONEBYTE?TM1620

?PR?TM1620_DISPLAY_ON?TM1620                     -----    -----      -----    -----      -----    -----
  +--> ?PR?_TM1620_WRITEONEBYTE?TM1620

?PR?START_TIMER1?TIMER_1                         -----    -----      -----    -----      -----    -----
  +--> ?PR?TIMER1_INITIALIZE?TIMER_1

?PR?STEP_MOTOR_PIN_INIT?STEP_MOTOR               -----    -----      -----    -----      -----    -----
  +--> ?PR?DOOR_PIN_INIT?STEP_MOTOR
BL51 BANKED LINKER/LOCATER V6.22                                                      01/22/2018  11:49:59  PAGE 7



?PR?SOFT_UART_INIT?SOFT_UART_1                   -----    -----      -----    -----      -----    -----
  +--> ?PR?TIMER0_INIT?SOFT_UART_1

?PR?SENSOR_INIT?SENSOR                           -----    -----      -----    -----      -----    -----
  +--> ?PR?INIT_UART1?SENSOR_UART
  +--> ?PR?SENSOR_CONTRON_PIN_INIT?SENSOR

?PR?UV_PIN_INIT?UV                               -----    -----      -----    -----      -----    -----
  +--> ?PR?_ADCINIT?ADC

?PR?SET_SENSOR_TO_UNACTIVE_MODE?SENSOR           -----    -----      -----    -----      012AH    0007H
  +--> ?CO?SENSOR
  +--> ?PR?_SENSOR_UART_SENDBYTES?SENSOR_UART

?PR?_SENSOR_UART_SENDBYTES?SENSOR_UART           -----    -----      -----    -----      0131H    0003H
  +--> ?PR?_UART1_TX?SENSOR_UART

?PR?BUZZER_POWER_ON?BUZZER                       -----    -----      -----    -----      -----    -----
  +--> ?PR?_BUZZERBEEP?BUZZER

?PR?_TM1620_DISPALYDATA?TM1620                   -----    -----      -----    -----      012AH    000DH
  +--> ?CO?TM1620
  +--> ?PR?_TM1620_WRITEFRAMEREGISTER?TM1620

?PR?_TM1620_WRITEFRAMEREGISTER?TM1620            -----    -----      -----    -----      0137H    0007H
  +--> ?PR?_TM1620_WRITEONEBYTE?TM1620

?PR?_TM1620_LED_CONTROL?TM1620                   -----    -----      -----    -----      018AH    0001H
  +--> ?PR?_TM1620_WRITEONEBYTE?TM1620

?PR?SYS_INIT_CHECK?SYS_RUN                       -----    -----      -----    -----      -----    -----
  +--> ?PR?DOOR_CLOSE?STEP_MOTOR
  +--> ?PR?TURNMOTOR?STEP_MOTOR

?PR?DOOR_CLOSE?STEP_MOTOR                        -----    -----      -----    -----      -----    -----
  +--> ?PR?_STARTMOTOR?STEP_MOTOR

?PR?_STARTMOTOR?STEP_MOTOR                       -----    -----      -----    -----      0170H    0004H

?PR?TURNMOTOR?STEP_MOTOR                         -----    -----      -----    -----      -----    -----
  +--> ?CO?STEP_MOTOR

?PR?SYS_RUN?SYS_RUN                              -----    -----      -----    -----      012AH    0001H
  +--> ?PR?WIFI_EARSE_EASYLINK_CMD?WIFI_UART
  +--> ?PR?CLEAR_TOUCH_INFO?TOUCH_KEY
  +--> ?PR?CHECK_IF_DOORCLOSE_MANUAL?SYS_RUN
  +--> ?PR?SYS_START?SYS_RUN
  +--> ?PR?SYS_STOP?SYS_RUN
  +--> ?PR?BUZZER_SPEED?BUZZER
  +--> ?PR?_SET_DC_MOTOR_SPEED?DC_MOTOR
  +--> ?PR?STOP_SYS_SMART_MODE?SYS_RUN
  +--> ?PR?_SET_USER_TIMER?USER_TIMER
  +--> ?PR?STOP_USER_TIMER?USER_TIMER
  +--> ?PR?SET_SYS_TO_SMART_MODE?SYS_RUN
  +--> ?PR?BUZZER_TOUCH_KEY?BUZZER
  +--> ?PR?SYS_SMART_MODE?SYS_RUN
BL51 BANKED LINKER/LOCATER V6.22                                                      01/22/2018  11:49:59  PAGE 8



?PR?WIFI_EARSE_EASYLINK_CMD?WIFI_UART            -----    -----      -----    -----      012BH    0008H
  +--> ?CO?WIFI_UART
  +--> ?PR?_WIFI_UART_SENDBYTES?WIFI_UART

?PR?_WIFI_UART_SENDBYTES?WIFI_UART               -----    -----      -----    -----      0197H    0005H
  +--> ?PR?_UART0_TX?UART0

?PR?CHECK_IF_DOORCLOSE_MANUAL?SYS_RUN            -----    -----      -----    -----      -----    -----
  +--> ?PR?GET_SYS_STIME?TIMER_1
  +--> ?PR?SYS_STOP?SYS_RUN

?PR?SYS_STOP?SYS_RUN                             -----    -----      -----    -----      -----    -----
  +--> ?PR?GET_SYS_STIME?TIMER_1
  +--> ?PR?BUZZER_POWER_OFF?BUZZER
  +--> ?PR?STOP_DC_MOTOR?DC_MOTOR
  +--> ?PR?DOOR_CLOSE?STEP_MOTOR
  +--> ?PR?UV_OFF?UV
  +--> ?PR?ION_OFF?ION
  +--> ?PR?_TM1620_LED_CONTROL?TM1620
  +--> ?PR?STOP_SYS_SMART_MODE?SYS_RUN
  +--> ?PR?STOP_SYS_AUTO_CHECK?SYS_RUN

?PR?BUZZER_POWER_OFF?BUZZER                      -----    -----      -----    -----      -----    -----
  +--> ?PR?_BUZZERBEEP?BUZZER

?PR?UV_OFF?UV                                    -----    -----      -----    -----      -----    -----
  +--> ?PR?_TM1620_LED_CONTROL?TM1620

?PR?ION_OFF?ION                                  -----    -----      -----    -----      -----    -----
  +--> ?PR?_TM1620_LED_CONTROL?TM1620

?PR?STOP_SYS_SMART_MODE?SYS_RUN                  -----    -----      -----    -----      -----    -----
  +--> ?PR?_TM1620_LED_CONTROL?TM1620

?PR?STOP_SYS_AUTO_CHECK?SYS_RUN                  -----    -----      -----    -----      -----    -----
  +--> ?PR?SYS_CHECK_AUTO_RESULT_UPLOAD?WIFI...

?PR?SYS_CHECK_AUTO_RESULT_UPLOAD?WIFI...         -----    -----      -----    -----      0170H    000CH
  +--> ?CO?WIFI_UART
  +--> ?PR?_WIFI_UART_SENDBYTES?WIFI_UART

?PR?SYS_START?SYS_RUN                            -----    -----      -----    -----      -----    -----
  +--> ?PR?GET_SYS_STIME?TIMER_1
  +--> ?PR?UV_ON?UV
  +--> ?PR?ION_ON?ION
  +--> ?PR?BUZZER_POWER_ON?BUZZER
  +--> ?PR?DOOR_OPEN?STEP_MOTOR
  +--> ?PR?START_DC_MOTOR?DC_MOTOR
  +--> ?PR?_TM1620_LED_CONTROL?TM1620

?PR?UV_ON?UV                                     -----    -----      -----    -----      -----    -----
  +--> ?PR?_TM1620_LED_CONTROL?TM1620

?PR?ION_ON?ION                                   -----    -----      -----    -----      -----    -----
  +--> ?PR?_TM1620_LED_CONTROL?TM1620

BL51 BANKED LINKER/LOCATER V6.22                                                      01/22/2018  11:49:59  PAGE 9


?PR?DOOR_OPEN?STEP_MOTOR                         -----    -----      -----    -----      -----    -----
  +--> ?PR?GET_SYS_STIME?TIMER_1
  +--> ?PR?_STARTMOTOR?STEP_MOTOR

?PR?START_DC_MOTOR?DC_MOTOR                      -----    -----      -----    -----      -----    -----
  +--> ?PR?_PWM_SET_DUTY?PWM1

?PR?BUZZER_SPEED?BUZZER                          -----    -----      -----    -----      -----    -----
  +--> ?PR?_BUZZERBEEP?BUZZER

?PR?_SET_DC_MOTOR_SPEED?DC_MOTOR                 -----    -----      -----    -----      -----    -----
  +--> ?PR?_TM1620_LED_CONTROL?TM1620

?PR?_SET_USER_TIMER?USER_TIMER                   -----    -----      -----    -----      0189H    0001H
  +--> ?PR?STOP_USER_TIMER?USER_TIMER
  +--> ?PR?_TM1620_LED_CONTROL?TM1620

?PR?STOP_USER_TIMER?USER_TIMER                   -----    -----      -----    -----      -----    -----
  +--> ?PR?_TM1620_LED_CONTROL?TM1620

?PR?SET_SYS_TO_SMART_MODE?SYS_RUN                -----    -----      -----    -----      -----    -----
  +--> ?PR?_TM1620_LED_CONTROL?TM1620

?PR?BUZZER_TOUCH_KEY?BUZZER                      -----    -----      -----    -----      -----    -----
  +--> ?PR?_BUZZERBEEP?BUZZER

?PR?SYS_SMART_MODE?SYS_RUN                       -----    -----      -----    -----      -----    -----
  +--> ?PR?GET_SYS_STIME?TIMER_1
  +--> ?CO?SYS_RUN
  +--> ?PR?_TM1620_LED_CONTROL?TM1620

?PR?DIRECTMOTOR?DC_MOTOR                         -----    -----      -----    -----      012AH    0002H
  +--> ?PR?GET_SYS_STIME?TIMER_1
  +--> ?CO?DC_MOTOR
  +--> ?PR?_PWM_SET_DUTY?PWM1

?PR?GET_SENSOR_DATA?SENSOR                       -----    -----      -----    -----      012AH    0003H
  +--> ?CO?SENSOR
  +--> ?PR?PRINTF?PRINTF
  +--> ?PR?_STRLEN?STRLEN
  +--> ?PR?_DEBUG_UART_SENDBYTES?DEBUG_UART
  +--> ?PR?CLEAR_SENSOR_UART_BUFF?SENSOR_UART
  +--> ?PR?_DEAL_FRAMEBUFF?SENSOR

?PR?PRINTF?PRINTF                                0023H.0  0001H.1    0008H    0005H      0189H    0030H
  +--> ?PR?PUTCHAR?PUTCHAR

?PR?_DEBUG_UART_SENDBYTES?DEBUG_UART             -----    -----      -----    -----      0189H    0005H

?PR?_DEAL_FRAMEBUFF?SENSOR                       -----    -----      -----    -----      012DH    0003H
  +--> ?PR?_CHECK_SUM?SENSOR
  +--> ?CO?SENSOR
  +--> ?PR?_CALCULATE_SENSOR_DATA?SENSOR
  +--> ?PR?PRINTF?PRINTF
  +--> ?PR?_STRLEN?STRLEN
  +--> ?PR?_DEBUG_UART_SENDBYTES?DEBUG_UART

BL51 BANKED LINKER/LOCATER V6.22                                                      01/22/2018  11:49:59  PAGE 10


?PR?_CHECK_SUM?SENSOR                            -----    -----      -----    -----      0130H    0009H
  +--> ?CO?SENSOR
  +--> ?PR?PRINTF?PRINTF
  +--> ?PR?_STRLEN?STRLEN
  +--> ?PR?_DEBUG_UART_SENDBYTES?DEBUG_UART

?PR?_CALCULATE_SENSOR_DATA?SENSOR                -----    -----      -----    -----      -----    -----
  +--> ?CO?SENSOR
  +--> ?PR?PRINTF?PRINTF
  +--> ?PR?_STRLEN?STRLEN
  +--> ?PR?_DEBUG_UART_SENDBYTES?DEBUG_UART

?PR?SCAN_TOUCHPAD?TOUCH_KEY                      -----    -----      -----    -----      012AH    0006H
  +--> ?CO?TOUCH_KEY
  +--> ?PR?_GET_KEY_STATUS?TOUCH_KEY
  +--> ?PR?CLEAR_TOUCH_INFO?TOUCH_KEY

?PR?_GET_KEY_STATUS?TOUCH_KEY                    -----    -----      -----    -----      0130H    0004H
  +--> ?PR?_SET_KEY_SDA_PIN_MODE?TOUCH_KEY
  +--> ?PR?_SET_KEY_SCL_PIN_MODE?TOUCH_KEY
  +--> ?PR?KEY_I2C_DELAY?TOUCH_KEY
  +--> ?PR?KEY_IIC_SDA_1?TOUCH_KEY
  +--> ?PR?KEY_IIC_SDA_0?TOUCH_KEY
  +--> ?PR?KEY_IIC_SCL_1?TOUCH_KEY
  +--> ?PR?KEY_IIC_SCL_0?TOUCH_KEY
  +--> ?PR?KEY_IIC_SDA_READ?TOUCH_KEY
  +--> ?PR?_I2C_WRITEBYTES?SOFT_IIC
  +--> ?PR?_I2C_READBYTES?SOFT_IIC

?PR?_I2C_WRITEBYTES?SOFT_IIC                     -----    -----      -----    -----      0134H    0006H
  +--> ?PR?I2C_STOP?SOFT_IIC
  +--> ?PR?I2C_START?SOFT_IIC
  +--> ?PR?_I2C_SENDONEBYTE?SOFT_IIC
  +--> ?PR?I2C_WAITACK?SOFT_IIC
  +--> ?PR?_I2C_DELAY1?SOFT_IIC

?PR?_I2C_SENDONEBYTE?SOFT_IIC                    -----    -----      -----    -----      013AH    0003H

?PR?I2C_WAITACK?SOFT_IIC                         -----    -----      -----    -----      013AH    0001H

?PR?_I2C_READBYTES?SOFT_IIC                      -----    -----      -----    -----      0134H    0006H
  +--> ?PR?I2C_START?SOFT_IIC
  +--> ?PR?_I2C_SENDONEBYTE?SOFT_IIC
  +--> ?PR?I2C_WAITACK?SOFT_IIC
  +--> ?PR?_I2C_DELAY1?SOFT_IIC
  +--> ?PR?I2C_READONEBYTE?SOFT_IIC
  +--> ?PR?I2C_NACK?SOFT_IIC
  +--> ?PR?I2C_ACK?SOFT_IIC
  +--> ?PR?I2C_STOP?SOFT_IIC

?PR?I2C_READONEBYTE?SOFT_IIC                     -----    -----      -----    -----      013AH    0002H

?PR?DEAL_WIFI_UART_DATA?WIFI_UART                -----    -----      -----    -----      012AH    002DH
  +--> ?CO?WIFI_UART
  +--> ?PR?_WIFI_UART_RECEIVEONEPACKAGE?WIFI...
  +--> ?PR?_DEAL_FRAME_DATA?WIFI_UART

BL51 BANKED LINKER/LOCATER V6.22                                                      01/22/2018  11:49:59  PAGE 11


?PR?_WIFI_UART_RECEIVEONEPACKAGE?WIFI...         -----    -----      -----    -----      0157H    002EH
  +--> ?CO?WIFI_UART

?PR?_DEAL_FRAME_DATA?WIFI_UART                   -----    -----      -----    -----      0157H    0003H
  +--> ?PR?F_0X41_DATA?WIFI_UART
  +--> ?PR?F_0X44_DATA?WIFI_UART
  +--> ?PR?_F_0X45_DATA?WIFI_UART
  +--> ?PR?_F_0X49_DATA?WIFI_UART

?PR?F_0X41_DATA?WIFI_UART                        -----    -----      -----    -----      015AH    001EH
  +--> ?CO?WIFI_UART
  +--> ?PR?_WIFI_UART_SENDBYTES?WIFI_UART

?PR?F_0X44_DATA?WIFI_UART                        -----    -----      -----    -----      015AH    000AH
  +--> ?CO?WIFI_UART
  +--> ?PR?_WIFI_UART_SENDBYTES?WIFI_UART

?PR?_F_0X45_DATA?WIFI_UART                       -----    -----      -----    -----      015AH    0016H
  +--> ?CO?WIFI_UART
  +--> ?PR?SYS_STOP?SYS_RUN
  +--> ?PR?SYS_START?SYS_RUN
  +--> ?PR?_SET_DC_MOTOR_SPEED?DC_MOTOR
  +--> ?PR?_TM1620_LED_CONTROL?TM1620
  +--> ?PR?UV_OFF?UV
  +--> ?PR?UV_ON?UV
  +--> ?PR?ION_OFF?ION
  +--> ?PR?ION_ON?ION
  +--> ?PR?DOOR_OPEN?STEP_MOTOR
  +--> ?PR?STOP_SYS_SMART_MODE?SYS_RUN
  +--> ?PR?SET_SYS_TO_SMART_MODE?SYS_RUN
  +--> ?PR?_WIFI_UART_SENDBYTES?WIFI_UART

?PR?_F_0X49_DATA?WIFI_UART                       -----    -----      -----    -----      015AH    000CH
  +--> ?PR?_F_0X49_05_DATA?WIFI_UART
  +--> ?PR?START_SYS_AUTO_CHECK?SYS_RUN
  +--> ?PR?STOP_SYS_AUTO_CHECK?SYS_RUN
  +--> ?PR?START_SYS_MANUAL_CHECK?SYS_RUN
  +--> ?PR?STOP_SYS_MANUAL_CHECK?SYS_RUN

?PR?_F_0X49_05_DATA?WIFI_UART                    -----    -----      -----    -----      0166H    0023H
  +--> ?CO?WIFI_UART
  +--> ?PR?STOP_USER_TIMER?USER_TIMER
  +--> ?PR?_USER_TIMER_CONFIRM?WIFI_UART
  +--> ?PR?_SET_USER_TIMER?USER_TIMER
  +--> ?PR?BUZZER_GET_CHARGE?BUZZER
  +--> ?PR?PRINTF?PRINTF
  +--> ?PR?_STRLEN?STRLEN
  +--> ?PR?_DEBUG_UART_SENDBYTES?DEBUG_UART

?PR?_USER_TIMER_CONFIRM?WIFI_UART                -----    -----      -----    -----      0189H    000EH
  +--> ?CO?WIFI_UART
  +--> ?PR?_WIFI_UART_SENDBYTES?WIFI_UART

?PR?BUZZER_GET_CHARGE?BUZZER                     -----    -----      -----    -----      -----    -----
  +--> ?PR?_BUZZERBEEP?BUZZER

?PR?START_SYS_MANUAL_CHECK?SYS_RUN               -----    -----      -----    -----      -----    -----
BL51 BANKED LINKER/LOCATER V6.22                                                      01/22/2018  11:49:59  PAGE 12


  +--> ?PR?GET_SYS_STIME?TIMER_1
  +--> ?PR?BUZZER_GET_CHARGE?BUZZER

?PR?STOP_SYS_MANUAL_CHECK?SYS_RUN                -----    -----      -----    -----      -----    -----
  +--> ?PR?SYS_CHECK_MANUAL_RESULT_UPLOAD?WI...
  +--> ?PR?BUZZER_GET_CHARGE?BUZZER

?PR?SYS_CHECK_MANUAL_RESULT_UPLOAD?WI...         -----    -----      -----    -----      0166H    000AH
  +--> ?CO?WIFI_UART
  +--> ?PR?_WIFI_UART_SENDBYTES?WIFI_UART

?PR?SYS_DEV_AUTO_CHECK?SYS_RUN                   -----    -----      -----    -----      012AH    0004H
  +--> ?PR?SYS_STOP?SYS_RUN
  +--> ?PR?SYS_START?SYS_RUN
  +--> ?PR?GET_SYS_STIME?TIMER_1
  +--> ?PR?STOP_SYS_AUTO_CHECK?SYS_RUN

?PR?DCMOTO_ADJ?DC_MOTOR                          -----    -----      -----    -----      -----    -----
  +--> ?PR?_PWM_SET_DUTY?PWM1

?PR?UV_CHECK?UV                                  -----    -----      -----    -----      -----    -----
  +--> ?PR?GET_UV_ADC_DATA?UV
  +--> ?PR?UV_ADC_START?UV
  +--> ?PR?UV_OFF?UV

?PR?UV_ADC_START?UV                              -----    -----      -----    -----      -----    -----
  +--> ?PR?_ADCSTART?ADC

?PR?RESET_SENSOR_LOOP?SENSOR                     -----    -----      -----    -----      -----    -----
  +--> ?PR?SET_SENSOR_SLEEP?SENSOR
  +--> ?PR?SET_SENSOR_RUN?SENSOR
  +--> ?PR?SET_SENSOR_TO_UNACTIVE_MODE?SENSOR

?PR?GET_SENSOR_DATA_CMD?SENSOR                   -----    -----      -----    -----      012AH    0007H
  +--> ?CO?SENSOR
  +--> ?PR?_SENSOR_UART_SENDBYTES?SENSOR_UART

?PR?DISPLAY_SENSOR_DATA?SYS_RUN                  -----    -----      -----    -----      -----    -----
  +--> ?PR?GET_SYS_STIME?TIMER_1
  +--> ?PR?_TM1620_DISPALYDATA?TM1620

?PR?USER_TIMER_COUNT?USER_TIMER                  -----    -----      -----    -----      012AH    0026H
  +--> ?CO?USER_TIMER
  +--> ?PR?GET_SYS_MSTIME?TIMER_1
  +--> ?PR?SYS_STOP?SYS_RUN

?PR?CHECK_IF_STOP_MANUAL_CHECK?SYS_RUN           -----    -----      -----    -----      012AH    0004H
  +--> ?PR?GET_SYS_STIME?TIMER_1
  +--> ?PR?STOP_SYS_MANUAL_CHECK?SYS_RUN

*** NEW ROOT ***************************************************

?PR?UART1_ISR?SENSOR_UART                        -----    -----      -----    -----      -----    -----
  +--> ?PR?CLEAR_SENSOR_UART_BUFF?SENSOR_UART

*** NEW ROOT ***************************************************

BL51 BANKED LINKER/LOCATER V6.22                                                      01/22/2018  11:49:59  PAGE 13


?PR?ADCINTERRUPT?ADC                             -----    -----      -----    -----      -----    -----
  +--> ?PR?ADC_READ12?ADC



SYMBOL TABLE OF MODULE:  .\Objects\OB39R32T1 (?C_STARTUP)

  VALUE           TYPE          NAME
  ----------------------------------

  -------         MODULE        ?C_STARTUP
  C:2EE2H         SEGMENT       ?C_C51STARTUP
  I:007EH         SEGMENT       ?STACK
  C:0000H         PUBLIC        ?C_STARTUP
  D:00E0H         SYMBOL        ACC
  D:00F0H         SYMBOL        B
  D:0083H         SYMBOL        DPH
  D:0082H         SYMBOL        DPL
  N:0000H         SYMBOL        IBPSTACK
  N:0100H         SYMBOL        IBPSTACKTOP
  N:0080H         SYMBOL        IDATALEN
  C:2EE5H         SYMBOL        IDATALOOP
  N:0000H         SYMBOL        PBPSTACK
  N:0100H         SYMBOL        PBPSTACKTOP
  N:0000H         SYMBOL        PDATALEN
  N:0000H         SYMBOL        PDATASTART
  N:0000H         SYMBOL        PPAGE
  N:0000H         SYMBOL        PPAGEENABLE
  D:00A0H         SYMBOL        PPAGE_SFR
  D:0081H         SYMBOL        SP
  C:2EE2H         SYMBOL        STARTUP1
  N:0000H         SYMBOL        XBPSTACK
  N:0000H         SYMBOL        XBPSTACKTOP
  N:0000H         SYMBOL        XDATALEN
  N:0000H         SYMBOL        XDATASTART
  C:0000H         LINE#         126
  C:2EE2H         LINE#         133
  C:2EE4H         LINE#         134
  C:2EE5H         LINE#         135
  C:2EE6H         LINE#         136
  C:2EE8H         LINE#         185
  C:2EEBH         LINE#         196
  -------         ENDMOD        ?C_STARTUP

  -------         MODULE        MAIN
  C:0000H         SYMBOL        _ICE_DUMMY_
  D:0080H         PUBLIC        P0
  D:0090H         PUBLIC        P1
  D:00A0H         PUBLIC        P2
  D:00B0H         PUBLIC        P3
  D:00B8H         PUBLIC        IEN1
  D:00A8H         PUBLIC        IE
  C:1E18H         PUBLIC        main
  D:00E0H         PUBLIC        ACC
  D:00F8H         PUBLIC        IIC0S
  D:00E8H         PUBLIC        IIC1S
  D:0098H         PUBLIC        S0CON
BL51 BANKED LINKER/LOCATER V6.22                                                      01/22/2018  11:49:59  PAGE 14


  D:0088H         PUBLIC        TCON0
  D:00D8H         PUBLIC        TCON1
  D:00D0H         PUBLIC        PSW
  D:00C0H         PUBLIC        IRCON
  -------         PROC          MAIN
  -------         DO            
  X:0126H         SYMBOL        times_1s
  -------         ENDDO         
  C:1E18H         LINE#         60
  C:1E18H         LINE#         61
  C:1E18H         LINE#         63
  C:1E22H         LINE#         69
  C:1E25H         LINE#         71
  C:1E28H         LINE#         72
  C:1E2BH         LINE#         73
  C:1E2EH         LINE#         76
  C:1E31H         LINE#         80
  C:1E34H         LINE#         81
  C:1E37H         LINE#         82
  C:1E3AH         LINE#         84
  C:1E3DH         LINE#         85
  C:1E40H         LINE#         88
  C:1E43H         LINE#         89
  C:1E46H         LINE#         90
  C:1E49H         LINE#         93
  C:1E4CH         LINE#         95
  C:1E4FH         LINE#         96
  C:1E5EH         LINE#         97
  C:1E65H         LINE#         98
  C:1E6CH         LINE#         99
  C:1E73H         LINE#         102
  C:1E76H         LINE#         108
  C:1E79H         LINE#         112
  C:1E79H         LINE#         113
  C:1E79H         LINE#         114
  C:1E85H         LINE#         115
  C:1E85H         LINE#         116
  C:1E87H         LINE#         117
  C:1E8AH         LINE#         118
  C:1E8DH         LINE#         119
  C:1E8DH         LINE#         121
  C:1E99H         LINE#         122
  C:1E99H         LINE#         123
  C:1E9BH         LINE#         124
  C:1E9EH         LINE#         126
  C:1EA1H         LINE#         127
  C:1EA1H         LINE#         129
  C:1EADH         LINE#         130
  C:1EADH         LINE#         131
  C:1EAFH         LINE#         132
  C:1EB2H         LINE#         133
  C:1EB5H         LINE#         134
  C:1EB5H         LINE#         136
  C:1EC1H         LINE#         137
  C:1EC1H         LINE#         138
  C:1EC3H         LINE#         140
  C:1EC6H         LINE#         141
BL51 BANKED LINKER/LOCATER V6.22                                                      01/22/2018  11:49:59  PAGE 15


  C:1EC6H         LINE#         142
  C:1EC9H         LINE#         143
  C:1EC9H         LINE#         144
  C:1ECCH         LINE#         145
  C:1ECFH         LINE#         146
  C:1ECFH         LINE#         148
  C:1EDBH         LINE#         149
  C:1EDBH         LINE#         150
  C:1EDDH         LINE#         151
  C:1EFCH         LINE#         153
  C:1F03H         LINE#         154
  C:1F03H         LINE#         155
  C:1F06H         LINE#         156
  C:1F08H         LINE#         158
  C:1F08H         LINE#         159
  C:1F0BH         LINE#         160
  C:1F0BH         LINE#         161
  C:1F0EH         LINE#         162
  C:1F0EH         LINE#         163
  C:1F0EH         LINE#         165
  C:1F38H         LINE#         166
  C:1F38H         LINE#         167
  C:1F3BH         LINE#         168
  C:1F3BH         LINE#         170
  C:1F3EH         LINE#         172
  C:1F45H         LINE#         173
  C:1F45H         LINE#         175
  C:1F48H         LINE#         176
  C:1F48H         LINE#         181
  C:1F4EH         LINE#         182
  C:1F4EH         LINE#         183
  C:1F51H         LINE#         184
  C:1F51H         LINE#         185
  C:1F51H         LINE#         186
  -------         ENDPROC       MAIN
  -------         ENDMOD        MAIN

  -------         MODULE        DATA
  C:0000H         SYMBOL        _ICE_DUMMY_
  X:0000H         PUBLIC        display_HCHO_value
  X:0004H         PUBLIC        PM10_value
  D:0080H         PUBLIC        P0
  D:0090H         PUBLIC        P1
  D:00A0H         PUBLIC        P2
  D:00B0H         PUBLIC        P3
  X:0006H         PUBLIC        U3TxBitCount
  X:0007H         PUBLIC        sys_start_time
  X:000BH         PUBLIC        PM25_value
  B:0020H.0       PUBLIC        g_10ms_flag
  B:0020H.1       PUBLIC        IsUVfault
  I:0025H         PUBLIC        U0RxPtr
  X:000DH         PUBLIC        U1RxPtr
  X:000EH         PUBLIC        gBuzzerEdge_cnt
  X:0010H         PUBLIC        U3TxPtr
  D:00B8H         PUBLIC        IEN1
  D:00A8H         PUBLIC        IE
  B:0020H.2       PUBLIC        Is_close_by_man
BL51 BANKED LINKER/LOCATER V6.22                                                      01/22/2018  11:49:59  PAGE 16


  I:0026H         PUBLIC        speed_dang
  X:0011H         PUBLIC        beats
  X:0015H         PUBLIC        PM25_value_bak
  B:0020H.3       PUBLIC        IsStepMotorBusy
  X:0017H         PUBLIC        pwmDLbak
  B:0020H.4       PUBLIC        is_auto_check_complete
  X:0019H         PUBLIC        gBuzzerTimes_cnt
  B:0020H.5       PUBLIC        is_sys_auto_check
  X:001BH         PUBLIC        sys_stop_time
  B:0020H.6       PUBLIC        gbMotorFGEn
  X:001FH         PUBLIC        display_pm25_value
  B:0020H.7       PUBLIC        Is_ION_On
  X:0021H         PUBLIC        device_id
  X:0022H         PUBLIC        HCHO_value
  I:0027H         PUBLIC        speedBak
  B:0021H.0       PUBLIC        IsUVOn
  B:0021H.1       PUBLIC        Is_Door_Open
  I:0028H         PUBLIC        U0RxBuffer
  X:0026H         PUBLIC        U1RxBuffer
  X:0046H         PUBLIC        U3TxBuffer
  B:0021H.2       PUBLIC        g_100ms_flag
  B:0021H.3       PUBLIC        IsU3TxBusy
  B:0021H.4       PUBLIC        IsFanRunning
  I:0078H         PUBLIC        FGcount
  D:00E0H         PUBLIC        ACC
  X:00DCH         PUBLIC        nowtime_ms
  B:0021H.5       PUBLIC        uv_check_flag
  B:0021H.6       PUBLIC        IsUVCheck
  X:00E0H         PUBLIC        uv_check_timeinterval
  X:00E2H         PUBLIC        PM1_value
  X:00E4H         PUBLIC        sys_check_info
  B:0021H.7       PUBLIC        gbMotorDelay
  X:00EEH         PUBLIC        uv_check_times
  X:00EFH         PUBLIC        debug_buff_40
  B:0022H.0       PUBLIC        g_1ms_flag
  B:0022H.1       PUBLIC        g_2ms_flag
  D:00F8H         PUBLIC        IIC0S
  D:00E8H         PUBLIC        IIC1S
  X:0117H         PUBLIC        nowtime_s
  X:011BH         PUBLIC        door_open_time
  B:0022H.2       PUBLIC        run_mode
  B:0022H.3       PUBLIC        IsSpeedChanged
  B:0022H.4       PUBLIC        is_sys_manual_check
  X:011FH         PUBLIC        U3TxRate
  D:0098H         PUBLIC        S0CON
  D:0088H         PUBLIC        TCON0
  D:00D8H         PUBLIC        TCON1
  B:0022H.5       PUBLIC        sys_mode
  B:0022H.6       PUBLIC        g_1s_flag
  X:0120H         PUBLIC        user_timer_type
  X:0121H         PUBLIC        g_1s_times
  X:0125H         PUBLIC        U3LdPtr
  I:0079H         PUBLIC        gBMotorFGSet
  D:00D0H         PUBLIC        PSW
  I:007AH         PUBLIC        g_sys_time_ms
  B:0022H.7       PUBLIC        is_set_senor_mode_success
  D:00C0H         PUBLIC        IRCON
BL51 BANKED LINKER/LOCATER V6.22                                                      01/22/2018  11:49:59  PAGE 17


  -------         ENDMOD        DATA

  -------         MODULE        UART0
  C:0000H         SYMBOL        _ICE_DUMMY_
  D:0080H         PUBLIC        P0
  D:0090H         PUBLIC        P1
  D:00A0H         PUBLIC        P2
  D:00B0H         PUBLIC        P3
  C:0026H         PUBLIC        init_UART0
  D:00A8H         PUBLIC        IEN0
  D:00B8H         PUBLIC        IEN1
  D:00A8H         PUBLIC        IE
  B:0024H.5       PUBLIC        bU0TX
  B:0098H.0       PUBLIC        RI
  B:0098H.1       PUBLIC        TI
  D:00BAH         PUBLIC        S0RELH
  D:0087H         PUBLIC        PCON
  D:00AAH         PUBLIC        S0RELL
  C:37BBH         PUBLIC        UART0_ISR
  D:00E0H         PUBLIC        ACC
  D:00F8H         PUBLIC        IIC0S
  D:00E8H         PUBLIC        IIC1S
  D:0099H         PUBLIC        S0BUF
  D:0098H         PUBLIC        S0CON
  D:0088H         PUBLIC        TCON0
  D:00D8H         PUBLIC        TCON1
  D:0091H         PUBLIC        AUX
  C:0003H         PUBLIC        _UART0_TX
  D:00D0H         PUBLIC        PSW
  D:00C0H         PUBLIC        IRCON
  -------         PROC          INIT_UART0
  C:0026H         LINE#         18
  C:0026H         LINE#         19
  C:0026H         LINE#         20
  C:0029H         LINE#         21
  C:002CH         LINE#         22
  C:002FH         LINE#         23
  C:0032H         LINE#         24
  C:0035H         LINE#         25
  C:0038H         LINE#         26
  C:003AH         LINE#         27
  -------         ENDPROC       INIT_UART0
  -------         PROC          UART0_ISR
  C:37BBH         LINE#         29
  C:37C6H         LINE#         33
  C:37C9H         LINE#         34
  C:37C9H         LINE#         35
  C:37CBH         LINE#         36
  C:37D4H         LINE#         37
  C:37D4H         LINE#         38
  C:37DAH         LINE#         39
  C:37DDH         LINE#         40
  C:37DDH         LINE#         42
  C:37DFH         LINE#         44
  C:37DFH         LINE#         45
  C:37E1H         LINE#         46
  C:37E3H         LINE#         47
BL51 BANKED LINKER/LOCATER V6.22                                                      01/22/2018  11:49:59  PAGE 18


  C:37E3H         LINE#         50
  -------         ENDPROC       UART0_ISR
  -------         PROC          _UART0_TX
  D:0007H         SYMBOL        n_temp0
  C:0003H         LINE#         52
  C:0003H         LINE#         53
  C:0003H         LINE#         54
  C:0005H         LINE#         55
  C:0007H         LINE#         56
  C:000AH         LINE#         57
  C:000AH         LINE#         59
  C:000AH         LINE#         60
  -------         ENDPROC       _UART0_TX
  -------         ENDMOD        UART0

  -------         MODULE        DEBUG_UART
  C:0000H         SYMBOL        _ICE_DUMMY_
  D:00D3H         PUBLIC        P0M1
  C:30FBH         PUBLIC        _DEBUG_Uart_Sendbytes
  D:0080H         PUBLIC        P0
  D:0090H         PUBLIC        P1
  D:00A0H         PUBLIC        P2
  D:00B0H         PUBLIC        P3
  D:00B8H         PUBLIC        IEN1
  D:00A8H         PUBLIC        IE
  B:0080H.3       PUBLIC        P0_3
  B:0080H.4       PUBLIC        P0_4
  D:00E0H         PUBLIC        ACC
  D:00F8H         PUBLIC        IIC0S
  D:00E8H         PUBLIC        IIC1S
  C:3BC3H         PUBLIC        DEBUG_Uart_Init
  D:0098H         PUBLIC        S0CON
  D:0088H         PUBLIC        TCON0
  D:00D8H         PUBLIC        TCON1
  D:00D0H         PUBLIC        PSW
  D:00C0H         PUBLIC        IRCON
  D:00D2H         PUBLIC        P0M0
  -------         PROC          DEBUG_UART_INIT
  C:3BC3H         LINE#         6
  C:3BC3H         LINE#         7
  C:3BC3H         LINE#         9
  C:3BC6H         LINE#         10
  C:3BC9H         LINE#         12
  C:3BCCH         LINE#         13
  C:3BCFH         LINE#         15
  C:3BD1H         LINE#         16
  C:3BD3H         LINE#         21
  -------         ENDPROC       DEBUG_UART_INIT
  -------         PROC          _DEBUG_UART_SENDBYTES
  X:0189H         SYMBOL        sendbuff
  X:018CH         SYMBOL        sendnum
  -------         DO            
  X:018DH         SYMBOL        i
  -------         ENDDO         
  C:30FBH         LINE#         23
  C:3109H         LINE#         24
  C:3109H         LINE#         25
BL51 BANKED LINKER/LOCATER V6.22                                                      01/22/2018  11:49:59  PAGE 19


  C:310CH         LINE#         27
  C:3120H         LINE#         28
  C:3120H         LINE#         30
  C:3120H         LINE#         31
  C:3130H         LINE#         32
  C:3130H         LINE#         33
  C:315BH         LINE#         34
  C:3163H         LINE#         35
  C:3169H         LINE#         36
  C:316CH         LINE#         37
  C:316CH         LINE#         38
  C:3172H         LINE#         39
  C:3178H         LINE#         40
  C:3178H         LINE#         42
  -------         ENDPROC       _DEBUG_UART_SENDBYTES
  -------         ENDMOD        DEBUG_UART

  -------         MODULE        SOFT_UART_1
  C:0000H         SYMBOL        _ICE_DUMMY_
  D:0080H         PUBLIC        P0
  D:0090H         PUBLIC        P1
  D:00A0H         PUBLIC        P2
  C:297CH         PUBLIC        TIMER0_ISR
  D:00B0H         PUBLIC        P3
  B:00A8H.7       PUBLIC        EA
  D:00B8H         PUBLIC        IEN1
  D:00A8H         PUBLIC        IE
  X:0278H         SYMBOL        U2RxRate_bk
  X:0279H         SYMBOL        U2TxRate_bk
  X:027AH         SYMBOL        U3TxRate_bk
  B:0080H.4       PUBLIC        P0_4
  C:000EH         PUBLIC        Timer0_Init
  C:3D0CH         PUBLIC        Soft_UART_Init
  D:0089H         PUBLIC        TMOD
  D:00E0H         PUBLIC        ACC
  B:00A8H.1       PUBLIC        ET0
  D:008CH         PUBLIC        TH0
  B:0088H.4       PUBLIC        TR0
  D:00F8H         PUBLIC        IIC0S
  D:00E8H         PUBLIC        IIC1S
  D:0098H         PUBLIC        S0CON
  D:0088H         PUBLIC        TCON0
  D:00D8H         PUBLIC        TCON1
  D:00D0H         PUBLIC        PSW
  D:00C0H         PUBLIC        IRCON
  -------         PROC          TIMER0_INIT
  C:000EH         LINE#         46
  C:000EH         LINE#         47
  C:000EH         LINE#         48
  C:0010H         LINE#         49
  C:0013H         LINE#         50
  C:0016H         LINE#         52
  C:0018H         LINE#         53
  C:001AH         LINE#         54
  -------         ENDPROC       TIMER0_INIT
  -------         PROC          SOFT_UART_INIT
  C:3D0CH         LINE#         56
BL51 BANKED LINKER/LOCATER V6.22                                                      01/22/2018  11:49:59  PAGE 20


  C:3D0CH         LINE#         57
  C:3D0CH         LINE#         58
  C:3D0FH         LINE#         68
  C:3D15H         LINE#         69
  -------         ENDPROC       SOFT_UART_INIT
  -------         PROC          TIMER0_ISR
  -------         DO            
  X:0277H         SYMBOL        U3TxBuf
  -------         ENDDO         
  C:297CH         LINE#         80
  C:2989H         LINE#         250
  C:2992H         LINE#         251
  C:299AH         LINE#         252
  C:29A2H         LINE#         254
  C:29B2H         LINE#         255
  C:29B2H         LINE#         256
  C:29B4H         LINE#         257
  C:29C0H         LINE#         258
  C:29D3H         LINE#         259
  C:29D9H         LINE#         260
  C:29DBH         LINE#         261
  C:29DBH         LINE#         262
  C:29E0H         LINE#         263
  C:29E4H         LINE#         264
  C:29E6H         LINE#         265
  C:29E6H         LINE#         266
  C:29E8H         LINE#         268
  C:29E8H         LINE#         269
  C:29EAH         LINE#         270
  C:29ECH         LINE#         271
  C:29F2H         LINE#         272
  C:29F2H         LINE#         273
  C:2A05H         LINE#         274
  C:2A05H         LINE#         275
  C:2A07H         LINE#         277
  C:2A07H         LINE#         278
  C:2A0FH         LINE#         279
  C:2A13H         LINE#         280
  C:2A13H         LINE#         282
  C:2A13H         LINE#         283
  C:2A13H         LINE#         284
  C:2A13H         LINE#         287
  -------         ENDPROC       TIMER0_ISR
  -------         ENDMOD        SOFT_UART_1

  -------         MODULE        WIFI_UART
  C:0000H         SYMBOL        _ICE_DUMMY_
  D:0080H         PUBLIC        P0
  D:0090H         PUBLIC        P1
  C:39B4H         PUBLIC        wifi_earse_easylink_cmd
  D:00A0H         PUBLIC        P2
  D:00B0H         PUBLIC        P3
  C:2FF9H         PUBLIC        _deal_frame_data
  C:2B62H         PUBLIC        _Wifi_Uart_ReceiveOnePackage
  D:00B8H         PUBLIC        IEN1
  D:00A8H         PUBLIC        IE
  C:38DFH         PUBLIC        sys_check_manual_result_upload
BL51 BANKED LINKER/LOCATER V6.22                                                      01/22/2018  11:49:59  PAGE 21


  C:3463H         PUBLIC        _user_timer_confirm
  C:1A57H         PUBLIC        _f_0x49_05_data
  C:3658H         PUBLIC        _Wifi_Uart_Sendbytes
  C:24FBH         SYMBOL        _?ix1000
  C:2523H         SYMBOL        _?ix1001
  C:254BH         SYMBOL        _?ix1002
  C:1132H         PUBLIC        Deal_Wifi_Uart_Data
  C:2567H         SYMBOL        _?ix1003
  C:2571H         SYMBOL        _?ix1004
  D:00E0H         PUBLIC        ACC
  C:2583H         SYMBOL        _?ix1005
  C:25A1H         SYMBOL        _?ix1006
  C:25A9H         SYMBOL        _?ix1007
  C:25B4H         SYMBOL        _?ix1008
  C:25C0H         SYMBOL        _?ix1009
  C:3696H         PUBLIC        sys_check_auto_result_upload
  C:1F54H         PUBLIC        f_0x41_data
  C:398EH         PUBLIC        f_0x44_data
  C:1467H         PUBLIC        _f_0x45_data
  C:2826H         PUBLIC        _f_0x49_data
  D:00F8H         PUBLIC        IIC0S
  D:00E8H         PUBLIC        IIC1S
  D:0098H         PUBLIC        S0CON
  D:0088H         PUBLIC        TCON0
  D:00D8H         PUBLIC        TCON1
  D:00D0H         PUBLIC        PSW
  X:020AH         PUBLIC        cfloat
  D:00C0H         PUBLIC        IRCON
  -------         PROC          _WIFI_UART_SENDBYTES
  X:0197H         SYMBOL        sendbuff
  X:019AH         SYMBOL        sendnum
  -------         DO            
  X:019BH         SYMBOL        i
  -------         ENDDO         
  C:3658H         LINE#         73
  C:3666H         LINE#         74
  C:3666H         LINE#         75
  C:3669H         LINE#         77
  C:3676H         LINE#         78
  C:3676H         LINE#         79
  C:368DH         LINE#         80
  C:3695H         LINE#         81
  -------         ENDPROC       _WIFI_UART_SENDBYTES
  -------         PROC          _WIFI_UART_RECEIVEONEPACKAGE
  X:0157H         SYMBOL        receivebuff
  X:015AH         SYMBOL        maxnum
  -------         DO            
  X:015BH         SYMBOL        i
  X:015CH         SYMBOL        max_receive_num
  X:015DH         SYMBOL        debug_buff
  -------         ENDDO         
  C:2B62H         LINE#         87
  C:2B70H         LINE#         88
  C:2B70H         LINE#         89
  C:2B73H         LINE#         90
  C:2B75H         LINE#         93
  C:2B87H         LINE#         128
BL51 BANKED LINKER/LOCATER V6.22                                                      01/22/2018  11:49:59  PAGE 22


  C:2B9AH         LINE#         129
  C:2B9AH         LINE#         130
  C:2BA9H         LINE#         131
  C:2BADH         LINE#         132
  C:2BAFH         LINE#         133
  C:2BAFH         LINE#         135
  C:2BBEH         LINE#         136
  C:2BBEH         LINE#         137
  C:2BC1H         LINE#         138
  C:2BC1H         LINE#         140
  C:2BCCH         LINE#         141
  C:2BCCH         LINE#         142
  C:2BE6H         LINE#         143
  C:2BECH         LINE#         144
  C:2BEEH         LINE#         157
  C:2BF2H         LINE#         159
  C:2BFCH         LINE#         163
  C:2C01H         LINE#         165
  -------         ENDPROC       _WIFI_UART_RECEIVEONEPACKAGE
  -------         PROC          DEAL_WIFI_UART_DATA
  -------         DO            
  X:01B9H         SYMBOL        wifi_data_buff
  X:0209H         SYMBOL        wifi_buff_index
  D:0007H         SYMBOL        get_wifi_data_num
  X:012AH         SYMBOL        i
  X:012BH         SYMBOL        j
  X:012CH         SYMBOL        framelength
  X:012DH         SYMBOL        index_temp
  X:012EH         SYMBOL        debug_buff
  X:0156H         SYMBOL        test_data
  -------         ENDDO         
  C:1132H         LINE#         169
  C:1132H         LINE#         170
  C:1132H         LINE#         173
  C:1133H         LINE#         174
  C:1137H         LINE#         176
  C:1139H         LINE#         177
  C:113BH         LINE#         178
  C:114DH         LINE#         180
  C:1152H         LINE#         183
  C:1168H         LINE#         187
  C:116EH         LINE#         188
  C:116EH         LINE#         190
  C:116EH         LINE#         192
  C:1174H         LINE#         193
  C:1179H         LINE#         212
  C:118FH         LINE#         213
  C:118FH         LINE#         214
  C:11A7H         LINE#         215
  C:11A7H         LINE#         217
  C:11B6H         LINE#         229
  C:11C9H         LINE#         231
  C:11C9H         LINE#         237
  C:11E1H         LINE#         238
  C:11E1H         LINE#         239
  C:11EEH         LINE#         242
  C:11F9H         LINE#         243
BL51 BANKED LINKER/LOCATER V6.22                                                      01/22/2018  11:49:59  PAGE 23


  C:1207H         LINE#         244
  C:1207H         LINE#         246
  C:120AH         LINE#         248
  C:120AH         LINE#         249
  C:120EH         LINE#         250
  C:120EH         LINE#         252
  C:121BH         LINE#         253
  C:1220H         LINE#         254
  C:1223H         LINE#         256
  C:1223H         LINE#         259
  C:124EH         LINE#         260
  C:124EH         LINE#         261
  C:126DH         LINE#         262
  C:1275H         LINE#         264
  C:127DH         LINE#         265
  C:12A3H         LINE#         267
  C:12A3H         LINE#         268
  C:12A3H         LINE#         270
  C:12A3H         LINE#         273
  C:12A3H         LINE#         275
  C:12A3H         LINE#         277
  C:12A3H         LINE#         280
  C:12ACH         LINE#         281
  C:12ACH         LINE#         282
  C:12BEH         LINE#         283
  C:12C3H         LINE#         284
  C:12C3H         LINE#         285
  C:12CCH         LINE#         288
  -------         ENDPROC       DEAL_WIFI_UART_DATA
  -------         PROC          _DEAL_FRAME_DATA
  X:0157H         SYMBOL        framebuffer
  -------         DO            
  D:0007H         SYMBOL        framelength
  -------         ENDDO         
  C:2FF9H         LINE#         291
  C:3004H         LINE#         292
  C:3004H         LINE#         293
  C:3004H         LINE#         296
  C:3008H         LINE#         297
  C:3029H         LINE#         298
  C:3029H         LINE#         299
  C:3032H         LINE#         300
  C:3032H         LINE#         301
  C:3035H         LINE#         306
  C:3035H         LINE#         307
  C:3049H         LINE#         308
  C:3049H         LINE#         309
  C:304CH         LINE#         310
  C:304CH         LINE#         311
  C:3060H         LINE#         312
  C:3060H         LINE#         317
  C:3063H         LINE#         318
  C:3063H         LINE#         320
  C:3077H         LINE#         321
  C:3077H         LINE#         326
  C:307AH         LINE#         327
  C:307AH         LINE#         328
BL51 BANKED LINKER/LOCATER V6.22                                                      01/22/2018  11:49:59  PAGE 24


  C:307AH         LINE#         330
  -------         ENDPROC       _DEAL_FRAME_DATA
  -------         PROC          F_0X41_DATA
  -------         DO            
  X:015AH         SYMBOL        sendbuff
  X:0176H         SYMBOL        i
  X:0177H         SYMBOL        j
  D:0007H         SYMBOL        sensor_key
  -------         ENDDO         
  C:1F54H         LINE#         335
  C:1F54H         LINE#         336
  C:1F54H         LINE#         337
  C:1F67H         LINE#         338
  C:1F6CH         LINE#         339
  C:1F6DH         LINE#         341
  C:1F75H         LINE#         343
  C:1F87H         LINE#         344
  C:1F87H         LINE#         345
  C:1F8AH         LINE#         346
  C:1F8AH         LINE#         347
  C:1F9CH         LINE#         348
  C:1F9EH         LINE#         349
  C:1FA0H         LINE#         350
  C:1FA7H         LINE#         351
  C:1FA7H         LINE#         352
  C:1FB9H         LINE#         353
  C:1FBBH         LINE#         354
  C:1FBDH         LINE#         355
  C:1FC4H         LINE#         356
  C:1FC4H         LINE#         357
  C:1FD6H         LINE#         358
  C:1FD8H         LINE#         359
  C:1FDAH         LINE#         360
  C:1FE1H         LINE#         361
  C:1FE1H         LINE#         362
  C:1FF5H         LINE#         363
  C:1FF7H         LINE#         364
  C:1FF7H         LINE#         365
  C:200BH         LINE#         366
  C:2020H         LINE#         367
  C:2035H         LINE#         368
  C:204AH         LINE#         369
  C:205FH         LINE#         370
  C:2068H         LINE#         372
  C:206DH         LINE#         373
  C:206FH         LINE#         374
  C:2073H         LINE#         376
  -------         ENDPROC       F_0X41_DATA
  -------         PROC          F_0X44_DATA
  -------         DO            
  X:015AH         SYMBOL        sendbuff
  -------         ENDDO         
  C:398EH         LINE#         379
  C:398EH         LINE#         380
  C:398EH         LINE#         381
  C:39A1H         LINE#         382
  C:39A9H         LINE#         383
BL51 BANKED LINKER/LOCATER V6.22                                                      01/22/2018  11:49:59  PAGE 25


  -------         ENDPROC       F_0X44_DATA
  -------         PROC          _F_0X45_DATA
  X:015AH         SYMBOL        framebuff
  -------         DO            
  X:015DH         SYMBOL        child_cmd
  X:015EH         SYMBOL        buff_0xAF
  -------         ENDDO         
  C:1467H         LINE#         388
  C:1472H         LINE#         389
  C:1472H         LINE#         390
  C:1475H         LINE#         392
  C:1487H         LINE#         395
  C:149CH         LINE#         397
  C:14A1H         LINE#         398
  C:14A1H         LINE#         399
  C:14CFH         LINE#         400
  C:14CFH         LINE#         401
  C:14CFH         LINE#         402
  C:14D2H         LINE#         403
  C:14D2H         LINE#         404
  C:14D5H         LINE#         405
  C:14D5H         LINE#         406
  C:14D7H         LINE#         407
  C:14D7H         LINE#         408
  C:14D7H         LINE#         409
  C:14D7H         LINE#         410
  C:14D7H         LINE#         411
  C:14DAH         LINE#         412
  C:14DAH         LINE#         413
  C:14DDH         LINE#         414
  C:14DFH         LINE#         415
  C:14DFH         LINE#         416
  C:14E7H         LINE#         417
  C:14F2H         LINE#         418
  C:14F4H         LINE#         419
  C:14F4H         LINE#         420
  C:14F7H         LINE#         421
  C:14F9H         LINE#         422
  C:14F9H         LINE#         423
  C:14FCH         LINE#         424
  C:14FEH         LINE#         425
  C:14FEH         LINE#         426
  C:1501H         LINE#         427
  C:1503H         LINE#         428
  C:1503H         LINE#         429
  C:1506H         LINE#         430
  C:1508H         LINE#         431
  C:1508H         LINE#         433
  C:1508H         LINE#         434
  C:1508H         LINE#         436
  C:150BH         LINE#         437
  C:150BH         LINE#         438
  C:150EH         LINE#         439
  C:150EH         LINE#         440
  C:150EH         LINE#         442
  C:150EH         LINE#         443
  C:150EH         LINE#         444
BL51 BANKED LINKER/LOCATER V6.22                                                      01/22/2018  11:49:59  PAGE 26


  C:150EH         LINE#         445
  C:150EH         LINE#         447
  C:1510H         LINE#         448
  C:1520H         LINE#         449
  C:1520H         LINE#         450
  C:152FH         LINE#         451
  C:152FH         LINE#         452
  C:152FH         LINE#         453
  C:1532H         LINE#         454
  C:1532H         LINE#         455
  C:1535H         LINE#         456
  C:1535H         LINE#         457
  C:1537H         LINE#         458
  C:1537H         LINE#         459
  C:153AH         LINE#         460
  C:153AH         LINE#         461
  C:153DH         LINE#         462
  C:153DH         LINE#         463
  C:153FH         LINE#         464
  C:153FH         LINE#         466
  C:1542H         LINE#         467
  C:1542H         LINE#         468
  C:1545H         LINE#         469
  C:1545H         LINE#         471
  C:1547H         LINE#         472
  C:1547H         LINE#         474
  C:154AH         LINE#         475
  C:154AH         LINE#         476
  C:154DH         LINE#         477
  C:154DH         LINE#         478
  C:154DH         LINE#         479
  C:154DH         LINE#         480
  C:154DH         LINE#         481
  C:154DH         LINE#         482
  C:155DH         LINE#         483
  C:1560H         LINE#         484
  C:156BH         LINE#         485
  C:156BH         LINE#         488
  C:1573H         LINE#         491
  C:157BH         LINE#         492
  C:1581H         LINE#         493
  C:1586H         LINE#         494
  C:158CH         LINE#         495
  C:1592H         LINE#         496
  C:159AH         LINE#         497
  C:15B1H         LINE#         498
  C:15BFH         LINE#         499
  C:15D6H         LINE#         500
  C:15E4H         LINE#         501
  C:15E7H         LINE#         502
  C:15E9H         LINE#         503
  C:15EDH         LINE#         504
  C:15F8H         LINE#         505
  C:15F8H         LINE#         507
  -------         ENDPROC       _F_0X45_DATA
  -------         PROC          _F_0X49_DATA
  X:015AH         SYMBOL        framebuff
BL51 BANKED LINKER/LOCATER V6.22                                                      01/22/2018  11:49:59  PAGE 27


  -------         DO            
  X:015DH         SYMBOL        send_num
  X:015EH         SYMBOL        add_time
  X:0162H         SYMBOL        temptime
  -------         ENDDO         
  C:2826H         LINE#         510
  C:2831H         LINE#         511
  C:2831H         LINE#         512
  C:2834H         LINE#         513
  C:283CH         LINE#         514
  C:2846H         LINE#         516
  C:285CH         LINE#         517
  C:285CH         LINE#         519
  C:285CH         LINE#         520
  C:2860H         LINE#         521
  C:2860H         LINE#         523
  C:2863H         LINE#         524
  C:2863H         LINE#         529
  C:2878H         LINE#         530
  C:2878H         LINE#         532
  C:2881H         LINE#         533
  C:2881H         LINE#         534
  C:2884H         LINE#         535
  C:2884H         LINE#         537
  C:2887H         LINE#         538
  C:2887H         LINE#         539
  C:2887H         LINE#         540
  C:289BH         LINE#         541
  C:289BH         LINE#         542
  C:289EH         LINE#         543
  C:289EH         LINE#         545
  C:28A1H         LINE#         546
  C:28A1H         LINE#         547
  C:28A1H         LINE#         548
  C:28B5H         LINE#         549
  C:28B5H         LINE#         550
  C:28B8H         LINE#         551
  C:28B8H         LINE#         553
  C:28BBH         LINE#         554
  C:28BBH         LINE#         555
  C:28BBH         LINE#         556
  C:28CFH         LINE#         557
  C:28CFH         LINE#         558
  C:28D2H         LINE#         559
  C:28D2H         LINE#         561
  C:28D5H         LINE#         562
  C:28D5H         LINE#         563
  C:28D5H         LINE#         564
  C:28D5H         LINE#         566
  -------         ENDPROC       _F_0X49_DATA
  -------         PROC          _F_0X49_05_DATA
  X:0166H         SYMBOL        framebuff
  -------         DO            
  X:0169H         SYMBOL        temp_time
  X:016BH         SYMBOL        debug_buff
  -------         ENDDO         
  C:1A57H         LINE#         568
BL51 BANKED LINKER/LOCATER V6.22                                                      01/22/2018  11:49:59  PAGE 28


  C:1A62H         LINE#         569
  C:1A62H         LINE#         570
  C:1A67H         LINE#         571
  C:1A79H         LINE#         573
  C:1A8AH         LINE#         574
  C:1A8AH         LINE#         576
  C:1A8AH         LINE#         578
  C:1A9DH         LINE#         579
  C:1A9DH         LINE#         580
  C:1AA0H         LINE#         581
  C:1AA0H         LINE#         582
  C:1AB8H         LINE#         583
  C:1AB8H         LINE#         589
  C:1AE2H         LINE#         590
  C:1AF3H         LINE#         591
  C:1AF3H         LINE#         592
  C:1B02H         LINE#         593
  C:1B13H         LINE#         594
  C:1B15H         LINE#         596
  C:1B15H         LINE#         598
  C:1B22H         LINE#         599
  C:1B22H         LINE#         600
  C:1B27H         LINE#         601
  C:1B29H         LINE#         602
  C:1B2FH         LINE#         603
  C:1B2FH         LINE#         604
  C:1B35H         LINE#         605
  C:1B35H         LINE#         607
  C:1B43H         LINE#         609
  C:1B4BH         LINE#         611
  C:1B4EH         LINE#         613
  C:1B5DH         LINE#         614
  C:1B83H         LINE#         615
  C:1B97H         LINE#         616
  C:1B97H         LINE#         617
  -------         ENDPROC       _F_0X49_05_DATA
  -------         PROC          WIFI_EARSE_EASYLINK_CMD
  -------         DO            
  X:012BH         SYMBOL        sendbuff
  -------         ENDDO         
  C:39B4H         LINE#         632
  C:39B4H         LINE#         633
  C:39B4H         LINE#         634
  C:39C7H         LINE#         638
  C:39CFH         LINE#         645
  -------         ENDPROC       WIFI_EARSE_EASYLINK_CMD
  -------         PROC          _USER_TIMER_CONFIRM
  X:0189H         SYMBOL        framebuff
  -------         DO            
  X:018CH         SYMBOL        sendbuff
  -------         ENDDO         
  C:3463H         LINE#         648
  C:346EH         LINE#         649
  C:346EH         LINE#         650
  C:3481H         LINE#         652
  C:3489H         LINE#         653
  C:349EH         LINE#         654
BL51 BANKED LINKER/LOCATER V6.22                                                      01/22/2018  11:49:59  PAGE 29


  C:34A8H         LINE#         655
  C:34B2H         LINE#         657
  -------         ENDPROC       _USER_TIMER_CONFIRM
  -------         PROC          SYS_CHECK_AUTO_RESULT_UPLOAD
  -------         DO            
  X:0170H         SYMBOL        sendbuff
  -------         ENDDO         
  C:3696H         LINE#         661
  C:3696H         LINE#         662
  C:3696H         LINE#         663
  C:36A9H         LINE#         665
  C:36B1H         LINE#         666
  C:36B9H         LINE#         667
  C:36C6H         LINE#         668
  C:36C9H         LINE#         671
  -------         ENDPROC       SYS_CHECK_AUTO_RESULT_UPLOAD
  -------         PROC          SYS_CHECK_MANUAL_RESULT_UPLOAD
  -------         DO            
  X:0166H         SYMBOL        sendbuff
  -------         ENDDO         
  C:38DFH         LINE#         676
  C:38DFH         LINE#         677
  C:38DFH         LINE#         678
  C:38F2H         LINE#         680
  C:38FAH         LINE#         681
  C:3902H         LINE#         683
  -------         ENDPROC       SYS_CHECK_MANUAL_RESULT_UPLOAD
  -------         ENDMOD        WIFI_UART

  -------         MODULE        SENSOR_UART
  C:0000H         SYMBOL        _ICE_DUMMY_
  D:0080H         PUBLIC        P0
  D:0090H         PUBLIC        P1
  D:00A0H         PUBLIC        P2
  D:00B0H         PUBLIC        P3
  C:3C18H         PUBLIC        init_UART1
  D:00A8H         PUBLIC        IEN0
  D:00B8H         PUBLIC        IEN1
  D:00A8H         PUBLIC        IE
  D:009AH         PUBLIC        IEN2
  C:0056H         PUBLIC        _Sensor_Uart_Sendbytes
  B:0024H.1       PUBLIC        bU1TX
  B:0024H.2       PUBLIC        is_sensor_uart_get_data
  C:3AF9H         PUBLIC        clear_sensor_uart_buff
  D:00DFH         PUBLIC        S1RELH
  D:00DEH         PUBLIC        S1RELL
  C:25CAH         PUBLIC        UART1_ISR
  D:00E0H         PUBLIC        ACC
  D:00F8H         PUBLIC        IIC0S
  D:00E8H         PUBLIC        IIC1S
  D:00DDH         PUBLIC        S1BUF
  D:0098H         PUBLIC        S0CON
  D:00DCH         PUBLIC        S1CON
  D:0088H         PUBLIC        TCON0
  D:00D8H         PUBLIC        TCON1
  D:00D0H         PUBLIC        PSW
  C:3D74H         PUBLIC        _UART1_TX
BL51 BANKED LINKER/LOCATER V6.22                                                      01/22/2018  11:49:59  PAGE 30


  D:00C0H         PUBLIC        IRCON
  -------         PROC          INIT_UART1
  C:3C18H         LINE#         27
  C:3C18H         LINE#         28
  C:3C18H         LINE#         29
  C:3C1BH         LINE#         30
  C:3C1EH         LINE#         31
  C:3C21H         LINE#         32
  C:3C24H         LINE#         33
  C:3C27H         LINE#         34
  -------         ENDPROC       INIT_UART1
  -------         PROC          UART1_ISR
  -------         DO            
  X:027BH         SYMBOL        frame_length
  C:2681H         SYMBOL        error_exit
  -------         ENDDO         
  C:25CAH         LINE#         38
  C:25E7H         LINE#         46
  C:25EFH         LINE#         47
  C:25EFH         LINE#         48
  C:25F2H         LINE#         49
  C:25FFH         LINE#         50
  C:25FFH         LINE#         51
  C:260CH         LINE#         52
  C:2612H         LINE#         54
  C:2617H         LINE#         55
  C:2617H         LINE#         56
  C:261EH         LINE#         57
  C:2626H         LINE#         58
  C:2626H         LINE#         63
  C:2628H         LINE#         64
  C:2628H         LINE#         66
  C:262CH         LINE#         67
  C:262CH         LINE#         68
  C:2634H         LINE#         69
  C:2634H         LINE#         70
  C:2636H         LINE#         71
  C:2636H         LINE#         73
  C:2640H         LINE#         74
  C:2640H         LINE#         75
  C:2644H         LINE#         76
  C:2644H         LINE#         77
  C:2659H         LINE#         83
  C:2659H         LINE#         85
  C:2669H         LINE#         86
  C:2669H         LINE#         87
  C:2669H         LINE#         88
  C:2669H         LINE#         90
  C:2676H         LINE#         91
  C:2676H         LINE#         92
  C:2678H         LINE#         93
  C:2678H         LINE#         95
  C:2678H         LINE#         96
  C:267AH         LINE#         104
  C:267AH         LINE#         105
  C:267CH         LINE#         106
  C:267FH         LINE#         107
BL51 BANKED LINKER/LOCATER V6.22                                                      01/22/2018  11:49:59  PAGE 31


  C:2681H         LINE#         112
  C:2681H         LINE#         114
  C:2684H         LINE#         117
  -------         ENDPROC       UART1_ISR
  -------         PROC          _UART1_TX
  D:0007H         SYMBOL        n_temp1
  C:3D74H         LINE#         119
  C:3D74H         LINE#         120
  C:3D74H         LINE#         121
  C:3D76H         LINE#         122
  C:3D78H         LINE#         123
  C:3D7BH         LINE#         124
  C:3D7BH         LINE#         126
  C:3D7BH         LINE#         127
  -------         ENDPROC       _UART1_TX
  -------         PROC          CLEAR_SENSOR_UART_BUFF
  C:3AF9H         LINE#         131
  C:3AF9H         LINE#         132
  C:3AF9H         LINE#         135
  C:3B0BH         LINE#         137
  C:3B10H         LINE#         139
  -------         ENDPROC       CLEAR_SENSOR_UART_BUFF
  -------         PROC          _SENSOR_UART_SENDBYTES
  X:0131H         SYMBOL        sendbuff
  D:0005H         SYMBOL        sendnum
  -------         DO            
  D:0006H         SYMBOL        i
  -------         ENDDO         
  C:0056H         LINE#         143
  C:0061H         LINE#         144
  C:0061H         LINE#         145
  C:0063H         LINE#         147
  C:0068H         LINE#         148
  C:0068H         LINE#         149
  C:007FH         LINE#         150
  C:0082H         LINE#         151
  -------         ENDPROC       _SENSOR_UART_SENDBYTES
  -------         ENDMOD        SENSOR_UART

  -------         MODULE        SOFT_IIC
  C:0000H         SYMBOL        _ICE_DUMMY_
  D:0080H         PUBLIC        P0
  D:0090H         PUBLIC        P1
  D:00A0H         PUBLIC        P2
  D:00B0H         PUBLIC        P3
  D:00B8H         PUBLIC        IEN1
  D:00A8H         PUBLIC        IE
  C:3B8DH         SYMBOL        _i2c_delay1
  C:2E54H         PUBLIC        _I2C_ReadBytes
  C:32DEH         PUBLIC        I2C_Ack
  C:2C99H         PUBLIC        _I2C_WriteBytes
  C:307BH         PUBLIC        I2C_WaitAck
  D:00E0H         PUBLIC        ACC
  C:326DH         PUBLIC        I2C_start
  C:31F3H         PUBLIC        I2C_ReadOneByte
  D:00F8H         PUBLIC        IIC0S
  D:00E8H         PUBLIC        IIC1S
BL51 BANKED LINKER/LOCATER V6.22                                                      01/22/2018  11:49:59  PAGE 32


  X:0230H         PUBLIC        IIC_Operations
  D:0098H         PUBLIC        S0CON
  D:0088H         PUBLIC        TCON0
  C:3179H         PUBLIC        _I2C_SendOneByte
  D:00D8H         PUBLIC        TCON1
  C:3517H         PUBLIC        I2C_stop
  D:00D0H         PUBLIC        PSW
  D:00C0H         PUBLIC        IRCON
  C:3570H         PUBLIC        I2C_NAck
  -------         PROC          _I2C_DELAY1
  D:0006H         SYMBOL        num
  -------         DO            
  D:0004H         SYMBOL        i
  -------         ENDDO         
  C:3B8DH         LINE#         58
  C:3B8DH         LINE#         59
  C:3B8DH         LINE#         60
  C:3B90H         LINE#         61
  C:3B9EH         LINE#         62
  -------         ENDPROC       _I2C_DELAY1
  -------         PROC          I2C_START
  C:326DH         LINE#         67
  C:326DH         LINE#         68
  C:326DH         LINE#         69
  C:327EH         LINE#         70
  C:328AH         LINE#         71
  C:3296H         LINE#         72
  C:32A2H         LINE#         73
  C:32AEH         LINE#         74
[...]
  C:3952H         LINE#         76
  C:395CH         LINE#         77
  -------         ENDPROC       BUZZER_POWER_OFF
  -------         PROC          BUZZER_SPEED
  C:3AACH         LINE#         80
  C:3AACH         LINE#         81
  C:3AACH         LINE#         87
BL51 BANKED LINKER/LOCATER V6.22                                                      01/22/2018  11:49:59  PAGE 70


  C:3AB1H         LINE#         88
  C:3ABBH         LINE#         89
  -------         ENDPROC       BUZZER_SPEED
  -------         PROC          BUZZER_GET_CHARGE
  C:39FCH         LINE#         93
  C:39FCH         LINE#         94
  C:39FCH         LINE#         95
  C:3A07H         LINE#         96
  C:3A11H         LINE#         97
  -------         ENDPROC       BUZZER_GET_CHARGE
  -------         PROC          BUZZER_TOUCH_KEY
  C:3A1CH         LINE#         100
  C:3A1CH         LINE#         101
  C:3A1CH         LINE#         102
  C:3A27H         LINE#         103
  C:3A31H         LINE#         104
  -------         ENDPROC       BUZZER_TOUCH_KEY
  -------         ENDMOD        BUZZER

  -------         MODULE        ADC
  C:0000H         SYMBOL        _ICE_DUMMY_
  D:0080H         PUBLIC        P0
  D:0090H         PUBLIC        P1
  D:00A0H         PUBLIC        P2
  D:00B0H         PUBLIC        P3
  B:00A8H.7       PUBLIC        EA
  C:3C07H         PUBLIC        ADC_Read12
  D:00B8H         PUBLIC        IEN1
  D:00A8H         PUBLIC        IE
  C:384EH         PUBLIC        ADCInterrupt
  D:00ABH         PUBLIC        ADCC1
  D:00ACH         PUBLIC        ADCC2
  D:00E0H         PUBLIC        ACC
  B:0024H.6       PUBLIC        ADCfinish
  D:00ADH         PUBLIC        ADCDH
  B:00B8H.2       PUBLIC        IEADC
  D:00F8H         PUBLIC        IIC0S
  D:00AEH         PUBLIC        ADCDL
  D:00E8H         PUBLIC        IIC1S
  C:3CC9H         PUBLIC        _ADCInit
  D:00AFH         PUBLIC        ADCCS
  D:0098H         PUBLIC        S0CON
  D:0088H         PUBLIC        TCON0
  D:00D8H         PUBLIC        TCON1
  X:027DH         PUBLIC        n_data
  C:3DA9H         PUBLIC        _ADCstart
  D:00D0H         PUBLIC        PSW
  D:00C0H         PUBLIC        IRCON
  -------         PROC          _ADCSTART
  D:0007H         SYMBOL        n_ADC_CH
  C:3DA9H         LINE#         11
  C:3DA9H         LINE#         12
  C:3DA9H         LINE#         14
  C:3DABH         LINE#         15
  C:3DAEH         LINE#         16
  -------         ENDPROC       _ADCSTART
  -------         PROC          _ADCINIT
BL51 BANKED LINKER/LOCATER V6.22                                                      01/22/2018  11:49:59  PAGE 71


  D:0007H         SYMBOL        n_ADCnEN
  D:0005H         SYMBOL        n_ADC_CLK
  C:3CC9H         LINE#         18
  C:3CC9H         LINE#         19
  C:3CC9H         LINE#         20
  C:3CCCH         LINE#         21
  C:3CD0H         LINE#         22
  C:3CD2H         LINE#         23
  C:3CD4H         LINE#         24
  -------         ENDPROC       _ADCINIT
  -------         PROC          ADC_READ12
  -------         DO            
  D:0006H         SYMBOL        n_ADCD12
  -------         ENDDO         
  C:3C07H         LINE#         26
  C:3C07H         LINE#         27
  C:3C07H         LINE#         28
  C:3C08H         LINE#         29
  C:3C17H         LINE#         30
  C:3C17H         LINE#         31
  -------         ENDPROC       ADC_READ12
  -------         PROC          ADCINTERRUPT
  C:384EH         LINE#         33
  C:3861H         LINE#         35
  C:386CH         LINE#         36
  C:386EH         LINE#         37
  -------         ENDPROC       ADCINTERRUPT
  -------         ENDMOD        ADC

  -------         MODULE        UV
  C:0000H         SYMBOL        _ICE_DUMMY_
  D:00D6H         PUBLIC        P2M0
  D:0080H         PUBLIC        P0
  D:00D7H         PUBLIC        P2M1
  D:0090H         PUBLIC        P1
  D:00A0H         PUBLIC        P2
  D:00B0H         PUBLIC        P3
  D:00B8H         PUBLIC        IEN1
  D:00A8H         PUBLIC        IE
  B:00A0H.2       PUBLIC        P2_2
  C:3C38H         PUBLIC        UV_Off
  C:3C94H         PUBLIC        UV_Pin_Init
  C:3CEBH         PUBLIC        Get_UV_ADC_Data
  C:3CA3H         PUBLIC        UV_ADC_Start
  D:00E0H         PUBLIC        ACC
  C:3AC6H         PUBLIC        UV_On
  D:00F8H         PUBLIC        IIC0S
  D:00E8H         PUBLIC        IIC1S
  D:0098H         PUBLIC        S0CON
  D:0088H         PUBLIC        TCON0
  D:00D8H         PUBLIC        TCON1
  C:3408H         PUBLIC        UV_Check
  D:00D0H         PUBLIC        PSW
  D:00C0H         PUBLIC        IRCON
  -------         PROC          UV_PIN_INIT
  C:3C94H         LINE#         13
  C:3C94H         LINE#         14
BL51 BANKED LINKER/LOCATER V6.22                                                      01/22/2018  11:49:59  PAGE 72


  C:3C94H         LINE#         16
  C:3C97H         LINE#         17
  C:3C9AH         LINE#         19
  C:3C9CH         LINE#         21
  -------         ENDPROC       UV_PIN_INIT
  -------         PROC          UV_ON
  C:3AC6H         LINE#         25
  C:3AC6H         LINE#         26
  C:3AC6H         LINE#         29
  C:3AC8H         LINE#         30
  C:3ACAH         LINE#         33
  C:3AD0H         LINE#         36
  C:3AD9H         LINE#         38
  -------         ENDPROC       UV_ON
  -------         PROC          UV_OFF
  C:3C38H         LINE#         42
  C:3C38H         LINE#         43
  C:3C38H         LINE#         44
  C:3C3AH         LINE#         45
  C:3C3CH         LINE#         46
  C:3C43H         LINE#         48
  C:3C45H         LINE#         49
  C:3C47H         LINE#         50
  -------         ENDPROC       UV_OFF
  -------         PROC          UV_ADC_START
  C:3CA3H         LINE#         52
  C:3CA3H         LINE#         53
  C:3CA3H         LINE#         54
  C:3CA5H         LINE#         55
  C:3CACH         LINE#         56
  -------         ENDPROC       UV_ADC_START
  -------         PROC          GET_UV_ADC_DATA
  C:3CEBH         LINE#         59
  C:3CEBH         LINE#         60
  C:3CEBH         LINE#         61
  C:3CEDH         LINE#         63
  C:3CF5H         LINE#         64
  -------         ENDPROC       GET_UV_ADC_DATA
  -------         PROC          UV_CHECK
  -------         DO            
  D:0006H         SYMBOL        uv_adc_data
  -------         ENDDO         
  C:3408H         LINE#         67
  C:3408H         LINE#         68
  C:3408H         LINE#         69
  C:340BH         LINE#         73
  C:340EH         LINE#         74
  C:340EH         LINE#         75
  C:3414H         LINE#         76
  C:3414H         LINE#         77
  C:3417H         LINE#         79
  C:342BH         LINE#         80
  C:342BH         LINE#         81
  C:342DH         LINE#         82
  C:342DH         LINE#         83
  C:3436H         LINE#         84
  C:3436H         LINE#         85
BL51 BANKED LINKER/LOCATER V6.22                                                      01/22/2018  11:49:59  PAGE 73


  C:3438H         LINE#         86
  C:343AH         LINE#         87
  C:343CH         LINE#         88
  C:343CH         LINE#         95
  C:343CH         LINE#         98
  C:343FH         LINE#         99
  C:343FH         LINE#         100
  C:3442H         LINE#         101
  C:3442H         LINE#         102
  C:3445H         LINE#         103
  C:3447H         LINE#         104
  C:3447H         LINE#         105
  C:3447H         LINE#         109
  C:3456H         LINE#         110
  C:3456H         LINE#         111
  C:3458H         LINE#         112
  C:345CH         LINE#         113
  C:345CH         LINE#         116
  C:345FH         LINE#         117
  C:345FH         LINE#         118
  C:3462H         LINE#         119
  C:3462H         LINE#         120
  C:3462H         LINE#         121
  -------         ENDPROC       UV_CHECK
  -------         ENDMOD        UV

  -------         MODULE        ION
  C:0000H         SYMBOL        _ICE_DUMMY_
  D:00D6H         PUBLIC        P2M0
  D:0080H         PUBLIC        P0
  D:00D7H         PUBLIC        P2M1
  D:0090H         PUBLIC        P1
  D:00A0H         PUBLIC        P2
  D:00B0H         PUBLIC        P3
  C:3CF6H         PUBLIC        ION_On
  D:00B8H         PUBLIC        IEN1
  D:00A8H         PUBLIC        IE
  B:00A0H.3       PUBLIC        P2_3
  D:00E0H         PUBLIC        ACC
  D:00F8H         PUBLIC        IIC0S
  D:00E8H         PUBLIC        IIC1S
  C:3D01H         PUBLIC        ION_Off
  D:0098H         PUBLIC        S0CON
  D:0088H         PUBLIC        TCON0
  C:3D6BH         PUBLIC        ION_Pin_Init
  D:00D8H         PUBLIC        TCON1
  D:00D0H         PUBLIC        PSW
  D:00C0H         PUBLIC        IRCON
  -------         PROC          ION_PIN_INIT
  C:3D6BH         LINE#         7
  C:3D6BH         LINE#         8
  C:3D6BH         LINE#         9
  C:3D6EH         LINE#         10
  C:3D71H         LINE#         12
  C:3D73H         LINE#         13
  -------         ENDPROC       ION_PIN_INIT
  -------         PROC          ION_ON
BL51 BANKED LINKER/LOCATER V6.22                                                      01/22/2018  11:49:59  PAGE 74


  C:3CF6H         LINE#         16
  C:3CF6H         LINE#         17
  C:3CF6H         LINE#         18
  C:3CF8H         LINE#         19
  C:3CFAH         LINE#         20
  -------         ENDPROC       ION_ON
  -------         PROC          ION_OFF
  C:3D01H         LINE#         23
  C:3D01H         LINE#         24
  C:3D01H         LINE#         25
  C:3D03H         LINE#         26
  C:3D05H         LINE#         27
  -------         ENDPROC       ION_OFF
  -------         ENDMOD        ION

  -------         MODULE        USER_TIMER
  C:0000H         SYMBOL        _ICE_DUMMY_
  D:0080H         PUBLIC        P0
  D:0090H         PUBLIC        P1
  D:00A0H         PUBLIC        P2
  D:00B0H         PUBLIC        P3
  D:00B8H         PUBLIC        IEN1
  D:00A8H         PUBLIC        IE
  C:3A5AH         SYMBOL        _?ix1000
  D:00E0H         PUBLIC        ACC
  C:1CD9H         PUBLIC        user_timer_count
  X:0268H         PUBLIC        user_timer_info
  D:00F8H         PUBLIC        IIC0S
  D:00E8H         PUBLIC        IIC1S
  C:3C48H         PUBLIC        user_timer_init
  D:0098H         PUBLIC        S0CON
  D:0088H         PUBLIC        TCON0
  D:00D8H         PUBLIC        TCON1
  C:38AFH         PUBLIC        stop_user_timer
  C:34BDH         PUBLIC        _set_user_timer
  D:00D0H         PUBLIC        PSW
  D:00C0H         PUBLIC        IRCON
  -------         PROC          USER_TIMER_INIT
  C:3C48H         LINE#         15
  C:3C48H         LINE#         16
  C:3C48H         LINE#         17
  C:3C4DH         LINE#         18
  C:3C4FH         LINE#         19
  C:3C53H         LINE#         20
  C:3C57H         LINE#         21
  -------         ENDPROC       USER_TIMER_INIT
  -------         PROC          USER_TIMER_COUNT
  -------         DO            
  X:012AH         SYMBOL        min_to_ms
  X:0264H         SYMBOL        time_triger
  X:012EH         SYMBOL        nowtime
  X:0132H         SYMBOL        debug_buff
  -------         ENDDO         
  C:1CD9H         LINE#         23
  C:1CD9H         LINE#         24
  C:1CD9H         LINE#         25
  C:1CE3H         LINE#         27
BL51 BANKED LINKER/LOCATER V6.22                                                      01/22/2018  11:49:59  PAGE 75


  C:1CEDH         LINE#         28
  C:1D00H         LINE#         30
  C:1D09H         LINE#         31
  C:1D3CH         LINE#         32
  C:1D3CH         LINE#         34
  C:1D66H         LINE#         35
  C:1D66H         LINE#         37
  C:1D6DH         LINE#         38
  C:1D6DH         LINE#         40
  C:1D97H         LINE#         41
  C:1D9CH         LINE#         42
  C:1D9CH         LINE#         44
  C:1DBEH         LINE#         45
  C:1DBEH         LINE#         46
  C:1DCDH         LINE#         47
  C:1DCDH         LINE#         48
  C:1DD9H         LINE#         53
  C:1DD9H         LINE#         54
  C:1DE3H         LINE#         55
  C:1DE3H         LINE#         56
  C:1DE6H         LINE#         57
  C:1DE6H         LINE#         58
  C:1DE9H         LINE#         59
  C:1DE9H         LINE#         60
  C:1DE9H         LINE#         62
  C:1E17H         LINE#         63
  C:1E17H         LINE#         64
  -------         ENDPROC       USER_TIMER_COUNT
  -------         PROC          STOP_USER_TIMER
  C:38AFH         LINE#         67
  C:38AFH         LINE#         68
  C:38AFH         LINE#         69
  C:38B4H         LINE#         70
  C:38B6H         LINE#         71
  C:38BAH         LINE#         72
  C:38BEH         LINE#         74
  C:38C5H         LINE#         75
  C:38C5H         LINE#         76
  C:38C9H         LINE#         77
  C:38CBH         LINE#         78
  C:38D2H         LINE#         79
  C:38D2H         LINE#         80
  C:38D9H         LINE#         81
  C:38D9H         LINE#         83
  C:38DEH         LINE#         84
  -------         ENDPROC       STOP_USER_TIMER
  -------         PROC          _SET_USER_TIMER
  X:0189H         SYMBOL        timer_type
  C:34BDH         LINE#         86
  C:34C2H         LINE#         87
  C:34C2H         LINE#         88
  C:34CEH         LINE#         89
  C:34CEH         LINE#         91
  C:34CEH         LINE#         93
  C:34D1H         LINE#         94
  C:34D1H         LINE#         95
  C:34D4H         LINE#         96
BL51 BANKED LINKER/LOCATER V6.22                                                      01/22/2018  11:49:59  PAGE 76


  C:34D4H         LINE#         98
  C:34D4H         LINE#         99
  C:34DAH         LINE#         100
  C:34DCH         LINE#         102
  C:34E3H         LINE#         103
  C:34E3H         LINE#         104
  C:34ECH         LINE#         105
  C:34F0H         LINE#         106
  C:34F2H         LINE#         107
  C:34F9H         LINE#         108
  C:34F9H         LINE#         109
  C:3502H         LINE#         110
  C:3509H         LINE#         111
  C:3509H         LINE#         112
  C:3516H         LINE#         113
  C:3516H         LINE#         114
  -------         ENDPROC       _SET_USER_TIMER
  -------         ENDMOD        USER_TIMER

  -------         MODULE        ?C?FPADD
  C:008DH         PUBLIC        ?C?FPADD
  C:0089H         PUBLIC        ?C?FPSUB
  -------         ENDMOD        ?C?FPADD

  -------         MODULE        ?C?FPMUL
  C:017EH         PUBLIC        ?C?FPMUL
  -------         ENDMOD        ?C?FPMUL

  -------         MODULE        ?C?FPDIV
  C:0287H         PUBLIC        ?C?FPDIV
  -------         ENDMOD        ?C?FPDIV

  -------         MODULE        ?C?FPCMP
  C:0326H         PUBLIC        ?C?FPCMP
  C:0324H         PUBLIC        ?C?FPCMP3
  -------         ENDMOD        ?C?FPCMP

  -------         MODULE        ?C?FCAST
  C:03A7H         PUBLIC        ?C?FCASTC
  C:03A2H         PUBLIC        ?C?FCASTI
  C:039DH         PUBLIC        ?C?FCASTL
  -------         ENDMOD        ?C?FCAST

  -------         MODULE        ?C?CASTF
  C:03DBH         PUBLIC        ?C?CASTF
  -------         ENDMOD        ?C?CASTF

  -------         MODULE        PRINTF
  X:0189H         PUBLIC        ?_PRINTF?BYTE
  X:0189H         PUBLIC        ?_SPRINTF?BYTE
  C:0AABH         PUBLIC        _PRINTF
  C:0AA5H         PUBLIC        _SPRINTF
  -------         ENDMOD        PRINTF

  -------         MODULE        ?C?FPROUND
  C:045CH         PUBLIC        ?C?FPROUND
  -------         ENDMOD        ?C?FPROUND
BL51 BANKED LINKER/LOCATER V6.22                                                      01/22/2018  11:49:59  PAGE 77



  -------         MODULE        ?C?FPCONVERT
  C:0499H         PUBLIC        ?C?FPCONVERT
  -------         ENDMOD        ?C?FPCONVERT

  -------         MODULE        ?C?FTNPWR
  C:05CEH         PUBLIC        ?C?FTNPWR
  -------         ENDMOD        ?C?FTNPWR

  -------         MODULE        ?C?COPY
  C:06DEH         PUBLIC        ?C?COPY
  -------         ENDMOD        ?C?COPY

  -------         MODULE        ?C?CLDPTR
  C:0704H         PUBLIC        ?C?CLDPTR
  -------         ENDMOD        ?C?CLDPTR

  -------         MODULE        ?C?CLDOPTR
  C:071DH         PUBLIC        ?C?CLDOPTR
  -------         ENDMOD        ?C?CLDOPTR

  -------         MODULE        ?C?CSTPTR
  C:074AH         PUBLIC        ?C?CSTPTR
  -------         ENDMOD        ?C?CSTPTR

  -------         MODULE        ?C?CSTOPTR
  C:075CH         PUBLIC        ?C?CSTOPTR
  -------         ENDMOD        ?C?CSTOPTR

  -------         MODULE        ?C?IMUL
  C:077EH         PUBLIC        ?C?IMUL
  -------         ENDMOD        ?C?IMUL

  -------         MODULE        ?C?UIDIV
  C:0790H         PUBLIC        ?C?UIDIV
  -------         ENDMOD        ?C?UIDIV

  -------         MODULE        ?C?IILDX
  C:07E5H         PUBLIC        ?C?IILDX
  -------         ENDMOD        ?C?IILDX

  -------         MODULE        ?C?LMUL
  C:07FBH         PUBLIC        ?C?LMUL
  -------         ENDMOD        ?C?LMUL

  -------         MODULE        ?C?ULDIV
  C:0886H         PUBLIC        ?C?ULDIV
  -------         ENDMOD        ?C?ULDIV

  -------         MODULE        ?C?SLDIV
  C:3614H         PUBLIC        ?C?SLDIV
  -------         ENDMOD        ?C?SLDIV

  -------         MODULE        ?C?LNEG
  C:0918H         PUBLIC        ?C?LNEG
  -------         ENDMOD        ?C?LNEG

BL51 BANKED LINKER/LOCATER V6.22                                                      01/22/2018  11:49:59  PAGE 78


  -------         MODULE        ?C?SLCMP
  C:0926H         PUBLIC        ?C?SLCMP
  -------         ENDMOD        ?C?SLCMP

  -------         MODULE        ?C?ULCMP
  C:093CH         PUBLIC        ?C?ULCMP
  -------         ENDMOD        ?C?ULCMP

  -------         MODULE        ?C?LLDIDATA
  C:094DH         PUBLIC        ?C?LLDIDATA
  -------         ENDMOD        ?C?LLDIDATA

  -------         MODULE        ?C?LLDIDATA0
  C:0959H         PUBLIC        ?C?LLDIDATA0
  -------         ENDMOD        ?C?LLDIDATA0

  -------         MODULE        ?C?LSTIDATA
  C:0966H         PUBLIC        ?C?LSTIDATA
  -------         ENDMOD        ?C?LSTIDATA

  -------         MODULE        ?C?LSTXDATA
  C:0972H         PUBLIC        ?C?LSTXDATA
  -------         ENDMOD        ?C?LSTXDATA

  -------         MODULE        ?C?LSTKIDATA
  C:097EH         PUBLIC        ?C?LSTKIDATA
  -------         ENDMOD        ?C?LSTKIDATA

  -------         MODULE        ?C?LSTKXDATA
  C:0997H         PUBLIC        ?C?LSTKXDATA
  -------         ENDMOD        ?C?LSTKXDATA

  -------         MODULE        ?C?PLDIXDATA
  C:09C8H         PUBLIC        ?C?PLDIXDATA
  -------         ENDMOD        ?C?PLDIXDATA

  -------         MODULE        ?C?PSTXDATA
  C:09DFH         PUBLIC        ?C?PSTXDATA
  -------         ENDMOD        ?C?PSTXDATA

  -------         MODULE        ?C?CCASE
  C:09E8H         PUBLIC        ?C?CCASE
  -------         ENDMOD        ?C?CCASE

  -------         MODULE        ?C?ICALL
  C:0A0EH         PUBLIC        ?C?ICALL
  C:0A12H         PUBLIC        ?C?ICALL2
  -------         ENDMOD        ?C?ICALL

  -------         MODULE        PUTCHAR
  C:3967H         PUBLIC        _PUTCHAR
  -------         ENDMOD        PUTCHAR

  -------         MODULE        STRLEN
  C:3B52H         PUBLIC        _STRLEN
  -------         ENDMOD        STRLEN

BL51 BANKED LINKER/LOCATER V6.22                                                      01/22/2018  11:49:59  PAGE 79


  -------         MODULE        ?C?MEMSET
  C:0A14H         PUBLIC        ?C?MEMSET
  -------         ENDMOD        ?C?MEMSET

*** WARNING L16: UNCALLED SEGMENT, IGNORED FOR OVERLAY PROCESS
    SEGMENT: ?PR?RESET_SENSOR?SENSOR

Program Size: data=114.7 xdata=641 code=15815
LINK/LOCATE RUN COMPLETE.  1 WARNING(S),  0 ERROR(S)
