Component: ARM Compiler 5.06 update 4 (build 422) Tool: armlink [4d35d2]

==============================================================================

Section Cross References

    startup_stm32f10x_hd.o(RESET) refers to startup_stm32f10x_hd.o(.text) for Reset_Handler
    startup_stm32f10x_hd.o(RESET) refers to stm32f10x_it.o(i.NMI_Handler) for NMI_Handler
    startup_stm32f10x_hd.o(RESET) refers to stm32f10x_it.o(i.HardFault_Handler) for HardFault_Handler
    startup_stm32f10x_hd.o(RESET) refers to stm32f10x_it.o(i.MemManage_Handler) for MemManage_Handler
    startup_stm32f10x_hd.o(RESET) refers to stm32f10x_it.o(i.BusFault_Handler) for BusFault_Handler
    startup_stm32f10x_hd.o(RESET) refers to stm32f10x_it.o(i.UsageFault_Handler) for UsageFault_Handler
    startup_stm32f10x_hd.o(RESET) refers to stm32f10x_it.o(i.SVC_Handler) for SVC_Handler
    startup_stm32f10x_hd.o(RESET) refers to stm32f10x_it.o(i.DebugMon_Handler) for DebugMon_Handler
    startup_stm32f10x_hd.o(RESET) refers to os_cpu_a.o(.text) for OS_CPU_PendSVHandler
    startup_stm32f10x_hd.o(RESET) refers to stm32f10x_it.o(i.SysTick_Handler) for SysTick_Handler
    startup_stm32f10x_hd.o(RESET) refers to stm32f10x_it.o(i.USART1_IRQHandler) for USART1_IRQHandler
    startup_stm32f10x_hd.o(RESET) refers to stm32f10x_it.o(i.USART2_IRQHandler) for USART2_IRQHandler
    startup_stm32f10x_hd.o(RESET) refers to stm32f10x_it.o(i.USART3_IRQHandler) for USART3_IRQHandler
    startup_stm32f10x_hd.o(.text) refers to startup_stm32f10x_hd.o(STACK) for __initial_sp
    startup_stm32f10x_hd.o(.text) refers to entry.o(.ARM.Collect$$$$00000000) for __main
    main.o(i.main) refers to bsp.o(i.BSP_Init) for BSP_Init
    main.o(i.main) refers to malloc.o(i.mem_init) for mem_init
    main.o(i.main) refers to os_core.o(i.OSInit) for OSInit
    main.o(i.main) refers to os_task.o(i.OSTaskCreate) for OSTaskCreate
    main.o(i.main) refers to os_core.o(i.OSStart) for OSStart
    main.o(i.main) refers to main.o(.bss) for startup_task_stk
    main.o(i.main) refers to app.o(i.Task_Start) for Task_Start
    stm32f10x_it.o(i.SysTick_Handler) refers to os_core.o(i.OSIntEnter) for OSIntEnter
    stm32f10x_it.o(i.SysTick_Handler) refers to os_core.o(i.OSTimeTick) for OSTimeTick
    stm32f10x_it.o(i.SysTick_Handler) refers to os_core.o(i.OSIntExit) for OSIntExit
    stm32f10x_it.o(i.USART1_IRQHandler) refers to os_core.o(i.OSIntEnter) for OSIntEnter
    stm32f10x_it.o(i.USART1_IRQHandler) refers to user_modbus.o(i.modbus_usart_handler) for modbus_usart_handler
    stm32f10x_it.o(i.USART1_IRQHandler) refers to os_core.o(i.OSIntExit) for OSIntExit
    stm32f10x_it.o(i.USART2_IRQHandler) refers to os_core.o(i.OSIntEnter) for OSIntEnter
    stm32f10x_it.o(i.USART2_IRQHandler) refers to user_usart_wifi.o(i.wifi_usart_handler) for wifi_usart_handler
    stm32f10x_it.o(i.USART2_IRQHandler) refers to os_core.o(i.OSIntExit) for OSIntExit
    stm32f10x_it.o(i.USART3_IRQHandler) refers to os_core.o(i.OSIntEnter) for OSIntEnter
    stm32f10x_it.o(i.USART3_IRQHandler) refers to user_config.o(i.user_config_usart_handler) for user_config_usart_handler
    stm32f10x_it.o(i.USART3_IRQHandler) refers to os_core.o(i.OSIntExit) for OSIntExit
    user_flash.o(i.flash_embedded_read) refers to stm32f10x_flash.o(i.FLASH_Unlock) for FLASH_Unlock
    user_flash.o(i.flash_embedded_read) refers to stm32f10x_flash.o(i.FLASH_Lock) for FLASH_Lock
    user_flash.o(i.flash_embedded_write) refers to stm32f10x_flash.o(i.FLASH_Unlock) for FLASH_Unlock
    user_flash.o(i.flash_embedded_write) refers to stm32f10x_flash.o(i.FLASH_ProgramWord) for FLASH_ProgramWord
    user_flash.o(i.flash_embedded_write) refers to printfa.o(i.__0printf) for __2printf
    user_flash.o(i.flash_embedded_write) refers to stm32f10x_flash.o(i.FLASH_Lock) for FLASH_Lock
    user_config.o(i.clear_rx_buff) refers to memseta.o(.text) for __aeabi_memclr
    user_config.o(i.clear_rx_buff) refers to user_config.o(.data) for config_rx_index
    user_config.o(i.deal_user_config_info) refers to printfa.o(i.__0printf) for __2printf
    user_config.o(i.deal_user_config_info) refers to user_config.o(i.clear_rx_buff) for clear_rx_buff
    user_config.o(i.deal_user_config_info) refers to user_config.o(i.frame_check) for frame_check
    user_config.o(i.deal_user_config_info) refers to malloc.o(i.mymalloc) for mymalloc
    user_config.o(i.deal_user_config_info) refers to strncpy.o(.text) for strncpy
    user_config.o(i.deal_user_config_info) refers to user_config.o(i.print_config) for print_config
    user_config.o(i.deal_user_config_info) refers to user_config.o(i.user_flash_page_earse) for user_flash_page_earse
    user_config.o(i.deal_user_config_info) refers to user_config.o(i.write_user_config) for write_user_config
    user_config.o(i.deal_user_config_info) refers to malloc.o(i.myfree) for myfree
    user_config.o(i.deal_user_config_info) refers to user_config.o(i.user_config_response) for user_config_response
[...]
    i.RCC_APB1PeriphClockCmd                 0x08002ab8   Section        0  stm32f10x_rcc.o(i.RCC_APB1PeriphClockCmd)
    i.RCC_APB2PeriphClockCmd                 0x08002ad8   Section        0  stm32f10x_rcc.o(i.RCC_APB2PeriphClockCmd)
    i.RCC_GetClocksFreq                      0x08002af8   Section        0  stm32f10x_rcc.o(i.RCC_GetClocksFreq)
    i.SVC_Handler                            0x08002bcc   Section        0  stm32f10x_it.o(i.SVC_Handler)
    i.SetSysClock                            0x08002bce   Section        0  system_stm32f10x.o(i.SetSysClock)
    SetSysClock                              0x08002bcf   Thumb Code     8  system_stm32f10x.o(i.SetSysClock)
    i.SetSysClockTo72                        0x08002bd8   Section        0  system_stm32f10x.o(i.SetSysClockTo72)
    SetSysClockTo72                          0x08002bd9   Thumb Code   220  system_stm32f10x.o(i.SetSysClockTo72)
    i.SysTick_Handler                        0x08002cbc   Section        0  stm32f10x_it.o(i.SysTick_Handler)
    i.SysTick_init                           0x08002ccc   Section        0  bsp.o(i.SysTick_init)
    i.SystemInit                             0x08002d2c   Section        0  system_stm32f10x.o(i.SystemInit)
    i.Task_Start                             0x08002d7c   Section        0  app.o(i.Task_Start)
    i.Task_modbus                            0x08002ec0   Section        0  user_modbus.o(i.Task_modbus)
    i.Task_usart_wifi                        0x08002fcc   Section        0  user_usart_wifi.o(i.Task_usart_wifi)
    i.Task_user_config                       0x0800351c   Section        0  app.o(i.Task_user_config)
    Task_user_config                         0x0800351d   Thumb Code    20  app.o(i.Task_user_config)
    i.Task_wifi_request                      0x08003530   Section        0  user_usart_wifi.o(i.Task_wifi_request)
    i.USART1_IRQHandler                      0x08003dd8   Section        0  stm32f10x_it.o(i.USART1_IRQHandler)
    i.USART2_IRQHandler                      0x08003de8   Section        0  stm32f10x_it.o(i.USART2_IRQHandler)
    i.USART3_IRQHandler                      0x08003df8   Section        0  stm32f10x_it.o(i.USART3_IRQHandler)
    i.USART_ClearITPendingBit                0x08003e08   Section        0  stm32f10x_usart.o(i.USART_ClearITPendingBit)
    i.USART_Cmd                              0x08003e1c   Section        0  stm32f10x_usart.o(i.USART_Cmd)
    i.USART_GetFlagStatus                    0x08003e34   Section        0  stm32f10x_usart.o(i.USART_GetFlagStatus)
    i.USART_GetITStatus                      0x08003e46   Section        0  stm32f10x_usart.o(i.USART_GetITStatus)
    i.USART_ITConfig                         0x08003e92   Section        0  stm32f10x_usart.o(i.USART_ITConfig)
    i.USART_Init                             0x08003ed4   Section        0  stm32f10x_usart.o(i.USART_Init)
    i.USART_ReceiveData                      0x08003f70   Section        0  stm32f10x_usart.o(i.USART_ReceiveData)
    i.USART_SendData                         0x08003f7a   Section        0  stm32f10x_usart.o(i.USART_SendData)
    i.UsageFault_Handler                     0x08003f82   Section        0  stm32f10x_it.o(i.UsageFault_Handler)
    i.Usart_SendBytes                        0x08003f86   Section        0  user_usart.o(i.Usart_SendBytes)
    i.Usart_SendOneByte                      0x08003fb0   Section        0  user_usart.o(i.Usart_SendOneByte)
    i.WIFI_USART_RB_Initialize               0x08003fd0   Section        0  user_usart_wifi.o(i.WIFI_USART_RB_Initialize)
    i.__0printf                              0x08003fe8   Section        0  printfa.o(i.__0printf)
    i.__0sprintf                             0x08004008   Section        0  printfa.o(i.__0sprintf)
    i.__scatterload_copy                     0x08004030   Section       14  handlers.o(i.__scatterload_copy)
    i.__scatterload_null                     0x0800403e   Section        2  handlers.o(i.__scatterload_null)
    i.__scatterload_zeroinit                 0x08004040   Section       14  handlers.o(i.__scatterload_zeroinit)
    i._fp_digits                             0x08004050   Section        0  printfa.o(i._fp_digits)
    _fp_digits                               0x08004051   Thumb Code   366  printfa.o(i._fp_digits)
    i._printf_core                           0x080041d4   Section        0  printfa.o(i._printf_core)
    _printf_core                             0x080041d5   Thumb Code  1744  printfa.o(i._printf_core)
    i._printf_post_padding                   0x080048b0   Section        0  printfa.o(i._printf_post_padding)
    _printf_post_padding                     0x080048b1   Thumb Code    36  printfa.o(i._printf_post_padding)
    i._printf_pre_padding                    0x080048d4   Section        0  printfa.o(i._printf_pre_padding)
    _printf_pre_padding                      0x080048d5   Thumb Code    46  printfa.o(i._printf_pre_padding)
    i._sputc                                 0x08004902   Section        0  printfa.o(i._sputc)
    _sputc                                   0x08004903   Thumb Code    10  printfa.o(i._sputc)
    i.cJSON_AddItemToArray                   0x0800490c   Section        0  cjson.o(i.cJSON_AddItemToArray)
    i.cJSON_AddItemToObject                  0x08004938   Section        0  cjson.o(i.cJSON_AddItemToObject)
    i.cJSON_AddItemToObjectCS                0x0800496c   Section        0  cjson.o(i.cJSON_AddItemToObjectCS)
    i.cJSON_CreateNumber                     0x080049a8   Section        0  cjson.o(i.cJSON_CreateNumber)
    i.cJSON_CreateObject                     0x08004a0c   Section        0  cjson.o(i.cJSON_CreateObject)
    i.cJSON_Delete                           0x08004a24   Section        0  cjson.o(i.cJSON_Delete)
    i.cJSON_InitHooks                        0x08004a7c   Section        0  cjson.o(i.cJSON_InitHooks)
    i.cJSON_New_Item                         0x08004ae0   Section        0  cjson.o(i.cJSON_New_Item)
    cJSON_New_Item                           0x08004ae1   Thumb Code    26  cjson.o(i.cJSON_New_Item)
    i.cJSON_PrintUnformatted                 0x08004afc   Section        0  cjson.o(i.cJSON_PrintUnformatted)
    i.cJSON_strdup                           0x08004b10   Section        0  cjson.o(i.cJSON_strdup)
    cJSON_strdup                             0x08004b11   Thumb Code    56  cjson.o(i.cJSON_strdup)
    i.calculate_check_sum                    0x08004b48   Section        0  user_modbus.o(i.calculate_check_sum)
    i.calculate_checksum                     0x08004b74   Section        0  user_config.o(i.calculate_checksum)
    i.clear_rx_buff                          0x08004ba0   Section        0  user_config.o(i.clear_rx_buff)
    i.crc16_update                           0x08004bc4   Section        0  modbus_master.o(i.crc16_update)
    crc16_update                             0x08004bc5   Thumb Code    32  modbus_master.o(i.crc16_update)
    i.deal_user_config_info                  0x08004be4   Section        0  user_config.o(i.deal_user_config_info)
    i.delay                                  0x08004f14   Section        0  stm32f10x_flash.o(i.delay)
    delay                                    0x08004f15   Thumb Code    26  stm32f10x_flash.o(i.delay)
    i.empty_rx_buff                          0x08004f2e   Section        0  user_usart_wifi.o(i.empty_rx_buff)
    i.ensure                                 0x08004f50   Section        0  cjson.o(i.ensure)
    ensure                                   0x08004f51   Thumb Code   186  cjson.o(i.ensure)
    i.flash_embedded_read                    0x0800500c   Section        0  user_flash.o(i.flash_embedded_read)
    i.flash_embedded_write                   0x0800505c   Section        0  user_flash.o(i.flash_embedded_write)
    i.fputc                                  0x080050f8   Section        0  user_usart1.o(i.fputc)
    i.frame_check                            0x0800511c   Section        0  user_config.o(i.frame_check)
    i.get_decimal_point                      0x0800514a   Section        0  cjson.o(i.get_decimal_point)
    get_decimal_point                        0x0800514b   Thumb Code     4  cjson.o(i.get_decimal_point)
    i.highByte                               0x0800514e   Section        0  modbus_master.o(i.highByte)
    highByte                                 0x0800514f   Thumb Code     6  modbus_master.o(i.highByte)
    i.is_queue_empty                         0x08005154   Section        0  app.o(i.is_queue_empty)
    i.is_queue_full                          0x0800518a   Section        0  app.o(i.is_queue_full)
    i.lowByte                                0x080051c6   Section        0  modbus_master.o(i.lowByte)
    lowByte                                  0x080051c7   Thumb Code     6  modbus_master.o(i.lowByte)
    i.main                                   0x080051cc   Section        0  main.o(i.main)
    i.mem_free                               0x080051f8   Section        0  malloc.o(i.mem_free)
    i.mem_free_size                          0x08005264   Section        0  malloc.o(i.mem_free_size)
    i.mem_init                               0x08005294   Section        0  malloc.o(i.mem_init)
    i.mem_malloc                             0x080052d8   Section        0  malloc.o(i.mem_malloc)
    i.mem_perused                            0x08005388   Section        0  malloc.o(i.mem_perused)
    i.modbus_usart_handler                   0x080053bc   Section        0  user_modbus.o(i.modbus_usart_handler)
    i.moubus_loop                            0x080053f8   Section        0  user_modbus.o(i.moubus_loop)
    i.myfree                                 0x08005654   Section        0  malloc.o(i.myfree)
    i.mymalloc                               0x08005674   Section        0  malloc.o(i.mymalloc)
    i.mymemcpy                               0x08005698   Section        0  malloc.o(i.mymemcpy)
    i.mymemset                               0x080056b2   Section        0  malloc.o(i.mymemset)
    i.myrealloc                              0x080056c8   Section        0  malloc.o(i.myrealloc)
    i.parse_string_key                       0x08005700   Section        0  user_config.o(i.parse_string_key)
    i.print                                  0x080057f8   Section        0  cjson.o(i.print)
    print                                    0x080057f9   Thumb Code   172  cjson.o(i.print)
    i.print_array                            0x080058a4   Section        0  cjson.o(i.print_array)
    print_array                              0x080058a5   Thumb Code   178  cjson.o(i.print_array)
    i.print_config                           0x08005958   Section        0  user_config.o(i.print_config)
    i.print_number                           0x08005a84   Section        0  cjson.o(i.print_number)
    print_number                             0x08005a85   Thumb Code   174  cjson.o(i.print_number)
    i.print_object                           0x08005b40   Section        0  cjson.o(i.print_object)
    print_object                             0x08005b41   Thumb Code   372  cjson.o(i.print_object)
    i.print_string                           0x08005cb4   Section        0  cjson.o(i.print_string)
    print_string                             0x08005cb5   Thumb Code    16  cjson.o(i.print_string)
    i.print_string_ptr                       0x08005cc4   Section        0  cjson.o(i.print_string_ptr)
    print_string_ptr                         0x08005cc5   Thumb Code   360  cjson.o(i.print_string_ptr)
    i.print_value                            0x08005e38   Section        0  cjson.o(i.print_value)
    print_value                              0x08005e39   Thumb Code   246  cjson.o(i.print_value)
    i.rbClear                                0x08005f48   Section        0  ringbuffer.o(i.rbClear)
    i.rbInitialize                           0x08005f56   Section        0  ringbuffer.o(i.rbInitialize)
    i.rbIsEmpty                              0x08005f68   Section        0  ringbuffer.o(i.rbIsEmpty)
    i.rbPop                                  0x08005f7a   Section        0  ringbuffer.o(i.rbPop)
    i.rbPush                                 0x08005fa4   Section        0  ringbuffer.o(i.rbPush)
    i.read_user_configs                      0x08005fc8   Section        0  user_config.o(i.read_user_configs)
    i.read_user_one_config                   0x08006094   Section        0  user_config.o(i.read_user_one_config)
    i.rs485_control_pin_config               0x080061d4   Section        0  user_modbus.o(i.rs485_control_pin_config)
    i.send_data_to_buffer                    0x0800620c   Section        0  user_modbus.o(i.send_data_to_buffer)
    i.send_response_data_to_wifi             0x08006420   Section        0  user_usart_wifi.o(i.send_response_data_to_wifi)
    i.suffix_object                          0x08006768   Section        0  cjson.o(i.suffix_object)
    suffix_object                            0x08006769   Thumb Code     6  cjson.o(i.suffix_object)
    i.uart_printf_array                      0x08006770   Section        0  user_usart_wifi.o(i.uart_printf_array)
    i.update_offset                          0x080067d0   Section        0  cjson.o(i.update_offset)
    update_offset                            0x080067d1   Thumb Code    36  cjson.o(i.update_offset)
    i.usart1_config                          0x080067f4   Section        0  user_usart1.o(i.usart1_config)
    i.usart2_config                          0x08006884   Section        0  user_usart2.o(i.usart2_config)
    i.usart3_config                          0x08006910   Section        0  user_usart3.o(i.usart3_config)
    i.user_config_response                   0x080069a0   Section        0  user_config.o(i.user_config_response)
    i.user_config_uart_sendbytes             0x080069f8   Section        0  user_config.o(i.user_config_uart_sendbytes)
    i.user_config_usart_handler              0x08006a24   Section        0  user_config.o(i.user_config_usart_handler)
    i.user_flash_page_earse                  0x08006a80   Section        0  user_config.o(i.user_flash_page_earse)
    i.wifi_usart_begin                       0x08006a9c   Section        0  user_usart_wifi.o(i.wifi_usart_begin)
    i.wifi_usart_handler                     0x08006aa4   Section        0  user_usart_wifi.o(i.wifi_usart_handler)
    i.wifi_usart_read                        0x08006ae0   Section        0  user_usart_wifi.o(i.wifi_usart_read)
    i.wifi_usart_recv_available              0x08006afc   Section        0  user_usart_wifi.o(i.wifi_usart_recv_available)
    i.wifi_usart_recv_handler                0x08006b20   Section        0  user_usart_wifi.o(i.wifi_usart_recv_handler)
    i.wifi_usart_sendbytes                   0x08006b40   Section        0  user_usart_wifi.o(i.wifi_usart_sendbytes)
    i.word                                   0x08006b64   Section        0  modbus_master.o(i.word)
    word                                     0x08006b65   Thumb Code    10  modbus_master.o(i.word)
    i.write_user_config                      0x08006b70   Section        0  user_config.o(i.write_user_config)
    .constdata                               0x08006cc4   Section       20  system_stm32f10x.o(.constdata)
    .constdata                               0x08006cd8   Section      256  os_core.o(.constdata)
    .constdata                               0x08006dd8   Section       12  malloc.o(.constdata)
    .data                                    0x20000000   Section        4  main.o(.data)
    .data                                    0x20000004   Section        4  user_config.o(.data)
    flash_info                               0x20000005   Data           3  user_config.o(.data)
    .data                                    0x20000008   Section       21  user_usart_wifi.o(.data)
    .data                                    0x20000020   Section        4  user_modbus.o(.data)
    .data                                    0x20000024   Section       20  stm32f10x_rcc.o(.data)
    APBAHBPrescTable                         0x20000024   Data          16  stm32f10x_rcc.o(.data)
    ADCPrescTable                            0x20000034   Data           4  stm32f10x_rcc.o(.data)
    .data                                    0x20000038   Section       64  os_core.o(.data)
    .data                                    0x20000078   Section       20  malloc.o(.data)
    .data                                    0x2000008c   Section       40  modbus_master.o(.data)
    .data                                    0x200000b4   Section       20  cjson.o(.data)
    global_error                             0x200000b4   Data           8  cjson.o(.data)
    global_hooks                             0x200000bc   Data          12  cjson.o(.data)
    .data                                    0x200000c8   Section        4  stdout.o(.data)
    .bss                                     0x200000d0   Section      320  main.o(.bss)
    .bss                                     0x20000210   Section      176  user_config.o(.bss)
    .bss                                     0x200002c0   Section      220  user_usart_wifi.o(.bss)
    .bss                                     0x2000039c   Section       20  user_modbus.o(.bss)
    .bss                                     0x200003b0   Section     2824  app.o(.bss)
    .bss                                     0x20000eb8   Section     3128  os_core.o(.bss)
    .bss                                     0x20001af0   Section    10880  malloc.o(.bss)
    .bss                                     0x20004570   Section      188  modbus_master.o(.bss)
    .bss                                     0x2000462c   Section      170  trans_recieve_buff_control.o(.bss)
    STACK                                    0x200046d8   Section      512  startup_stm32f10x_hd.o(STACK)

    Global Symbols

    Symbol Name                              Value     Ov Type        Size  Object(Section)

    BuildAttributes$$THM_ISAv4$P$D$K$B$S$PE$A:L22UL41UL21$X:L11$S22US41US21$IEEE1$IW$USESV6$~STKCKD$USESV7$~SHL$OTIME$ROPI$IEEEJ$EBA8$MICROLIB$REQ8$PRES8$EABIv2 0x00000000   Number         0  anon$$obj.o ABSOLUTE
    __ARM_use_no_argv                        0x00000000   Number         0  main.o ABSOLUTE
    _printf_a                                0x00000000   Number         0  stubs.o ABSOLUTE
    _printf_c                                0x00000000   Number         0  stubs.o ABSOLUTE
    _printf_charcount                        0x00000000   Number         0  stubs.o ABSOLUTE
    _printf_d                                0x00000000   Number         0  stubs.o ABSOLUTE
    _printf_e                                0x00000000   Number         0  stubs.o ABSOLUTE
    _printf_f                                0x00000000   Number         0  stubs.o ABSOLUTE
    _printf_flags                            0x00000000   Number         0  stubs.o ABSOLUTE
    _printf_fp_dec                           0x00000000   Number         0  stubs.o ABSOLUTE
    _printf_fp_hex                           0x00000000   Number         0  stubs.o ABSOLUTE
    _printf_g                                0x00000000   Number         0  stubs.o ABSOLUTE
    _printf_i                                0x00000000   Number         0  stubs.o ABSOLUTE
    _printf_int_dec                          0x00000000   Number         0  stubs.o ABSOLUTE
    _printf_l                                0x00000000   Number         0  stubs.o ABSOLUTE
    _printf_lc                               0x00000000   Number         0  stubs.o ABSOLUTE
    _printf_ll                               0x00000000   Number         0  stubs.o ABSOLUTE
    _printf_lld                              0x00000000   Number         0  stubs.o ABSOLUTE
    _printf_lli                              0x00000000   Number         0  stubs.o ABSOLUTE
    _printf_llo                              0x00000000   Number         0  stubs.o ABSOLUTE
    _printf_llu                              0x00000000   Number         0  stubs.o ABSOLUTE
    _printf_llx                              0x00000000   Number         0  stubs.o ABSOLUTE
    _printf_longlong_dec                     0x00000000   Number         0  stubs.o ABSOLUTE
    _printf_longlong_hex                     0x00000000   Number         0  stubs.o ABSOLUTE
    _printf_longlong_oct                     0x00000000   Number         0  stubs.o ABSOLUTE
    _printf_ls                               0x00000000   Number         0  stubs.o ABSOLUTE
    _printf_mbtowc                           0x00000000   Number         0  stubs.o ABSOLUTE
    _printf_n                                0x00000000   Number         0  stubs.o ABSOLUTE
    _printf_o                                0x00000000   Number         0  stubs.o ABSOLUTE
    _printf_p                                0x00000000   Number         0  stubs.o ABSOLUTE
    _printf_percent                          0x00000000   Number         0  stubs.o ABSOLUTE
    _printf_pre_padding                      0x00000000   Number         0  stubs.o ABSOLUTE
    _printf_return_value                     0x00000000   Number         0  stubs.o ABSOLUTE
    _printf_s                                0x00000000   Number         0  stubs.o ABSOLUTE
    _printf_sizespec                         0x00000000   Number         0  stubs.o ABSOLUTE
    _printf_str                              0x00000000   Number         0  stubs.o ABSOLUTE
    _printf_truncate_signed                  0x00000000   Number         0  stubs.o ABSOLUTE
    _printf_truncate_unsigned                0x00000000   Number         0  stubs.o ABSOLUTE
    _printf_u                                0x00000000   Number         0  stubs.o ABSOLUTE
    _printf_wc                               0x00000000   Number         0  stubs.o ABSOLUTE
    _printf_wctomb                           0x00000000   Number         0  stubs.o ABSOLUTE
    _printf_widthprec                        0x00000000   Number         0  stubs.o ABSOLUTE
    _printf_x                                0x00000000   Number         0  stubs.o ABSOLUTE
    __cpp_initialize__aeabi_                  - Undefined Weak Reference
    __cxa_finalize                            - Undefined Weak Reference
    __decompress                              - Undefined Weak Reference
    _clock_init                               - Undefined Weak Reference
    _microlib_exit                            - Undefined Weak Reference
    __Vectors_Size                           0x00000130   Number         0  startup_stm32f10x_hd.o ABSOLUTE
    __Vectors                                0x08000000   Data           4  startup_stm32f10x_hd.o(RESET)
    __Vectors_End                            0x08000130   Data           0  startup_stm32f10x_hd.o(RESET)
    __main                                   0x08000131   Thumb Code     0  entry.o(.ARM.Collect$$$$00000000)
    _main_stk                                0x08000131   Thumb Code     0  entry2.o(.ARM.Collect$$$$00000001)
    _main_scatterload                        0x08000135   Thumb Code     0  entry5.o(.ARM.Collect$$$$00000004)
    __main_after_scatterload                 0x08000139   Thumb Code     0  entry5.o(.ARM.Collect$$$$00000004)
    _main_clock                              0x08000139   Thumb Code     0  entry7b.o(.ARM.Collect$$$$00000008)
    _main_cpp_init                           0x08000139   Thumb Code     0  entry8b.o(.ARM.Collect$$$$0000000A)
    _main_init                               0x08000139   Thumb Code     0  entry9a.o(.ARM.Collect$$$$0000000B)
    __rt_final_cpp                           0x08000141   Thumb Code     0  entry10a.o(.ARM.Collect$$$$0000000D)
    __rt_final_exit                          0x08000141   Thumb Code     0  entry11a.o(.ARM.Collect$$$$0000000F)
    SystemInit_ExtMemCtl                     0x08000145   Thumb Code     2  startup_stm32f10x_hd.o(.text)
    Reset_Handler                            0x08000147   Thumb Code    14  startup_stm32f10x_hd.o(.text)
    ADC1_2_IRQHandler                        0x08000167   Thumb Code     0  startup_stm32f10x_hd.o(.text)
    ADC3_IRQHandler                          0x08000167   Thumb Code     0  startup_stm32f10x_hd.o(.text)
    CAN1_RX1_IRQHandler                      0x08000167   Thumb Code     0  startup_stm32f10x_hd.o(.text)
    CAN1_SCE_IRQHandler                      0x08000167   Thumb Code     0  startup_stm32f10x_hd.o(.text)
    DMA1_Channel1_IRQHandler                 0x08000167   Thumb Code     0  startup_stm32f10x_hd.o(.text)
    DMA1_Channel2_IRQHandler                 0x08000167   Thumb Code     0  startup_stm32f10x_hd.o(.text)
    DMA1_Channel3_IRQHandler                 0x08000167   Thumb Code     0  startup_stm32f10x_hd.o(.text)
    DMA1_Channel4_IRQHandler                 0x08000167   Thumb Code     0  startup_stm32f10x_hd.o(.text)
    DMA1_Channel5_IRQHandler                 0x08000167   Thumb Code     0  startup_stm32f10x_hd.o(.text)
    DMA1_Channel6_IRQHandler                 0x08000167   Thumb Code     0  startup_stm32f10x_hd.o(.text)
    DMA1_Channel7_IRQHandler                 0x08000167   Thumb Code     0  startup_stm32f10x_hd.o(.text)
    DMA2_Channel1_IRQHandler                 0x08000167   Thumb Code     0  startup_stm32f10x_hd.o(.text)
    DMA2_Channel2_IRQHandler                 0x08000167   Thumb Code     0  startup_stm32f10x_hd.o(.text)
    DMA2_Channel3_IRQHandler                 0x08000167   Thumb Code     0  startup_stm32f10x_hd.o(.text)
    DMA2_Channel4_5_IRQHandler               0x08000167   Thumb Code     0  startup_stm32f10x_hd.o(.text)
    EXTI0_IRQHandler                         0x08000167   Thumb Code     0  startup_stm32f10x_hd.o(.text)
    EXTI15_10_IRQHandler                     0x08000167   Thumb Code     0  startup_stm32f10x_hd.o(.text)
    EXTI1_IRQHandler                         0x08000167   Thumb Code     0  startup_stm32f10x_hd.o(.text)
    EXTI2_IRQHandler                         0x08000167   Thumb Code     0  startup_stm32f10x_hd.o(.text)
    EXTI3_IRQHandler                         0x08000167   Thumb Code     0  startup_stm32f10x_hd.o(.text)
    EXTI4_IRQHandler                         0x08000167   Thumb Code     0  startup_stm32f10x_hd.o(.text)
    EXTI9_5_IRQHandler                       0x08000167   Thumb Code     0  startup_stm32f10x_hd.o(.text)
    FLASH_IRQHandler                         0x08000167   Thumb Code     0  startup_stm32f10x_hd.o(.text)
    FSMC_IRQHandler                          0x08000167   Thumb Code     0  startup_stm32f10x_hd.o(.text)
    I2C1_ER_IRQHandler                       0x08000167   Thumb Code     0  startup_stm32f10x_hd.o(.text)
    I2C1_EV_IRQHandler                       0x08000167   Thumb Code     0  startup_stm32f10x_hd.o(.text)
    I2C2_ER_IRQHandler                       0x08000167   Thumb Code     0  startup_stm32f10x_hd.o(.text)
    I2C2_EV_IRQHandler                       0x08000167   Thumb Code     0  startup_stm32f10x_hd.o(.text)
    PVD_IRQHandler                           0x08000167   Thumb Code     0  startup_stm32f10x_hd.o(.text)
    RCC_IRQHandler                           0x08000167   Thumb Code     0  startup_stm32f10x_hd.o(.text)
    RTCAlarm_IRQHandler                      0x08000167   Thumb Code     0  startup_stm32f10x_hd.o(.text)
    RTC_IRQHandler                           0x08000167   Thumb Code     0  startup_stm32f10x_hd.o(.text)
    SDIO_IRQHandler                          0x08000167   Thumb Code     0  startup_stm32f10x_hd.o(.text)
    SPI1_IRQHandler                          0x08000167   Thumb Code     0  startup_stm32f10x_hd.o(.text)
    SPI2_IRQHandler                          0x08000167   Thumb Code     0  startup_stm32f10x_hd.o(.text)
    SPI3_IRQHandler                          0x08000167   Thumb Code     0  startup_stm32f10x_hd.o(.text)
    TAMPER_IRQHandler                        0x08000167   Thumb Code     0  startup_stm32f10x_hd.o(.text)
    TIM1_BRK_IRQHandler                      0x08000167   Thumb Code     0  startup_stm32f10x_hd.o(.text)
    TIM1_CC_IRQHandler                       0x08000167   Thumb Code     0  startup_stm32f10x_hd.o(.text)
    TIM1_TRG_COM_IRQHandler                  0x08000167   Thumb Code     0  startup_stm32f10x_hd.o(.text)
    TIM1_UP_IRQHandler                       0x08000167   Thumb Code     0  startup_stm32f10x_hd.o(.text)
    TIM2_IRQHandler                          0x08000167   Thumb Code     0  startup_stm32f10x_hd.o(.text)
    TIM3_IRQHandler                          0x08000167   Thumb Code     0  startup_stm32f10x_hd.o(.text)
    TIM4_IRQHandler                          0x08000167   Thumb Code     0  startup_stm32f10x_hd.o(.text)
    TIM5_IRQHandler                          0x08000167   Thumb Code     0  startup_stm32f10x_hd.o(.text)
    TIM6_IRQHandler                          0x08000167   Thumb Code     0  startup_stm32f10x_hd.o(.text)
    TIM7_IRQHandler                          0x08000167   Thumb Code     0  startup_stm32f10x_hd.o(.text)
    TIM8_BRK_IRQHandler                      0x08000167   Thumb Code     0  startup_stm32f10x_hd.o(.text)
    TIM8_CC_IRQHandler                       0x08000167   Thumb Code     0  startup_stm32f10x_hd.o(.text)
    TIM8_TRG_COM_IRQHandler                  0x08000167   Thumb Code     0  startup_stm32f10x_hd.o(.text)
    TIM8_UP_IRQHandler                       0x08000167   Thumb Code     0  startup_stm32f10x_hd.o(.text)
    UART4_IRQHandler                         0x08000167   Thumb Code     0  startup_stm32f10x_hd.o(.text)
    UART5_IRQHandler                         0x08000167   Thumb Code     0  startup_stm32f10x_hd.o(.text)
    USBWakeUp_IRQHandler                     0x08000167   Thumb Code     0  startup_stm32f10x_hd.o(.text)
    USB_HP_CAN1_TX_IRQHandler                0x08000167   Thumb Code     0  startup_stm32f10x_hd.o(.text)
    USB_LP_CAN1_RX0_IRQHandler               0x08000167   Thumb Code     0  startup_stm32f10x_hd.o(.text)
    WWDG_IRQHandler                          0x08000167   Thumb Code     0  startup_stm32f10x_hd.o(.text)
    OS_CPU_SR_Save                           0x08000175   Thumb Code     0  os_cpu_a.o(.text)
    OS_CPU_SR_Restore                        0x0800017d   Thumb Code     0  os_cpu_a.o(.text)
    OSStartHighRdy                           0x08000183   Thumb Code     0  os_cpu_a.o(.text)
    OSCtxSw                                  0x080001a3   Thumb Code     0  os_cpu_a.o(.text)
    OSIntCtxSw                               0x080001ad   Thumb Code     0  os_cpu_a.o(.text)
    OS_CPU_PendSVHandler                     0x080001b7   Thumb Code     0  os_cpu_a.o(.text)
    __aeabi_memcpy                           0x08000219   Thumb Code    36  memcpya.o(.text)
    __aeabi_memcpy4                          0x08000219   Thumb Code     0  memcpya.o(.text)
    __aeabi_memcpy8                          0x08000219   Thumb Code     0  memcpya.o(.text)
    __aeabi_memset                           0x0800023d   Thumb Code    14  memseta.o(.text)
    __aeabi_memset4                          0x0800023d   Thumb Code     0  memseta.o(.text)
    __aeabi_memset8                          0x0800023d   Thumb Code     0  memseta.o(.text)
    __aeabi_memclr                           0x0800024b   Thumb Code     4  memseta.o(.text)
    __aeabi_memclr4                          0x0800024b   Thumb Code     0  memseta.o(.text)
    __aeabi_memclr8                          0x0800024b   Thumb Code     0  memseta.o(.text)
    _memset$wrapper                          0x0800024f   Thumb Code    18  memseta.o(.text)
    strncpy                                  0x08000261   Thumb Code    24  strncpy.o(.text)
    strlen                                   0x08000279   Thumb Code    14  strlen.o(.text)
    strcpy                                   0x08000287   Thumb Code    18  strcpy.o(.text)
    __aeabi_fdiv                             0x08000299   Thumb Code   124  fdiv.o(.text)
    __aeabi_dmul                             0x08000315   Thumb Code   228  dmul.o(.text)
    __aeabi_ui2f                             0x080003f9   Thumb Code    10  ffltui.o(.text)
    __aeabi_d2iz                             0x08000403   Thumb Code    62  dfixi.o(.text)
    __aeabi_f2d                              0x08000441   Thumb Code    38  f2d.o(.text)
    __aeabi_cdcmpeq                          0x08000469   Thumb Code     0  cdcmple.o(.text)
    __aeabi_cdcmple                          0x08000469   Thumb Code    48  cdcmple.o(.text)
    __aeabi_cdrcmple                         0x08000499   Thumb Code    48  cdrcmple.o(.text)
    __aeabi_uidiv                            0x080004c9   Thumb Code     0  uidiv.o(.text)
    __aeabi_uidivmod                         0x080004c9   Thumb Code    44  uidiv.o(.text)
    __aeabi_uldivmod                         0x080004f5   Thumb Code    98  uldiv.o(.text)
    __aeabi_llsr                             0x08000557   Thumb Code    32  llushr.o(.text)
    _ll_ushift_r                             0x08000557   Thumb Code     0  llushr.o(.text)
    __I$use$fp                               0x08000577   Thumb Code     0  iusefp.o(.text)
    _float_round                             0x08000577   Thumb Code    18  fepilogue.o(.text)
    _float_epilogue                          0x08000589   Thumb Code    92  fepilogue.o(.text)
    _double_round                            0x080005e5   Thumb Code    30  depilogue.o(.text)
    _double_epilogue                         0x08000603   Thumb Code   156  depilogue.o(.text)
    __aeabi_dadd                             0x0800069f   Thumb Code   322  dadd.o(.text)
    __aeabi_dsub                             0x080007e1   Thumb Code     6  dadd.o(.text)
    __aeabi_drsub                            0x080007e7   Thumb Code     6  dadd.o(.text)
    __aeabi_ddiv                             0x080007ed   Thumb Code   222  ddiv.o(.text)
    __aeabi_d2ulz                            0x080008cb   Thumb Code    48  dfixul.o(.text)
    __scatterload                            0x080008fd   Thumb Code    28  init.o(.text)
    __scatterload_rt2                        0x080008fd   Thumb Code     0  init.o(.text)
    __aeabi_llsl                             0x08000921   Thumb Code    30  llshl.o(.text)
    _ll_shift_l                              0x08000921   Thumb Code     0  llshl.o(.text)
    __aeabi_lasr                             0x0800093f   Thumb Code    36  llsshr.o(.text)
    _ll_sshift_r                             0x0800093f   Thumb Code     0  llsshr.o(.text)
    BSP_Init                                 0x08000965   Thumb Code    28  bsp.o(i.BSP_Init)
    BusFault_Handler                         0x08000989   Thumb Code     4  stm32f10x_it.o(i.BusFault_Handler)
    DebugMon_Handler                         0x0800098d   Thumb Code     2  stm32f10x_it.o(i.DebugMon_Handler)
    FLASH_ClearFlag                          0x08000991   Thumb Code     6  stm32f10x_flash.o(i.FLASH_ClearFlag)
    FLASH_ErasePage                          0x0800099d   Thumb Code    76  stm32f10x_flash.o(i.FLASH_ErasePage)
    FLASH_GetStatus                          0x080009ed   Thumb Code    48  stm32f10x_flash.o(i.FLASH_GetStatus)
    FLASH_Lock                               0x08000a21   Thumb Code    14  stm32f10x_flash.o(i.FLASH_Lock)
    FLASH_ProgramWord                        0x08000a35   Thumb Code   100  stm32f10x_flash.o(i.FLASH_ProgramWord)
    FLASH_Unlock                             0x08000a9d   Thumb Code    12  stm32f10x_flash.o(i.FLASH_Unlock)
    FLASH_WaitForLastOperation               0x08000ab5   Thumb Code    42  stm32f10x_flash.o(i.FLASH_WaitForLastOperation)
    GPIO_Init                                0x08000adf   Thumb Code   278  stm32f10x_gpio.o(i.GPIO_Init)
    GPIO_ResetBits                           0x08000bf5   Thumb Code     4  stm32f10x_gpio.o(i.GPIO_ResetBits)
    GPIO_SetBits                             0x08000bf9   Thumb Code     4  stm32f10x_gpio.o(i.GPIO_SetBits)
    HardFault_Handler                        0x08000bfd   Thumb Code     4  stm32f10x_it.o(i.HardFault_Handler)
    MODBUS_RS485_SendBytes                   0x08000c01   Thumb Code    88  user_modbus.o(i.MODBUS_RS485_SendBytes)
    MemManage_Handler                        0x08000c5d   Thumb Code     4  stm32f10x_it.o(i.MemManage_Handler)
    ModbusMaster_ModbusMasterTransaction     0x08000c61   Thumb Code  1358  modbus_master.o(i.ModbusMaster_ModbusMasterTransaction)
    ModbusMaster_begin                       0x080011c5   Thumb Code    18  modbus_master.o(i.ModbusMaster_begin)
    ModbusMaster_readCoils                   0x080011e1   Thumb Code    28  modbus_master.o(i.ModbusMaster_readCoils)
    ModbusMaster_readInputRegisters          0x08001209   Thumb Code    28  modbus_master.o(i.ModbusMaster_readInputRegisters)
    ModbusMaster_writeMultipleCoils          0x08001231   Thumb Code    28  modbus_master.o(i.ModbusMaster_writeMultipleCoils)
    ModbusMaster_writeMultipleRegisters      0x08001259   Thumb Code    28  modbus_master.o(i.ModbusMaster_writeMultipleRegisters)
    ModbusMaster_writeSingleCoil             0x08001281   Thumb Code    38  modbus_master.o(i.ModbusMaster_writeSingleCoil)
    ModbusMaster_writeSingleRegister         0x080012b5   Thumb Code    34  modbus_master.o(i.ModbusMaster_writeSingleRegister)
    Modbus_Master_GetByte                    0x080012e9   Thumb Code    16  trans_recieve_buff_control.o(i.Modbus_Master_GetByte)
    Modbus_Master_Millis                     0x080012fd   Thumb Code     8  trans_recieve_buff_control.o(i.Modbus_Master_Millis)
    Modbus_Master_RB_Initialize              0x08001305   Thumb Code    16  trans_recieve_buff_control.o(i.Modbus_Master_RB_Initialize)
    Modbus_Master_Read                       0x0800131d   Thumb Code    24  trans_recieve_buff_control.o(i.Modbus_Master_Read)
    Modbus_Master_Rece_Available             0x08001339   Thumb Code    32  trans_recieve_buff_control.o(i.Modbus_Master_Rece_Available)
    Modbus_Master_Rece_Flush                 0x0800135d   Thumb Code    12  trans_recieve_buff_control.o(i.Modbus_Master_Rece_Flush)
    Modbus_Master_Rece_Handler               0x0800136d   Thumb Code    22  trans_recieve_buff_control.o(i.Modbus_Master_Rece_Handler)
    Modbus_Master_Write                      0x08001389   Thumb Code    28  trans_recieve_buff_control.o(i.Modbus_Master_Write)
    NMI_Handler                              0x080013a9   Thumb Code     2  stm32f10x_it.o(i.NMI_Handler)
    NVIC_Init                                0x08001411   Thumb Code   100  misc.o(i.NVIC_Init)
    OSInit                                   0x08001481   Thumb Code    40  os_core.o(i.OSInit)
    OSInitHookBegin                          0x080014a9   Thumb Code     2  os_cpu_c.o(i.OSInitHookBegin)
    OSInitHookEnd                            0x080014ab   Thumb Code     2  os_cpu_c.o(i.OSInitHookEnd)
    OSIntEnter                               0x080014ad   Thumb Code    28  os_core.o(i.OSIntEnter)
    OSIntExit                                0x080014d1   Thumb Code   112  os_core.o(i.OSIntExit)
    OSMutexCreate                            0x08001561   Thumb Code   162  os_mutex.o(i.OSMutexCreate)
    OSMutexPend                              0x08001611   Thumb Code   550  os_mutex.o(i.OSMutexPend)
    OSMutexPost                              0x08001851   Thumb Code   194  os_mutex.o(i.OSMutexPost)
    OSQCreate                                0x0800199d   Thumb Code   150  os_q.o(i.OSQCreate)
    OSQPend                                  0x08001a41   Thumb Code   294  os_q.o(i.OSQPend)
    OSQPost                                  0x08001b75   Thumb Code   120  os_q.o(i.OSQPost)
    OSQQuery                                 0x08001bed   Thumb Code   112  os_q.o(i.OSQQuery)
    OSStart                                  0x08001c5d   Thumb Code    48  os_core.o(i.OSStart)
    OSTCBInitHook                            0x08001ca5   Thumb Code     2  os_cpu_c.o(i.OSTCBInitHook)
    OSTaskCreate                             0x08001ca9   Thumb Code   158  os_task.o(i.OSTaskCreate)
    OSTaskCreateExt                          0x08001d55   Thumb Code   180  os_task.o(i.OSTaskCreateExt)
    OSTaskCreateHook                         0x08001e15   Thumb Code     2  os_cpu_c.o(i.OSTaskCreateHook)
    OSTaskDel                                0x08001e19   Thumb Code   304  os_task.o(i.OSTaskDel)
    OSTaskDelHook                            0x08001f71   Thumb Code     2  os_cpu_c.o(i.OSTaskDelHook)
    OSTaskIdleHook                           0x08001f73   Thumb Code     2  os_cpu_c.o(i.OSTaskIdleHook)
    OSTaskNameSet                            0x08001f75   Thumb Code   160  os_task.o(i.OSTaskNameSet)
    OSTaskStatHook                           0x08002021   Thumb Code     2  os_cpu_c.o(i.OSTaskStatHook)
    OSTaskStkChk                             0x08002025   Thumb Code   150  os_task.o(i.OSTaskStkChk)
    OSTaskStkInit                            0x080020c5   Thumb Code   154  os_cpu_c.o(i.OSTaskStkInit)
    OSTaskSuspend                            0x08002161   Thumb Code   172  os_task.o(i.OSTaskSuspend)
    OSTaskSwHook                             0x0800221d   Thumb Code     2  os_cpu_c.o(i.OSTaskSwHook)
    OSTimeDly                                0x08002221   Thumb Code    96  os_time.o(i.OSTimeDly)
    OSTimeDlyHMSM                            0x08002291   Thumb Code   160  os_time.o(i.OSTimeDlyHMSM)
    OSTimeGet                                0x08002335   Thumb Code    24  os_time.o(i.OSTimeGet)
    OSTimeTick                               0x08002351   Thumb Code   210  os_core.o(i.OSTimeTick)
    OSTimeTickHook                           0x0800243d   Thumb Code     2  os_cpu_c.o(i.OSTimeTickHook)
    OS_Dummy                                 0x0800243f   Thumb Code     2  os_core.o(i.OS_Dummy)
    OS_EventTaskRdy                          0x08002441   Thumb Code   114  os_core.o(i.OS_EventTaskRdy)
    OS_EventTaskRemove                       0x080024c5   Thumb Code    42  os_core.o(i.OS_EventTaskRemove)
    OS_EventTaskWait                         0x080024f1   Thumb Code   112  os_core.o(i.OS_EventTaskWait)
    OS_EventWaitListInit                     0x0800256d   Thumb Code    28  os_core.o(i.OS_EventWaitListInit)
    OS_MemClr                                0x0800277d   Thumb Code    18  os_core.o(i.OS_MemClr)
    OS_QInit                                 0x08002791   Thumb Code    46  os_q.o(i.OS_QInit)
    OS_Sched                                 0x080027c9   Thumb Code    86  os_core.o(i.OS_Sched)
    OS_StrCopy                               0x08002869   Thumb Code    28  os_core.o(i.OS_StrCopy)
    OS_StrLen                                0x08002885   Thumb Code    20  os_core.o(i.OS_StrLen)
    OS_TCBInit                               0x08002899   Thumb Code   258  os_core.o(i.OS_TCBInit)
    OS_TaskIdle                              0x080029b5   Thumb Code    32  os_core.o(i.OS_TaskIdle)
    OS_TaskStat                              0x080029d9   Thumb Code   114  os_core.o(i.OS_TaskStat)
    OS_TaskStatStkChk                        0x08002a61   Thumb Code    54  os_core.o(i.OS_TaskStatStkChk)
    OS_TaskStkClr                            0x08002a9d   Thumb Code    26  os_task.o(i.OS_TaskStkClr)
    RCC_APB1PeriphClockCmd                   0x08002ab9   Thumb Code    26  stm32f10x_rcc.o(i.RCC_APB1PeriphClockCmd)
    RCC_APB2PeriphClockCmd                   0x08002ad9   Thumb Code    26  stm32f10x_rcc.o(i.RCC_APB2PeriphClockCmd)
    RCC_GetClocksFreq                        0x08002af9   Thumb Code   192  stm32f10x_rcc.o(i.RCC_GetClocksFreq)
    SVC_Handler                              0x08002bcd   Thumb Code     2  stm32f10x_it.o(i.SVC_Handler)
    SysTick_Handler                          0x08002cbd   Thumb Code    16  stm32f10x_it.o(i.SysTick_Handler)
    SysTick_init                             0x08002ccd   Thumb Code    84  bsp.o(i.SysTick_init)
    SystemInit                               0x08002d2d   Thumb Code    68  system_stm32f10x.o(i.SystemInit)
    Task_Start                               0x08002d7d   Thumb Code   194  app.o(i.Task_Start)
    Task_modbus                              0x08002ec1   Thumb Code   156  user_modbus.o(i.Task_modbus)
    Task_usart_wifi                          0x08002fcd   Thumb Code   836  user_usart_wifi.o(i.Task_usart_wifi)
    Task_wifi_request                        0x08003531   Thumb Code  2030  user_usart_wifi.o(i.Task_wifi_request)
    USART1_IRQHandler                        0x08003dd9   Thumb Code    16  stm32f10x_it.o(i.USART1_IRQHandler)
    USART2_IRQHandler                        0x08003de9   Thumb Code    16  stm32f10x_it.o(i.USART2_IRQHandler)
    USART3_IRQHandler                        0x08003df9   Thumb Code    16  stm32f10x_it.o(i.USART3_IRQHandler)
    USART_ClearITPendingBit                  0x08003e09   Thumb Code    20  stm32f10x_usart.o(i.USART_ClearITPendingBit)
    USART_Cmd                                0x08003e1d   Thumb Code    24  stm32f10x_usart.o(i.USART_Cmd)
    USART_GetFlagStatus                      0x08003e35   Thumb Code    18  stm32f10x_usart.o(i.USART_GetFlagStatus)
    USART_GetITStatus                        0x08003e47   Thumb Code    76  stm32f10x_usart.o(i.USART_GetITStatus)
    USART_ITConfig                           0x08003e93   Thumb Code    64  stm32f10x_usart.o(i.USART_ITConfig)
    USART_Init                               0x08003ed5   Thumb Code   150  stm32f10x_usart.o(i.USART_Init)
    USART_ReceiveData                        0x08003f71   Thumb Code    10  stm32f10x_usart.o(i.USART_ReceiveData)
    USART_SendData                           0x08003f7b   Thumb Code     8  stm32f10x_usart.o(i.USART_SendData)
    UsageFault_Handler                       0x08003f83   Thumb Code     4  stm32f10x_it.o(i.UsageFault_Handler)
    Usart_SendBytes                          0x08003f87   Thumb Code    42  user_usart.o(i.Usart_SendBytes)
    Usart_SendOneByte                        0x08003fb1   Thumb Code    30  user_usart.o(i.Usart_SendOneByte)
    WIFI_USART_RB_Initialize                 0x08003fd1   Thumb Code    16  user_usart_wifi.o(i.WIFI_USART_RB_Initialize)
    __0printf                                0x08003fe9   Thumb Code    22  printfa.o(i.__0printf)
    __1printf                                0x08003fe9   Thumb Code     0  printfa.o(i.__0printf)
    __2printf                                0x08003fe9   Thumb Code     0  printfa.o(i.__0printf)
    __c89printf                              0x08003fe9   Thumb Code     0  printfa.o(i.__0printf)
    printf                                   0x08003fe9   Thumb Code     0  printfa.o(i.__0printf)
    __0sprintf                               0x08004009   Thumb Code    34  printfa.o(i.__0sprintf)
    __1sprintf                               0x08004009   Thumb Code     0  printfa.o(i.__0sprintf)
    __2sprintf                               0x08004009   Thumb Code     0  printfa.o(i.__0sprintf)
    __c89sprintf                             0x08004009   Thumb Code     0  printfa.o(i.__0sprintf)
    sprintf                                  0x08004009   Thumb Code     0  printfa.o(i.__0sprintf)
    __scatterload_copy                       0x08004031   Thumb Code    14  handlers.o(i.__scatterload_copy)
    __scatterload_null                       0x0800403f   Thumb Code     2  handlers.o(i.__scatterload_null)
    __scatterload_zeroinit                   0x08004041   Thumb Code    14  handlers.o(i.__scatterload_zeroinit)
    cJSON_AddItemToArray                     0x0800490d   Thumb Code    44  cjson.o(i.cJSON_AddItemToArray)
    cJSON_AddItemToObject                    0x08004939   Thumb Code    48  cjson.o(i.cJSON_AddItemToObject)
    cJSON_AddItemToObjectCS                  0x0800496d   Thumb Code    56  cjson.o(i.cJSON_AddItemToObjectCS)
    cJSON_CreateNumber                       0x080049a9   Thumb Code    82  cjson.o(i.cJSON_CreateNumber)
    cJSON_CreateObject                       0x08004a0d   Thumb Code    20  cjson.o(i.cJSON_CreateObject)
    cJSON_Delete                             0x08004a25   Thumb Code    84  cjson.o(i.cJSON_Delete)
    cJSON_InitHooks                          0x08004a7d   Thumb Code    82  cjson.o(i.cJSON_InitHooks)
    cJSON_PrintUnformatted                   0x08004afd   Thumb Code    16  cjson.o(i.cJSON_PrintUnformatted)
    calculate_check_sum                      0x08004b49   Thumb Code    44  user_modbus.o(i.calculate_check_sum)
    calculate_checksum                       0x08004b75   Thumb Code    44  user_config.o(i.calculate_checksum)
    clear_rx_buff                            0x08004ba1   Thumb Code    30  user_config.o(i.clear_rx_buff)
    deal_user_config_info                    0x08004be5   Thumb Code   572  user_config.o(i.deal_user_config_info)
    empty_rx_buff                            0x08004f2f   Thumb Code    34  user_usart_wifi.o(i.empty_rx_buff)
    flash_embedded_read                      0x0800500d   Thumb Code    76  user_flash.o(i.flash_embedded_read)
    flash_embedded_write                     0x0800505d   Thumb Code   140  user_flash.o(i.flash_embedded_write)
    fputc                                    0x080050f9   Thumb Code    32  user_usart1.o(i.fputc)
    frame_check                              0x0800511d   Thumb Code    46  user_config.o(i.frame_check)
    is_queue_empty                           0x08005155   Thumb Code    54  app.o(i.is_queue_empty)
    is_queue_full                            0x0800518b   Thumb Code    60  app.o(i.is_queue_full)
    main                                     0x080051cd   Thumb Code    36  main.o(i.main)
    mem_free                                 0x080051f9   Thumb Code    96  malloc.o(i.mem_free)
    mem_free_size                            0x08005265   Thumb Code    38  malloc.o(i.mem_free_size)
    mem_init                                 0x08005295   Thumb Code    54  malloc.o(i.mem_init)
    mem_malloc                               0x080052d9   Thumb Code   164  malloc.o(i.mem_malloc)
    mem_perused                              0x08005389   Thumb Code    44  malloc.o(i.mem_perused)
    modbus_usart_handler                     0x080053bd   Thumb Code    54  user_modbus.o(i.modbus_usart_handler)
    moubus_loop                              0x080053f9   Thumb Code   456  user_modbus.o(i.moubus_loop)
    myfree                                   0x08005655   Thumb Code    26  malloc.o(i.myfree)
    mymalloc                                 0x08005675   Thumb Code    30  malloc.o(i.mymalloc)
    mymemcpy                                 0x08005699   Thumb Code    26  malloc.o(i.mymemcpy)
    mymemset                                 0x080056b3   Thumb Code    20  malloc.o(i.mymemset)
    myrealloc                                0x080056c9   Thumb Code    52  malloc.o(i.myrealloc)
    parse_string_key                         0x08005701   Thumb Code   248  user_config.o(i.parse_string_key)
    print_config                             0x08005959   Thumb Code   154  user_config.o(i.print_config)
    rbClear                                  0x08005f49   Thumb Code    14  ringbuffer.o(i.rbClear)
    rbInitialize                             0x08005f57   Thumb Code    18  ringbuffer.o(i.rbInitialize)
    rbIsEmpty                                0x08005f69   Thumb Code    18  ringbuffer.o(i.rbIsEmpty)
    rbPop                                    0x08005f7b   Thumb Code    42  ringbuffer.o(i.rbPop)
    rbPush                                   0x08005fa5   Thumb Code    36  ringbuffer.o(i.rbPush)
    read_user_configs                        0x08005fc9   Thumb Code   136  user_config.o(i.read_user_configs)
    read_user_one_config                     0x08006095   Thumb Code   228  user_config.o(i.read_user_one_config)
    rs485_control_pin_config                 0x080061d5   Thumb Code    50  user_modbus.o(i.rs485_control_pin_config)
    send_data_to_buffer                      0x0800620d   Thumb Code   444  user_modbus.o(i.send_data_to_buffer)
    send_response_data_to_wifi               0x08006421   Thumb Code   596  user_usart_wifi.o(i.send_response_data_to_wifi)
    uart_printf_array                        0x08006771   Thumb Code    74  user_usart_wifi.o(i.uart_printf_array)
    usart1_config                            0x080067f5   Thumb Code   138  user_usart1.o(i.usart1_config)
    usart2_config                            0x08006885   Thumb Code   134  user_usart2.o(i.usart2_config)
    usart3_config                            0x08006911   Thumb Code   138  user_usart3.o(i.usart3_config)
    user_config_response                     0x080069a1   Thumb Code    78  user_config.o(i.user_config_response)
    user_config_uart_sendbytes               0x080069f9   Thumb Code    40  user_config.o(i.user_config_uart_sendbytes)
    user_config_usart_handler                0x08006a25   Thumb Code    80  user_config.o(i.user_config_usart_handler)
    user_flash_page_earse                    0x08006a81   Thumb Code    24  user_config.o(i.user_flash_page_earse)
    wifi_usart_begin                         0x08006a9d   Thumb Code     8  user_usart_wifi.o(i.wifi_usart_begin)
    wifi_usart_handler                       0x08006aa5   Thumb Code    54  user_usart_wifi.o(i.wifi_usart_handler)
    wifi_usart_read                          0x08006ae1   Thumb Code    24  user_usart_wifi.o(i.wifi_usart_read)
    wifi_usart_recv_available                0x08006afd   Thumb Code    32  user_usart_wifi.o(i.wifi_usart_recv_available)
    wifi_usart_recv_handler                  0x08006b21   Thumb Code    22  user_usart_wifi.o(i.wifi_usart_recv_handler)
    wifi_usart_sendbytes                     0x08006b41   Thumb Code    30  user_usart_wifi.o(i.wifi_usart_sendbytes)
    write_user_config                        0x08006b71   Thumb Code   170  user_config.o(i.write_user_config)
    SystemFrequency                          0x08006cc4   Data           4  system_stm32f10x.o(.constdata)
    SystemFrequency_SysClk                   0x08006cc8   Data           4  system_stm32f10x.o(.constdata)
    SystemFrequency_AHBClk                   0x08006ccc   Data           4  system_stm32f10x.o(.constdata)
    SystemFrequency_APB1Clk                  0x08006cd0   Data           4  system_stm32f10x.o(.constdata)
    SystemFrequency_APB2Clk                  0x08006cd4   Data           4  system_stm32f10x.o(.constdata)
    OSUnMapTbl                               0x08006cd8   Data         256  os_core.o(.constdata)
    memtblsize                               0x08006dd8   Data           4  malloc.o(.constdata)
    memblksize                               0x08006ddc   Data           4  malloc.o(.constdata)
    memsize                                  0x08006de0   Data           4  malloc.o(.constdata)
    Region$$Table$$Base                      0x08006de4   Number         0  anon$$obj.o(Region$$Table)
    Region$$Table$$Limit                     0x08006e04   Number         0  anon$$obj.o(Region$$Table)
    stdio_tx_mutex                           0x20000000   Data           4  main.o(.data)
    config_rx_index                          0x20000004   Data           1  user_config.o(.data)
    wifi_usart_tx_mutex                      0x20000008   Data           4  user_usart_wifi.o(.data)
    wifi_usart_res_queue                     0x2000000c   Data           4  user_usart_wifi.o(.data)
    wifi_request_queue                       0x20000010   Data           4  user_usart_wifi.o(.data)
    wifi_usart_res_msg                       0x20000014   Data           4  user_usart_wifi.o(.data)
    wifi_request_msg                         0x20000018   Data           4  user_usart_wifi.o(.data)
    wifi_usart_rx_index                      0x2000001c   Data           1  user_usart_wifi.o(.data)
    modbus_mutex                             0x20000020   Data           4  user_modbus.o(.data)
    OSCtxSwCtr                               0x20000038   Data           4  os_core.o(.data)
    OSEventFreeList                          0x2000003c   Data           4  os_core.o(.data)
    OSCPUUsage                               0x20000040   Data           1  os_core.o(.data)
    OSIdleCtrMax                             0x20000044   Data           4  os_core.o(.data)
    OSIdleCtrRun                             0x20000048   Data           4  os_core.o(.data)
    OSStatRdy                                0x2000004c   Data           1  os_core.o(.data)
    OSIntNesting                             0x2000004d   Data           1  os_core.o(.data)
    OSLockNesting                            0x2000004e   Data           1  os_core.o(.data)
    OSPrioCur                                0x2000004f   Data           1  os_core.o(.data)
    OSPrioHighRdy                            0x20000050   Data           1  os_core.o(.data)
    OSRdyGrp                                 0x20000051   Data           1  os_core.o(.data)
    OSRdyTbl                                 0x20000052   Data           4  os_core.o(.data)
    OSRunning                                0x20000056   Data           1  os_core.o(.data)
    OSTaskCtr                                0x20000057   Data           1  os_core.o(.data)
    OSIdleCtr                                0x20000058   Data           4  os_core.o(.data)
    OSTCBCur                                 0x2000005c   Data           4  os_core.o(.data)
    OSTCBFreeList                            0x20000060   Data           4  os_core.o(.data)
    OSTCBHighRdy                             0x20000064   Data           4  os_core.o(.data)
    OSTCBList                                0x20000068   Data           4  os_core.o(.data)
    OSTickStepState                          0x2000006c   Data           1  os_core.o(.data)
    OSQFreeList                              0x20000070   Data           4  os_core.o(.data)
    OSTime                                   0x20000074   Data           4  os_core.o(.data)
    mallco_dev                               0x20000078   Data          20  malloc.o(.data)
    _u8MBSlave                               0x2000008c   Data           1  modbus_master.o(.data)
    _u16ReadAddress                          0x2000008e   Data           2  modbus_master.o(.data)
    _u16ReadQty                              0x20000090   Data           2  modbus_master.o(.data)
    _u16WriteAddress                         0x20000092   Data           2  modbus_master.o(.data)
    _u16WriteQty                             0x20000094   Data           2  modbus_master.o(.data)
    txBuffer                                 0x20000098   Data           4  modbus_master.o(.data)
    _u8TransmitBufferIndex                   0x2000009c   Data           1  modbus_master.o(.data)
    u16TransmitBufferLength                  0x2000009e   Data           2  modbus_master.o(.data)
    rxBuffer                                 0x200000a0   Data           4  modbus_master.o(.data)
    _u8ResponseBufferIndex                   0x200000a4   Data           1  modbus_master.o(.data)
    _u8ResponseBufferLength                  0x200000a5   Data           1  modbus_master.o(.data)
    ku16MBResponseTimeout                    0x200000a6   Data           2  modbus_master.o(.data)
    _idle                                    0x200000a8   Data           4  modbus_master.o(.data)
    _preTransmission                         0x200000ac   Data           4  modbus_master.o(.data)
    _postTransmission                        0x200000b0   Data           4  modbus_master.o(.data)
    __stdout                                 0x200000c8   Data           4  stdout.o(.data)
    startup_task_stk                         0x200000d0   Data         320  main.o(.bss)
    user_config_rx_buff                      0x20000210   Data         150  user_config.o(.bss)
    user_configs_info                        0x200002a8   Data          24  user_config.o(.bss)
    wifi_usart_rx_buff                       0x200002c0   Data         200  user_usart_wifi.o(.bss)
    m_Wifi_Uasrt_RingBuff                    0x20000388   Data          20  user_usart_wifi.o(.bss)
    next_readtimes                           0x2000039c   Data          20  user_modbus.o(.bss)
    wifi_request_stk                         0x200003b0   Data         600  app.o(.bss)
    modbus_task_stk                          0x20000608   Data         800  app.o(.bss)
    user_config_task_stk                     0x20000928   Data         400  app.o(.bss)
    usart_wifi_task_stk                      0x20000ab8   Data        1024  app.o(.bss)
    OSEventTbl                               0x20000eb8   Data         320  os_core.o(.bss)
    OSTaskStatStk                            0x20000ff8   Data         512  os_core.o(.bss)
    OSTaskIdleStk                            0x200011f8   Data         512  os_core.o(.bss)
    OSTCBPrioTbl                             0x200013f8   Data         128  os_core.o(.bss)
    OSTCBTbl                                 0x20001478   Data        1512  os_core.o(.bss)
    OSQTbl                                   0x20001a60   Data         144  os_core.o(.bss)
    mem1base                                 0x20001af0   Data       10240  malloc.o(.bss)
    mem1mapbase                              0x200042f0   Data         640  malloc.o(.bss)
    _u16ResponseBuffer                       0x20004570   Data          94  modbus_master.o(.bss)
    _u16TransmitBuffer                       0x200045ce   Data          94  modbus_master.o(.bss)
    m_Modbus_Master_RX_RingBuff              0x2000462c   Data          20  trans_recieve_buff_control.o(.bss)
    m_Modbus_Master_RX_Buff                  0x20004640   Data         150  trans_recieve_buff_control.o(.bss)
    __initial_sp                             0x200048d8   Data           0  startup_stm32f10x_hd.o(STACK)



==============================================================================

Memory Map of the image

  Image Entry point : 0x08000131

  Load Region LR_IROM1 (Base: 0x08000000, Size: 0x00006ed0, Max: 0x00010000, ABSOLUTE)

    Execution Region ER_IROM1 (Base: 0x08000000, Size: 0x00006e04, Max: 0x00010000, ABSOLUTE)

    Base Addr    Size         Type   Attr      Idx    E Section Name        Object

    0x08000000   0x00000130   Data   RO            3    RESET               startup_stm32f10x_hd.o
    0x08000130   0x00000000   Code   RO         2945  * .ARM.Collect$$$$00000000  mc_w.l(entry.o)
    0x08000130   0x00000004   Code   RO         3243    .ARM.Collect$$$$00000001  mc_w.l(entry2.o)
    0x08000134   0x00000004   Code   RO         3246    .ARM.Collect$$$$00000004  mc_w.l(entry5.o)
    0x08000138   0x00000000   Code   RO         3248    .ARM.Collect$$$$00000008  mc_w.l(entry7b.o)
    0x08000138   0x00000000   Code   RO         3250    .ARM.Collect$$$$0000000A  mc_w.l(entry8b.o)
    0x08000138   0x00000008   Code   RO         3251    .ARM.Collect$$$$0000000B  mc_w.l(entry9a.o)
    0x08000140   0x00000000   Code   RO         3253    .ARM.Collect$$$$0000000D  mc_w.l(entry10a.o)
    0x08000140   0x00000000   Code   RO         3255    .ARM.Collect$$$$0000000F  mc_w.l(entry11a.o)
    0x08000140   0x00000004   Code   RO         3244    .ARM.Collect$$$$00002712  mc_w.l(entry2.o)
    0x08000144   0x00000030   Code   RO            4    .text               startup_stm32f10x_hd.o
    0x08000174   0x000000a4   Code   RO         1953    .text               os_cpu_a.o
    0x08000218   0x00000024   Code   RO         2950    .text               mc_w.l(memcpya.o)
    0x0800023c   0x00000024   Code   RO         2952    .text               mc_w.l(memseta.o)
    0x08000260   0x00000018   Code   RO         2954    .text               mc_w.l(strncpy.o)
    0x08000278   0x0000000e   Code   RO         2956    .text               mc_w.l(strlen.o)
    0x08000286   0x00000012   Code   RO         2960    .text               mc_w.l(strcpy.o)
    0x08000298   0x0000007c   Code   RO         3227    .text               mf_w.l(fdiv.o)
    0x08000314   0x000000e4   Code   RO         3229    .text               mf_w.l(dmul.o)
    0x080003f8   0x0000000a   Code   RO         3231    .text               mf_w.l(ffltui.o)
    0x08000402   0x0000003e   Code   RO         3235    .text               mf_w.l(dfixi.o)
    0x08000440   0x00000026   Code   RO         3237    .text               mf_w.l(f2d.o)
    0x08000466   0x00000002   PAD
    0x08000468   0x00000030   Code   RO         3239    .text               mf_w.l(cdcmple.o)
    0x08000498   0x00000030   Code   RO         3241    .text               mf_w.l(cdrcmple.o)
    0x080004c8   0x0000002c   Code   RO         3258    .text               mc_w.l(uidiv.o)
    0x080004f4   0x00000062   Code   RO         3260    .text               mc_w.l(uldiv.o)
    0x08000556   0x00000020   Code   RO         3262    .text               mc_w.l(llushr.o)
    0x08000576   0x00000000   Code   RO         3266    .text               mc_w.l(iusefp.o)
    0x08000576   0x0000006e   Code   RO         3267    .text               mf_w.l(fepilogue.o)
    0x080005e4   0x000000ba   Code   RO         3269    .text               mf_w.l(depilogue.o)
    0x0800069e   0x0000014e   Code   RO         3271    .text               mf_w.l(dadd.o)
    0x080007ec   0x000000de   Code   RO         3273    .text               mf_w.l(ddiv.o)
    0x080008ca   0x00000030   Code   RO         3275    .text               mf_w.l(dfixul.o)
    0x080008fa   0x00000002   PAD
    0x080008fc   0x00000024   Code   RO         3277    .text               mc_w.l(init.o)
    0x08000920   0x0000001e   Code   RO         3279    .text               mc_w.l(llshl.o)
    0x0800093e   0x00000024   Code   RO         3281    .text               mc_w.l(llsshr.o)
    0x08000962   0x00000002   PAD
    0x08000964   0x00000024   Code   RO         1373    i.BSP_Init          bsp.o
    0x08000988   0x00000004   Code   RO          148    i.BusFault_Handler  stm32f10x_it.o
    0x0800098c   0x00000002   Code   RO          149    i.DebugMon_Handler  stm32f10x_it.o
    0x0800098e   0x00000002   PAD
    0x08000990   0x0000000c   Code   RO          704    i.FLASH_ClearFlag   stm32f10x_flash.o
    0x0800099c   0x00000050   Code   RO          708    i.FLASH_ErasePage   stm32f10x_flash.o
    0x080009ec   0x00000034   Code   RO          712    i.FLASH_GetStatus   stm32f10x_flash.o
    0x08000a20   0x00000014   Code   RO          717    i.FLASH_Lock        stm32f10x_flash.o
    0x08000a34   0x00000068   Code   RO          721    i.FLASH_ProgramWord  stm32f10x_flash.o
    0x08000a9c   0x00000018   Code   RO          724    i.FLASH_Unlock      stm32f10x_flash.o
    0x08000ab4   0x0000002a   Code   RO          726    i.FLASH_WaitForLastOperation  stm32f10x_flash.o
    0x08000ade   0x00000116   Code   RO          858    i.GPIO_Init         stm32f10x_gpio.o
    0x08000bf4   0x00000004   Code   RO          865    i.GPIO_ResetBits    stm32f10x_gpio.o
    0x08000bf8   0x00000004   Code   RO          866    i.GPIO_SetBits      stm32f10x_gpio.o
    0x08000bfc   0x00000004   Code   RO          150    i.HardFault_Handler  stm32f10x_it.o
    0x08000c00   0x0000005c   Code   RO          555    i.MODBUS_RS485_SendBytes  user_modbus.o
    0x08000c5c   0x00000004   Code   RO          151    i.MemManage_Handler  stm32f10x_it.o
    0x08000c60   0x00000564   Code   RO         2112    i.ModbusMaster_ModbusMasterTransaction  modbus_master.o
    0x080011c4   0x0000001c   Code   RO         2114    i.ModbusMaster_begin  modbus_master.o
    0x080011e0   0x00000028   Code   RO         2120    i.ModbusMaster_readCoils  modbus_master.o
    0x08001208   0x00000028   Code   RO         2123    i.ModbusMaster_readInputRegisters  modbus_master.o
    0x08001230   0x00000028   Code   RO         2132    i.ModbusMaster_writeMultipleCoils  modbus_master.o
    0x08001258   0x00000028   Code   RO         2133    i.ModbusMaster_writeMultipleRegisters  modbus_master.o
    0x08001280   0x00000034   Code   RO         2134    i.ModbusMaster_writeSingleCoil  modbus_master.o
    0x080012b4   0x00000034   Code   RO         2135    i.ModbusMaster_writeSingleRegister  modbus_master.o
    0x080012e8   0x00000014   Code   RO         2352    i.Modbus_Master_GetByte  trans_recieve_buff_control.o
    0x080012fc   0x00000008   Code   RO         2353    i.Modbus_Master_Millis  trans_recieve_buff_control.o
    0x08001304   0x00000018   Code   RO         2354    i.Modbus_Master_RB_Initialize  trans_recieve_buff_control.o
    0x0800131c   0x0000001c   Code   RO         2355    i.Modbus_Master_Read  trans_recieve_buff_control.o
    0x08001338   0x00000024   Code   RO         2356    i.Modbus_Master_Rece_Available  trans_recieve_buff_control.o
    0x0800135c   0x00000010   Code   RO         2357    i.Modbus_Master_Rece_Flush  trans_recieve_buff_control.o
    0x0800136c   0x0000001c   Code   RO         2358    i.Modbus_Master_Rece_Handler  trans_recieve_buff_control.o
    0x08001388   0x00000020   Code   RO         2359    i.Modbus_Master_Write  trans_recieve_buff_control.o
    0x080013a8   0x00000002   Code   RO          152    i.NMI_Handler       stm32f10x_it.o
    0x080013aa   0x00000020   Code   RO          373    i.NVIC_Configuration  user_usart1.o
    0x080013ca   0x00000022   Code   RO          402    i.NVIC_Configuration  user_usart2.o
    0x080013ec   0x00000022   Code   RO          422    i.NVIC_Configuration  user_usart3.o
    0x0800140e   0x00000002   PAD
    0x08001410   0x00000070   Code   RO          623    i.NVIC_Init         misc.o
    0x08001480   0x00000028   Code   RO         1445    i.OSInit            os_core.o
    0x080014a8   0x00000002   Code   RO         1956    i.OSInitHookBegin   os_cpu_c.o
    0x080014aa   0x00000002   Code   RO         1957    i.OSInitHookEnd     os_cpu_c.o
    0x080014ac   0x00000024   Code   RO         1446    i.OSIntEnter        os_core.o
    0x080014d0   0x00000090   Code   RO         1447    i.OSIntExit         os_core.o
    0x08001560   0x000000b0   Code   RO         1661    i.OSMutexCreate     os_mutex.o
    0x08001610   0x00000240   Code   RO         1663    i.OSMutexPend       os_mutex.o
    0x08001850   0x000000d0   Code   RO         1664    i.OSMutexPost       os_mutex.o
    0x08001920   0x0000007c   Code   RO         1666    i.OSMutex_RdyAtPrio  os_mutex.o
    0x0800199c   0x000000a4   Code   RO         1708    i.OSQCreate         os_q.o
    0x08001a40   0x00000134   Code   RO         1711    i.OSQPend           os_q.o
    0x08001b74   0x00000078   Code   RO         1713    i.OSQPost           os_q.o
    0x08001bec   0x00000070   Code   RO         1716    i.OSQQuery          os_q.o
    0x08001c5c   0x00000048   Code   RO         1450    i.OSStart           os_core.o
    0x08001ca4   0x00000002   Code   RO         1958    i.OSTCBInitHook     os_cpu_c.o
    0x08001ca6   0x00000002   PAD
    0x08001ca8   0x000000ac   Code   RO         1834    i.OSTaskCreate      os_task.o
    0x08001d54   0x000000c0   Code   RO         1835    i.OSTaskCreateExt   os_task.o
    0x08001e14   0x00000002   Code   RO         1959    i.OSTaskCreateHook  os_cpu_c.o
    0x08001e16   0x00000002   PAD
    0x08001e18   0x00000158   Code   RO         1836    i.OSTaskDel         os_task.o
    0x08001f70   0x00000002   Code   RO         1960    i.OSTaskDelHook     os_cpu_c.o
    0x08001f72   0x00000002   Code   RO         1961    i.OSTaskIdleHook    os_cpu_c.o
    0x08001f74   0x000000ac   Code   RO         1839    i.OSTaskNameSet     os_task.o
    0x08002020   0x00000002   Code   RO         1962    i.OSTaskStatHook    os_cpu_c.o
    0x08002022   0x00000002   PAD
    0x08002024   0x000000a0   Code   RO         1842    i.OSTaskStkChk      os_task.o
    0x080020c4   0x0000009a   Code   RO         1963    i.OSTaskStkInit     os_cpu_c.o
    0x0800215e   0x00000002   PAD
    0x08002160   0x000000bc   Code   RO         1843    i.OSTaskSuspend     os_task.o
    0x0800221c   0x00000002   Code   RO         1964    i.OSTaskSwHook      os_cpu_c.o
    0x0800221e   0x00000002   PAD
    0x08002220   0x00000070   Code   RO         1911    i.OSTimeDly         os_time.o
    0x08002290   0x000000a4   Code   RO         1912    i.OSTimeDlyHMSM     os_time.o
    0x08002334   0x0000001c   Code   RO         1914    i.OSTimeGet         os_time.o
    0x08002350   0x000000ec   Code   RO         1452    i.OSTimeTick        os_core.o
    0x0800243c   0x00000002   Code   RO         1965    i.OSTimeTickHook    os_cpu_c.o
    0x0800243e   0x00000002   Code   RO         1454    i.OS_Dummy          os_core.o
    0x08002440   0x00000084   Code   RO         1455    i.OS_EventTaskRdy   os_core.o
    0x080024c4   0x0000002a   Code   RO         1456    i.OS_EventTaskRemove  os_core.o
    0x080024ee   0x00000002   PAD
    0x080024f0   0x0000007c   Code   RO         1457    i.OS_EventTaskWait  os_core.o
    0x0800256c   0x0000001c   Code   RO         1458    i.OS_EventWaitListInit  os_core.o
    0x08002588   0x00000050   Code   RO         1459    i.OS_InitEventList  os_core.o
    0x080025d8   0x00000054   Code   RO         1460    i.OS_InitMisc       os_core.o
    0x0800262c   0x00000048   Code   RO         1461    i.OS_InitRdyList    os_core.o
    0x08002674   0x00000068   Code   RO         1462    i.OS_InitTCBList    os_core.o
    0x080026dc   0x00000050   Code   RO         1463    i.OS_InitTaskIdle   os_core.o
    0x0800272c   0x00000050   Code   RO         1464    i.OS_InitTaskStat   os_core.o
    0x0800277c   0x00000012   Code   RO         1465    i.OS_MemClr         os_core.o
    0x0800278e   0x00000002   PAD
    0x08002790   0x00000038   Code   RO         1717    i.OS_QInit          os_q.o
    0x080027c8   0x00000074   Code   RO         1467    i.OS_Sched          os_core.o
    0x0800283c   0x0000002c   Code   RO         1468    i.OS_SchedNew       os_core.o
    0x08002868   0x0000001c   Code   RO         1469    i.OS_StrCopy        os_core.o
    0x08002884   0x00000014   Code   RO         1470    i.OS_StrLen         os_core.o
    0x08002898   0x0000011c   Code   RO         1471    i.OS_TCBInit        os_core.o
    0x080029b4   0x00000024   Code   RO         1472    i.OS_TaskIdle       os_core.o
    0x080029d8   0x00000088   Code   RO         1473    i.OS_TaskStat       os_core.o
    0x08002a60   0x0000003c   Code   RO         1474    i.OS_TaskStatStkChk  os_core.o
    0x08002a9c   0x0000001a   Code   RO         1844    i.OS_TaskStkClr     os_task.o
    0x08002ab6   0x00000002   PAD
    0x08002ab8   0x00000020   Code   RO         1131    i.RCC_APB1PeriphClockCmd  stm32f10x_rcc.o
    0x08002ad8   0x00000020   Code   RO         1133    i.RCC_APB2PeriphClockCmd  stm32f10x_rcc.o
    0x08002af8   0x000000d4   Code   RO         1141    i.RCC_GetClocksFreq  stm32f10x_rcc.o
    0x08002bcc   0x00000002   Code   RO          154    i.SVC_Handler       stm32f10x_it.o
    0x08002bce   0x00000008   Code   RO         1339    i.SetSysClock       system_stm32f10x.o
    0x08002bd6   0x00000002   PAD
    0x08002bd8   0x000000e4   Code   RO         1340    i.SetSysClockTo72   system_stm32f10x.o
    0x08002cbc   0x00000010   Code   RO          155    i.SysTick_Handler   stm32f10x_it.o
    0x08002ccc   0x00000060   Code   RO         1374    i.SysTick_init      bsp.o
    0x08002d2c   0x00000050   Code   RO         1341    i.SystemInit        system_stm32f10x.o
    0x08002d7c   0x00000144   Code   RO         1405    i.Task_Start        app.o
    0x08002ec0   0x0000010c   Code   RO          556    i.Task_modbus       user_modbus.o
    0x08002fcc   0x00000550   Code   RO          442    i.Task_usart_wifi   user_usart_wifi.o
    0x0800351c   0x00000014   Code   RO         1406    i.Task_user_config  app.o
    0x08003530   0x000008a8   Code   RO          443    i.Task_wifi_request  user_usart_wifi.o
    0x08003dd8   0x00000010   Code   RO          156    i.USART1_IRQHandler  stm32f10x_it.o
    0x08003de8   0x00000010   Code   RO          157    i.USART2_IRQHandler  stm32f10x_it.o
    0x08003df8   0x00000010   Code   RO          158    i.USART3_IRQHandler  stm32f10x_it.o
    0x08003e08   0x00000014   Code   RO          962    i.USART_ClearITPendingBit  stm32f10x_usart.o
    0x08003e1c   0x00000018   Code   RO          965    i.USART_Cmd         stm32f10x_usart.o
    0x08003e34   0x00000012   Code   RO          968    i.USART_GetFlagStatus  stm32f10x_usart.o
    0x08003e46   0x0000004c   Code   RO          969    i.USART_GetITStatus  stm32f10x_usart.o
    0x08003e92   0x00000040   Code   RO          971    i.USART_ITConfig    stm32f10x_usart.o
    0x08003ed2   0x00000002   PAD
    0x08003ed4   0x0000009c   Code   RO          972    i.USART_Init        stm32f10x_usart.o
    0x08003f70   0x0000000a   Code   RO          977    i.USART_ReceiveData  stm32f10x_usart.o
    0x08003f7a   0x00000008   Code   RO          980    i.USART_SendData    stm32f10x_usart.o
    0x08003f82   0x00000004   Code   RO          159    i.UsageFault_Handler  stm32f10x_it.o
    0x08003f86   0x0000002a   Code   RO          352    i.Usart_SendBytes   user_usart.o
    0x08003fb0   0x0000001e   Code   RO          353    i.Usart_SendOneByte  user_usart.o
    0x08003fce   0x00000002   PAD
    0x08003fd0   0x00000018   Code   RO          444    i.WIFI_USART_RB_Initialize  user_usart_wifi.o
    0x08003fe8   0x00000020   Code   RO         3199    i.__0printf         mc_w.l(printfa.o)
    0x08004008   0x00000028   Code   RO         3201    i.__0sprintf        mc_w.l(printfa.o)
    0x08004030   0x0000000e   Code   RO         3300    i.__scatterload_copy  mc_w.l(handlers.o)
    0x0800403e   0x00000002   Code   RO         3301    i.__scatterload_null  mc_w.l(handlers.o)
    0x08004040   0x0000000e   Code   RO         3302    i.__scatterload_zeroinit  mc_w.l(handlers.o)
    0x0800404e   0x00000002   PAD
    0x08004050   0x00000184   Code   RO         3206    i._fp_digits        mc_w.l(printfa.o)
    0x080041d4   0x000006dc   Code   RO         3207    i._printf_core      mc_w.l(printfa.o)
    0x080048b0   0x00000024   Code   RO         3208    i._printf_post_padding  mc_w.l(printfa.o)
    0x080048d4   0x0000002e   Code   RO         3209    i._printf_pre_padding  mc_w.l(printfa.o)
    0x08004902   0x0000000a   Code   RO         3211    i._sputc            mc_w.l(printfa.o)
    0x0800490c   0x0000002c   Code   RO         2412    i.cJSON_AddItemToArray  cjson.o
    0x08004938   0x00000034   Code   RO         2413    i.cJSON_AddItemToObject  cjson.o
    0x0800496c   0x0000003c   Code   RO         2414    i.cJSON_AddItemToObjectCS  cjson.o
    0x080049a8   0x00000064   Code   RO         2423    i.cJSON_CreateNumber  cjson.o
    0x08004a0c   0x00000018   Code   RO         2424    i.cJSON_CreateObject  cjson.o
    0x08004a24   0x00000058   Code   RO         2429    i.cJSON_Delete      cjson.o
    0x08004a7c   0x00000064   Code   RO         2444    i.cJSON_InitHooks   cjson.o
    0x08004ae0   0x0000001a   Code   RO         2457    i.cJSON_New_Item    cjson.o
    0x08004afa   0x00000002   PAD
    0x08004afc   0x00000014   Code   RO         2463    i.cJSON_PrintUnformatted  cjson.o
    0x08004b10   0x00000038   Code   RO         2472    i.cJSON_strdup      cjson.o
    0x08004b48   0x0000002c   Code   RO          557    i.calculate_check_sum  user_modbus.o
    0x08004b74   0x0000002c   Code   RO          260    i.calculate_checksum  user_config.o
    0x08004ba0   0x00000024   Code   RO          261    i.clear_rx_buff     user_config.o
    0x08004bc4   0x00000020   Code   RO         2136    i.crc16_update      modbus_master.o
    0x08004be4   0x00000330   Code   RO          262    i.deal_user_config_info  user_config.o
    0x08004f14   0x0000001a   Code   RO          727    i.delay             stm32f10x_flash.o
    0x08004f2e   0x00000022   Code   RO          446    i.empty_rx_buff     user_usart_wifi.o
    0x08004f50   0x000000ba   Code   RO         2475    i.ensure            cjson.o
    0x0800500a   0x00000002   PAD
    0x0800500c   0x00000050   Code   RO          239    i.flash_embedded_read  user_flash.o
    0x0800505c   0x0000009c   Code   RO          240    i.flash_embedded_write  user_flash.o
    0x080050f8   0x00000024   Code   RO          374    i.fputc             user_usart1.o
    0x0800511c   0x0000002e   Code   RO          263    i.frame_check       user_config.o
    0x0800514a   0x00000004   Code   RO         2477    i.get_decimal_point  cjson.o
    0x0800514e   0x00000006   Code   RO         2137    i.highByte          modbus_master.o
    0x08005154   0x00000036   Code   RO         1408    i.is_queue_empty    app.o
    0x0800518a   0x0000003c   Code   RO         1409    i.is_queue_full     app.o
    0x080051c6   0x00000006   Code   RO         2138    i.lowByte           modbus_master.o
    0x080051cc   0x0000002c   Code   RO           11    i.main              main.o
    0x080051f8   0x0000006c   Code   RO         2038    i.mem_free          malloc.o
    0x08005264   0x00000030   Code   RO         2039    i.mem_free_size     malloc.o
    0x08005294   0x00000044   Code   RO         2040    i.mem_init          malloc.o
    0x080052d8   0x000000b0   Code   RO         2041    i.mem_malloc        malloc.o
    0x08005388   0x00000034   Code   RO         2042    i.mem_perused       malloc.o
    0x080053bc   0x0000003c   Code   RO          559    i.modbus_usart_handler  user_modbus.o
    0x080053f8   0x0000025c   Code   RO          560    i.moubus_loop       user_modbus.o
    0x08005654   0x00000020   Code   RO         2043    i.myfree            malloc.o
    0x08005674   0x00000024   Code   RO         2044    i.mymalloc          malloc.o
    0x08005698   0x0000001a   Code   RO         2045    i.mymemcpy          malloc.o
    0x080056b2   0x00000014   Code   RO         2046    i.mymemset          malloc.o
    0x080056c6   0x00000002   PAD
    0x080056c8   0x00000038   Code   RO         2047    i.myrealloc         malloc.o
    0x08005700   0x000000f8   Code   RO          264    i.parse_string_key  user_config.o
    0x080057f8   0x000000ac   Code   RO         2485    i.print             cjson.o
    0x080058a4   0x000000b2   Code   RO         2486    i.print_array       cjson.o
    0x08005956   0x00000002   PAD
    0x08005958   0x0000012c   Code   RO          265    i.print_config      user_config.o
    0x08005a84   0x000000bc   Code   RO         2487    i.print_number      cjson.o
    0x08005b40   0x00000174   Code   RO         2488    i.print_object      cjson.o
    0x08005cb4   0x00000010   Code   RO         2489    i.print_string      cjson.o
    0x08005cc4   0x00000174   Code   RO         2490    i.print_string_ptr  cjson.o
    0x08005e38   0x00000110   Code   RO         2491    i.print_value       cjson.o
    0x08005f48   0x0000000e   Code   RO         2301    i.rbClear           ringbuffer.o
    0x08005f56   0x00000012   Code   RO         2303    i.rbInitialize      ringbuffer.o
    0x08005f68   0x00000012   Code   RO         2304    i.rbIsEmpty         ringbuffer.o
    0x08005f7a   0x0000002a   Code   RO         2306    i.rbPop             ringbuffer.o
    0x08005fa4   0x00000024   Code   RO         2307    i.rbPush            ringbuffer.o
    0x08005fc8   0x000000cc   Code   RO          266    i.read_user_configs  user_config.o
    0x08006094   0x00000140   Code   RO          267    i.read_user_one_config  user_config.o
    0x080061d4   0x00000038   Code   RO          561    i.rs485_control_pin_config  user_modbus.o
    0x0800620c   0x00000214   Code   RO          562    i.send_data_to_buffer  user_modbus.o
    0x08006420   0x00000348   Code   RO          447    i.send_response_data_to_wifi  user_usart_wifi.o
    0x08006768   0x00000006   Code   RO         2494    i.suffix_object     cjson.o
    0x0800676e   0x00000002   PAD
    0x08006770   0x00000060   Code   RO          448    i.uart_printf_array  user_usart_wifi.o
    0x080067d0   0x00000024   Code   RO         2495    i.update_offset     cjson.o
    0x080067f4   0x00000090   Code   RO          375    i.usart1_config     user_usart1.o
    0x08006884   0x0000008c   Code   RO          403    i.usart2_config     user_usart2.o
    0x08006910   0x00000090   Code   RO          423    i.usart3_config     user_usart3.o
    0x080069a0   0x00000058   Code   RO          268    i.user_config_response  user_config.o
    0x080069f8   0x0000002c   Code   RO          269    i.user_config_uart_sendbytes  user_config.o
    0x08006a24   0x0000005c   Code   RO          270    i.user_config_usart_handler  user_config.o
    0x08006a80   0x0000001c   Code   RO          271    i.user_flash_page_earse  user_config.o
    0x08006a9c   0x00000008   Code   RO          449    i.wifi_usart_begin  user_usart_wifi.o
    0x08006aa4   0x0000003c   Code   RO          450    i.wifi_usart_handler  user_usart_wifi.o
    0x08006ae0   0x0000001c   Code   RO          451    i.wifi_usart_read   user_usart_wifi.o
    0x08006afc   0x00000024   Code   RO          452    i.wifi_usart_recv_available  user_usart_wifi.o
    0x08006b20   0x00000020   Code   RO          453    i.wifi_usart_recv_handler  user_usart_wifi.o
    0x08006b40   0x00000024   Code   RO          455    i.wifi_usart_sendbytes  user_usart_wifi.o
    0x08006b64   0x0000000a   Code   RO         2139    i.word              modbus_master.o
    0x08006b6e   0x00000002   PAD
    0x08006b70   0x00000154   Code   RO          272    i.write_user_config  user_config.o
    0x08006cc4   0x00000014   Data   RO         1342    .constdata          system_stm32f10x.o
    0x08006cd8   0x00000100   Data   RO         1476    .constdata          os_core.o
    0x08006dd8   0x0000000c   Data   RO         2049    .constdata          malloc.o
    0x08006de4   0x00000020   Data   RO         3298    Region$$Table       anon$$obj.o


    Execution Region RW_IRAM1 (Base: 0x20000000, Size: 0x000048d8, Max: 0x00005000, ABSOLUTE)

    Base Addr    Size         Type   Attr      Idx    E Section Name        Object

    0x20000000   0x00000004   Data   RW           13    .data               main.o
    0x20000004   0x00000004   Data   RW          275    .data               user_config.o
    0x20000008   0x00000015   Data   RW          457    .data               user_usart_wifi.o
    0x2000001d   0x00000003   PAD
    0x20000020   0x00000004   Data   RW          564    .data               user_modbus.o
    0x20000024   0x00000014   Data   RW         1161    .data               stm32f10x_rcc.o
    0x20000038   0x00000040   Data   RW         1477    .data               os_core.o
    0x20000078   0x00000014   Data   RW         2050    .data               malloc.o
    0x2000008c   0x00000028   Data   RW         2141    .data               modbus_master.o
    0x200000b4   0x00000014   Data   RW         2498    .data               cjson.o
    0x200000c8   0x00000004   Data   RW         3257    .data               mc_w.l(stdout.o)
    0x200000cc   0x00000004   PAD
    0x200000d0   0x00000140   Zero   RW           12    .bss                main.o
    0x20000210   0x000000b0   Zero   RW          273    .bss                user_config.o
    0x200002c0   0x000000dc   Zero   RW          456    .bss                user_usart_wifi.o
    0x2000039c   0x00000014   Zero   RW          563    .bss                user_modbus.o
    0x200003b0   0x00000b08   Zero   RW         1410    .bss                app.o
    0x20000eb8   0x00000c38   Zero   RW         1475    .bss                os_core.o
    0x20001af0   0x00002a80   Zero   RW         2048    .bss                malloc.o
    0x20004570   0x000000bc   Zero   RW         2140    .bss                modbus_master.o
    0x2000462c   0x000000aa   Zero   RW         2360    .bss                trans_recieve_buff_control.o
    0x200046d6   0x00000002   PAD
    0x200046d8   0x00000200   Zero   RW            1    STACK               startup_stm32f10x_hd.o


==============================================================================

Image component sizes


      Code (inc. data)   RO Data    RW Data    ZI Data      Debug   Object Name

       458        130          0          0       2824       3144   app.o
       132         20          0          0          0       5342   bsp.o
      2372        108          0         20          0      18297   cjson.o
        44          8          0          4        320     245676   main.o
       622         72         12         20      10880       7435   malloc.o
       112         12          0          0          0        976   misc.o
      1726        146          0         40        188      11001   modbus_master.o
      2098        380        256         64       3128      23161   os_core.o
       164         32          0          0          0        336   os_cpu_a.o
       172          0          0          0          0      14350   os_cpu_c.o
      1084         68          0          0          0       3932   os_mutex.o
       760         38          0          0          0       4342   os_q.o
      1254        104          0          0          0       6512   os_task.o
       304         24          0          0          0       2048   os_time.o
       128          0          0          0          0       3466   ringbuffer.o
        48         12        304          0        512        904   startup_stm32f10x_hd.o
       360         36          0          0          0       5615   stm32f10x_flash.o
       286          0          0          0          0       2800   stm32f10x_gpio.o
        86          0          0          0          0       4929   stm32f10x_it.o
       276         32          0         20          0       4374   stm32f10x_rcc.o
       376          6          0          0          0       6519   stm32f10x_usart.o
       316         20         20          0          0       2361   system_stm32f10x.o
       192         34          0          0        170       5405   trans_recieve_buff_control.o
      2606        768          0          4        176      12893   user_config.o
       236         20          0          0          0       2097   user_flash.o
      1656        364          0          4         20       8469   user_modbus.o
        72          0          0          0          0       1646   user_usart.o
       212         10          0          0          0       3960   user_usart1.o
       174          6          0          0          0       1704   user_usart2.o
       178          6          0          0          0       1704   user_usart3.o
      4770       1664          0         21        220      13697   user_usart_wifi.o

    ----------------------------------------------------------------------
     23312       4120        624        200      18440     429095   Object Totals
         0          0         32          0          0          0   (incl. Generated)
        38          0          0          3          2          0   (incl. Padding)

    ----------------------------------------------------------------------

      Code (inc. data)   RO Data    RW Data    ZI Data      Debug   Library Member Name

         0          0          0          0          0          0   entry.o
         0          0          0          0          0          0   entry10a.o
         0          0          0          0          0          0   entry11a.o
         8          4          0          0          0          0   entry2.o
         4          0          0          0          0          0   entry5.o
         0          0          0          0          0          0   entry7b.o
         0          0          0          0          0          0   entry8b.o
         8          4          0          0          0          0   entry9a.o
        30          0          0          0          0          0   handlers.o
        36          8          0          0          0         68   init.o
         0          0          0          0          0          0   iusefp.o
        30          0          0          0          0         68   llshl.o
        36          0          0          0          0         68   llsshr.o
        32          0          0          0          0         68   llushr.o
        36          0          0          0          0         68   memcpya.o
        36          0          0          0          0        108   memseta.o
      2308         96          0          0          0        604   printfa.o
         0          0          0          4          0          0   stdout.o
        18          0          0          0          0         68   strcpy.o
        14          0          0          0          0         68   strlen.o
        24          0          0          0          0         76   strncpy.o
        44          0          0          0          0         80   uidiv.o
        98          0          0          0          0         92   uldiv.o
        48          0          0          0          0         68   cdcmple.o
        48          0          0          0          0         68   cdrcmple.o
       334          0          0          0          0        148   dadd.o
       222          0          0          0          0        100   ddiv.o
       186          0          0          0          0        176   depilogue.o
        62          0          0          0          0         80   dfixi.o
        48          0          0          0          0         68   dfixul.o
       228          0          0          0          0         96   dmul.o
        38          0          0          0          0         68   f2d.o
       124          0          0          0          0         88   fdiv.o
       110          0          0          0          0        168   fepilogue.o
        10          0          0          0          0         68   ffltui.o

    ----------------------------------------------------------------------
      4228        112          0          4          4       2632   Library Totals
         8          0          0          0          4          0   (incl. Padding)

    ----------------------------------------------------------------------

      Code (inc. data)   RO Data    RW Data    ZI Data      Debug   Library Name

      2762        112          0          4          0       1436   mc_w.l
      1458          0          0          0          0       1196   mf_w.l

    ----------------------------------------------------------------------
      4228        112          0          4          4       2632   Library Totals

    ----------------------------------------------------------------------

==============================================================================


      Code (inc. data)   RO Data    RW Data    ZI Data      Debug   

     27540       4232        624        204      18444     420439   Grand Totals
     27540       4232        624        204      18444     420439   ELF Image Totals
     27540       4232        624        204          0          0   ROM Totals

==============================================================================

    Total RO  Size (Code + RO Data)                28164 (  27.50kB)
    Total RW  Size (RW Data + ZI Data)             18648 (  18.21kB)
    Total ROM Size (Code + RO Data + RW Data)      28368 (  27.70kB)

==============================================================================

