C51 COMPILER V9.52.0.0   BEEP                                                              08/21/2017 17:41:54 PAGE 1   


C51 COMPILER V9.52.0.0, COMPILATION OF MODULE BEEP
OBJECT MODULE PLACED IN .\Objects\beep.obj
COMPILER INVOKED BY: C:\Keil_v5\C51\BIN\C51.EXE USER\BEEP\beep.c OPTIMIZE(8,SPEED) BROWSE INCDIR(.\USER\IIC;.\USER\UART;
                    -.\USER\TM1618;.\USER\Sensor;.\USER;.\USER\PWM;.\USER\DC_MOTOR;.\USER\timer;.\USER\inc;.\USER\EXINT;.\USER\touch_key;.\US
                    -ER\SYS_RUN;.\USER\step_motor;.\USER\BEEP) DEBUG OBJECTEXTEND PRINT(.\Listings\beep.lst) TABS(2) OBJECT(.\Objects\beep.ob
                    -j)

line level    source

   1          #include "beep.h"


MODULE INFORMATION:   STATIC OVERLAYABLE
   CODE SIZE        =   ----    ----
   CONSTANT SIZE    =   ----    ----
   XDATA SIZE       =   ----    ----
   PDATA SIZE       =   ----    ----
   DATA SIZE        =   ----    ----
   IDATA SIZE       =   ----    ----
   BIT SIZE         =   ----    ----
END OF MODULE INFORMATION.


C51 COMPILATION COMPLETE.  0 WARNING(S),  0 ERROR(S)
